ANSI-TEST

P:57001

P:57002

P:57003

P:57120

P:57200

P:57300

P:3001

P:3002

P:3003

P:3004

P:3005

P:3091

P:3092

P:3110

P:3111

P:3093

P:3094

P:3095

P:3096

P:3097

P:1399

P:1401

P:1402

P:1403

P:1404

P:1405

P:1410

P:1411

P:1412

P:1413

P:1415

P:1416

P:1417

P:1418

P:1420

P:1421

P:1425

P:1426

P:1427

P:1428

P:1428

P:1429

P:1429

P:1430

P:1431

P:1433

P:1434

P:1435

P:1436

P:1440

P:1441

P:1442

P:1443

P:1501

P:1502

P:1503

P:1504

P:1505

P:1510

P:1511

P:1512

P:1520

P:1521

P:1530

P:1531

P:1532

P:1540

P:1541

P:1542

P:1543

P:1550

P:1551

P:1552

P:1560

P:1561

P:1562

P:1570

P:1571

P:1200

P:1201

P:1202

P:1203

P:1204

P:1205

P:1210

P:1211

P:1212

P:1220

P:1221

P:1222

P:1223

P:1230

P:1231

P:1232

P:1235

P:1236

P:1237

P:1240

P:1241

P:1242

P:1243

P:1250

P:1251

P:1252

P:1255

P:1256

P:1257

P:1260

P:1261

P:1262

P:1265

P:1266

P:1267

P:1270

P:1271

P:1272

P:1275

P:1276

P:1280

P:1281

P:1282

P:1300

P:1301

P:1302

P:1305

P:1306

P:1307

P:1310

P:1311

P:1312

P:1315

P:1316

P:1317

P:1318

P:1320

P:1321

P:500

P:501

P:502

P:503

P:510

P:511

P:515

P:516

P:520

P:521

P:522

P:530

P:531

P:532

P:533

P:534

P:540

P:541

P:542

P:543

P:544

P:550

P:551

P:552

P:553

P:600

P:601

P:602

P:610

P:611

P:620

P:625

P:650

P:651

P:670

P:671

P:672

P:700

P:701

P:702

P:710

P:711

P:712

P:713

P:1000

P:1001

P:1002

P:1010

P:1011

P:1700

P:1701

P:1702

P:1703

P:1704

P:1710

P:1711

P:1712

P:1720

P:1721

P:1722

P:1800

P:1801

P:1802

P:1810

P:1811

P:1812

P:1900

P:1901

P:1910

P:1915

P:2000

P:2099

P:2098

P:2001

P:2002

P:2010

P:2011

P:2012

P:2020

P:2021

P:2022

P:2030

P:2031

P:2040

P:2041

P:2050

P:2060

P:2070

P:2080

P:750

P:751

P:752

P:753

P:754

P:755

P:2100

P:2101

P:2102

P:2110

P:2111

P:2120

P:2121

P:2130

P:2131

P:2132

P:2150

P:2151

P:2160

P:2161

P:2162

P:2170

P:2171

P:2180

P:2250

P:2251

P:2260

P:2261

P:2262

P:2263

P:2270

P:2271

P:2275

P:2280

P:2281

P:2300

P:2301

P:2302
T:2300

P:2300
T:2301

P:2301
T:2302

P:2302
T:2380

P:2380
T:2381

P:2381
T:2382

P:2382
T:2383

P:2383
T:2384

P:2384
T:2385

P:2385
T:2386

P:2386
T:2387

P:2387
T:2388

P:2388
T:3900

P:3900
T:3901

P:3901
T:3902

P:3902
T:3903

P:3903
T:3904

P:3904
T:3905

P:3905
T:3906

P:3906
T:3907

P:3907
T:3908

P:3908
T:3909

P:3909
T:3910

P:3910
T:3911

P:3911
T:3912

P:3912
T:3913

P:3913
T:3914

P:3914
T:3915

P:3915
T:3916

P:3916
T:3917

P:3917
T:3918

P:3918
T:3919

P:3919
T:3920

P:3920
T:3921

P:3921
T:3922

P:3922
T:3923

P:3923
T:3924

P:3924
T:3925

P:3925
T:3926

P:3926
hello
P:2200
42
P:2201
42
P:2202
1 2 3
P:2203
(1 . 2)
P:2204
NIL
P:2205


P:2206
T:2210

P:2210
T:2211

P:2211
T:2212

P:2212

P:2400

P:2401

P:2402

P:2403

P:2450

FAIL 2700

P:2701

FAIL 2702

P:2703

P:2710

P:2711

P:2712

P:2713

P:2714

P:2600

P:2601

P:2610

P:2620

P:2621

P:2630

P:2631

P:2500

P:2501

P:2502

P:2503

P:2504

P:2400

P:2402

P:2403

P:2404
T:99999

P:99999

P:2405

P:2406

P:NIL

P:2407

P:2408

P:2409

P:2410

P:2411

P:2412

P:2413

P:2416

P:8240

P:8241

P:8242

P:8243

P:8244

P:8245

P:8246

P:8247

P:8248

P:8249

P:8250

P:8251

P:8252

P:8253

P:8254

P:8255

P:8320

P:8321

P:8327

P:8328

P:8329

P:8330

P:8331

P:8332

P:8333

P:8334

P:8335

P:8336

P:8337

P:8338

P:8339

P:8340

P:8341

P:8342

P:8343

P:8344

P:8322

P:8323

P:8324

P:8325

P:8326

P:8180

P:8181

P:8182

P:8183

P:8184

P:8185

P:8186

P:8420

P:8427

P:8428

P:8429
T:8401

P:8401
T:8402

P:8402
T:8300

P:8300
T:8301

P:8301
T:8302

P:8302
T:8303

P:8303
T:8304

P:8304
T:8305

P:8305
T:8306

P:8306
T:8307

P:8307
T:8308

P:8308
T:8309

P:8309
T:8310

P:8310
T:8311

P:8311
T:8312

P:8312

P:9000

P:9001

P:8780

P:8781

P:8782

P:8783

P:8784

P:8640

P:8641

P:8642

P:8643

P:8644

P:8645

P:8646

P:8690

P:8692

P:8697

P:8698

P:8699

P:8684

P:8685

P:8686

P:8687

P:8679

P:8681

P:8682

P:8683

P:8694

P:8696

P:8660

FAIL 8661

P:8662

P:8663

P:8700

P:8701

P:8710

P:8711

P:8713

P:8714

P:8716

P:8980

P:8981

P:9700

P:9701

P:9702

P:9703

P:9704

P:9705

P:9706

P:9707

P:9708

P:9709

P:9710

P:9711

P:9712

P:9713

P:9714

P:9715

P:9716

P:9717

P:9718

P:9719

P:9720

P:9721

P:9722

P:9723

P:9724

P:9725

P:9726

P:9727

P:9728

P:9729

P:9730

P:9731

P:9732

P:9733

P:9287

P:9288

P:9289

P:9290

P:9291

P:9292

P:9293

P:9294

P:8840

P:8841

P:8842

P:8843

P:8844

P:8845

P:8846

P:8847

P:8848

P:8849

P:8850

P:8851

P:8852

P:8853

P:8854

P:8855

P:8856

P:8857

P:8858

P:8859

P:8860

P:8861

P:8862

P:8863

P:9752

P:9760

P:9761

P:9762

FAIL 9763

P:9010

P:9020

P:9030

P:9031

P:9032

P:9033

P:9034

P:9035

P:9036

P:9037

P:9038

P:9901

P:9902

P:9903

P:9904

P:9905

P:9906

P:9907

P:9910

P:9911

P:9912

P:9920

P:9921

P:9922

P:9930

P:9931

P:9932

P:9933

P:9934
T:9935

P:9935

P:9936

P:9937

P:9938

P:9939

P:9980

P:9981

P:9982

P:9983

P:9940

P:9941

P:9942

P:9943

P:9944

P:9945

P:9946

P:9947

P:9948

P:9949

P:9950

P:9951

P:9952

FAIL 9960

P:9961

P:9962

P:9963

P:9964

P:9970

P:9971

P:9972

P:9480

P:9481

P:9482

P:9483

P:9484

P:9485

P:9486

P:9487

P:9488

P:9489

P:9801

P:9802

P:9803

P:9804

P:9811

P:9812

P:9813

P:9814

P:9815

P:9820

P:9821

P:9822

P:9823

P:9824

P:9831

P:9837

P:9838

P:9835

P:9836

P:9980

P:9982

P:9983

P:9997

P:9984

P:9985

P:9986

P:9987

P:9988

P:9989

P:9990

P:9991

P:9992

P:9993

P:9994

P:8720

P:8721

P:8722

P:9996

P:9998

P:9999

P:8620

P:8621

P:8622

P:8623

P:8624

P:8625

P:8626

P:8627

P:8628

P:8629

P:8640

P:8641

P:8642

P:8643

P:8650

P:8651

P:8652

P:8653
T:9560

P:9560
T:9561

P:9561
T:9565

P:9565
T:9566

P:9566
T:9562

P:9562
T:9563

P:9563
T:9564

P:9564
T:9570

P:9570
T:9571

P:9571
T:9572

P:9572
T:9574

P:9574
T:9575

P:9575
T:9573

FAIL 9573 GOT:(NIL A NIL) EXP:(0 A A)
T:9120

P:9120
T:9121

P:9121
T:9122

P:9122
T:9123

P:9123
T:9124

P:9124
T:9040

P:9040
T:9041

P:9041
T:9042

P:9042
T:9043

P:9043
T:9044

P:9044
T:9045

P:9045
T:9046

P:9046
T:9047

P:9047
T:9048

P:9048
T:9049

P:9049
T:9050

P:9050
T:9051

P:9051
T:9052

P:9052
T:9053

FAIL 9053 GOT:"X" EXP:T
T:9054

P:9054
T:9055

P:9055
T:9056

P:9056
T:9057

P:9057
  WARN: implicit global *READTABLE*
T:9520

P:9520
T:9521

P:9521
T:9522

P:9522
T:9524

P:9524
T:9526

FAIL 9526 GOT:NIL EXP:GOOD
T:9525

P:9525
T:9523

FAIL 9523 GOT:CRASHED EXP:GOOD
  WARN: implicit global *CATCH-ACTIVE*
  WARN: implicit global *CURRENT-CONDITION*
T:8440

P:8440
  WARN: implicit global *CATCH-ACTIVE*
  WARN: implicit global *CURRENT-CONDITION*
T:8441

P:8441
  WARN: implicit global *CATCH-ACTIVE*
  WARN: implicit global *CURRENT-CONDITION*
T:8442

P:8442
  WARN: implicit global *CURRENT-CONDITION*
  WARN: implicit global *CATCH-ACTIVE*
  WARN: implicit global *CATCH-TAG*
  WARN: implicit global *CATCH-VALUE*
  WARN: implicit global *CATCH-ACTIVE*
  WARN: implicit global *CURRENT-CONDITION*
T:8443

P:8443
T:8444

P:8444
T:8445

P:8445
  WARN: implicit global *CATCH-ACTIVE*
  WARN: implicit global *CURRENT-CONDITION*
T:8446

P:8446
T:8447

P:8447
  WARN: implicit global *CATCH-ACTIVE*
  WARN: implicit global *CURRENT-CONDITION*
T:8500

P:8500
  WARN: implicit global *CATCH-ACTIVE*
  WARN: implicit global *CURRENT-CONDITION*
T:8501

P:8501
  WARN: cannot compile #<?>, using nil
  WARN: cannot compile #<?>, using nil
  WARN: implicit global setq *CATCH-TAG*
  WARN: implicit global setq *CATCH-VALUE*
  WARN: implicit global setq *CATCH-ACTIVE*
  WARN: implicit global *CURRENT-CONDITION*
T:8502

P:8502
  WARN: implicit global *CATCH-ACTIVE*
  WARN: implicit global *CURRENT-CONDITION*
T:8503

P:8503
  WARN: implicit global *CATCH-ACTIVE*
  WARN: implicit global *CURRENT-CONDITION*
T:8504

P:8504
T:9539

P:9539
T:9160

P:9160
T:9161

P:9161
T:9162

P:9162
T:9163

P:9163
T:9164

P:9164
T:9165

P:9165
T:9166

P:9166
T:9167

P:9167
T:9168

P:9168
T:9169

P:9169
T:8880

P:8880
T:8881

P:8881
T:8882

P:8882
T:8883

P:8883
T:8884

P:8884
T:8887

P:8887
T:8820

P:8820
T:8821

P:8821
T:8822

P:8822
T:8823

P:8823
T:8824

P:8824
T:8260

P:8260
T:8261

P:8261
T:8262

P:8262
T:8263

P:8263
T:8264

P:8264
T:8265

P:8265
T:8266

P:8266
T:8267

P:8267
T:8270

P:8270
T:8271

P:8271
T:8272

P:8272
T:8273

P:8273
T:8275

P:8275
T:8200

P:8200
T:8201

P:8201
T:8202

P:8202
T:8203

P:8203
T:8204

P:8204
T:8205

P:8205
T:8206

P:8206
T:8207

P:8207
T:9180

P:9180
T:9181

P:9181
T:9182

P:9182
T:9183

P:9183
T:9184

P:9184
T:9185

P:9185
T:9186

P:9186
T:9187

P:9187
T:9188

P:9188
T:9189

P:9189
T:9190

P:9190
T:9191

P:9191
T:9192

P:9192
T:9193

P:9193
T:9194

P:9194
T:9195

P:9195
T:9196

P:9196
T:9197

P:9197
T:9198

P:9198
T:9199

P:9199
T:9200

P:9200
T:9201

P:9201
T:9202

P:9202
T:9203

P:9203
T:9204

P:9204
T:9205

P:9205
T:9206

P:9206
T:9207

P:9207
T:9208

P:9208
T:9209

P:9209
T:9210

FAIL 9210 GOT:(QUOTE X) EXP:(QUOTE X)
T:9211

FAIL 9211 GOT:BACKQUOTE EXP:QUASIQUOTE
T:9212

P:9212
T:9213

FAIL 9213 GOT:(A (B C) D) EXP:(A (B C) D)
T:9214

P:9214
T:9215

P:9215
T:9216

P:9216
T:9217

P:9217
T:9218

P:9218
T:9219

P:9219
T:9220

P:9220
T:9221

P:9221
T:9222

P:9222
T:9223

P:9223
T:9224

P:9224
T:9225

P:9225
T:9226

P:9226
T:9227

P:9227
T:9228

P:9228
T:9229

P:9229
T:9230

P:9230
T:9231

P:9231
T:9232

P:9232
T:9233

P:9233
T:9234

P:9234
T:9235

P:9235
T:9236

P:9236
T:9237

P:9237
T:9238

P:9238
T:9239

P:9239
T:9240

P:9240
T:9241

P:9241
T:9242

P:9242
T:9243

P:9243
T:9244

P:9244
T:9245

P:9245
T:9246

P:9246
T:9247

P:9247
T:9248

P:9248
T:9249

P:9249
T:9250

P:9250
T:9251

P:9251
T:9252

P:9252
T:9253

P:9253
T:9254

P:9254
T:9255

P:9255
T:9256

P:9256
T:9257

P:9257
T:9258

P:9258
T:9259

P:9259
T:9260

FAIL 9260 GOT:NIL EXP:GOOD
T:9261

FAIL 9261 GOT:NIL EXP:GOOD
T:9262

FAIL 9262 GOT:NIL EXP:1
T:9263

FAIL 9263 GOT:NIL EXP:2
T:9264

P:9264
T:9265

P:9265
T:9266

P:9266
T:9267

FAIL 9267 GOT:NIL EXP:(T aZ)
T:9268

FAIL 9268 GOT:NIL EXP:GOOD
T:9540

P:9540
T:9541

P:9541
T:9542

P:9542

T:9543

P:9543
T:9544

P:9544
T:9545

P:9545
T:9546

P:9546
T:9200

P:9200
T:9204

P:9204
T:9205

P:9205
T:9210

P:9210
T:9211

P:9211
T:9232

P:9232
T:9233

P:9233
T:9234

P:9234
T:9237

P:9237
T:9213

P:9213
T:9214

P:9214
T:9215

P:9215
T:9206

P:9206
T:9207

P:9207
T:9208

P:9208
T:9260

P:9260
T:9261

P:9261
T:9262

P:9262
T:9263

P:9263
T:9264

P:9264
T:9265

P:9265
T:9266

P:9266
T:9267

P:9267

P:5001

P:5002

P:5010

P:5011

P:5012

P:5013

P:5014

P:5020

P:5021

P:5022

P:5030

P:5031

P:5040

P:5041

P:5042

P:5050

P:5051

P:5060

P:5061

P:5062

P:5070

P:5071

P:5072

P:5080

P:5081

P:5090

P:5095

P:5100

P:5110

P:5120

P:5125

P:5130

P:5140

P:5141

P:5142

P:5143

P:5150

P:5151

P:5160

P:5170

P:5171

P:5180

P:5190

P:5200

P:5210

P:5220

P:5230

P:5231

P:5240

P:5241

P:5250

P:5260

P:5270

P:5271

P:5500

P:5501

P:5502

P:5510

P:5511

P:5512

P:5513

P:5514

P:5520

P:5521

P:5522

P:5523

P:5524

P:5525

P:5530

P:5531

P:5540

P:5541

P:5542

P:5550

P:5551

P:5560

P:5561

P:5570

P:5571

P:5572

P:5580

P:5581

P:5582

P:5583

P:5590

P:5591

P:5592

P:5593

P:5594

P:5595

P:5600

P:5601

P:5602

P:5603

P:5604

P:5605

P:5606

P:5607

P:5608

P:5609

P:56200

P:56201

P:56202

P:56203

P:56204

P:56250

P:56260

P:56261

P:56262

P:56263

P:56264

P:56265

P:56266
OPEN-OK;
P:56300
READ-OK;
P:56301
EVAL-LITERAL-OK;
P:56302
S4A-CALL;S4A-OK;
P:56303
READ-CAR=WRITE-STRING-SERIAL;PROBE-1-LOADED;S4B-OK;
P:56304
S5-EVAL-LIST=OK;
P:56305
S6-FORMAT=X=42;
P:56306
BEFORE-LOAD;AFTER-LOAD;BOUNDP=T;VAL=X=42;
P:56307
SUITE-WROTE;F1-OP=DEFVAR;F1-OK;F2-OP=DEFUN;  WARN: implicit global *PROBE-SUITE-ENTRIES*
F2-OK;F3-OP=DEFMACRO;F3-OK;F4-OP=PROBE-DEFTEST;F4-OK;F5-OP=PROBE-DEFTEST;F5-OK;ALL-FORMS-OK;ENTRIES-BOUND=T;
P:56308

P:56309

P:56310

P:56311

P:56312

P:56320

FAIL 56321

P:56322

P:56323

P:56324
CL-EXTERNAL-COUNT=978;
P:56330
FIND-CAR=EXTERNAL;
P:56331
DES-COUNT=978;
P:56332

P:56333

P:56334

P:56400

P:56401

P:56402

P:56403

P:56404

P:56405

P:56406

P:56407

P:56410

P:56411

P:56412

P:56413

P:56414

P:56415

P:56420

P:56421

P:56422

P:56423

P:56424

P:56430

FAIL 56431

P:56432

FAIL 56433

FAIL 56434

FAIL 56435

P:56440

P:56441

P:56442

P:56443

P:56444

P:56445

P:56446

P:56447

P:56450

P:56448

P:56449

P:56451

P:56460

P:56461

P:56462

P:56463

P:56464

P:56470

P:56471

P:56472

P:56473

P:56474

P:56475

P:56476

FAIL 56480

FAIL 56481

FAIL 56482

FAIL 56483

FAIL 56484

FILE-READ:(A B C)

FAIL 56485

FAIL 56486

FAIL 56487

FAIL 56488

P:56490

FAIL 56491

FAIL 56492

FAIL 56493

P:5610

P:5611

P:5615

P:5620

P:5621

P:5622

P:5623

P:5624

P:5630

P:5631

FAIL 5640

P:5690

P:5691

P:5692

P:5693

ANSI-TOTAL=17625
T:21625

P:21625
T:21626

P:21626
T:21627

P:21627
T:21628

P:21628
T:21629

P:21629
T:21630

P:21630
T:21631

P:21631
T:21632

P:21632
T:21633

P:21633
T:21634

P:21634
T:21635

P:21635
T:21636

P:21636
T:21637

P:21637
T:21638

P:21638
T:21639

P:21639
T:21640

P:21640
T:21641

FAIL 21641 GOT:(A B C D) EXP:(A B 1 2 3 C D 4 5 6)
T:21642

P:21642
T:21643

P:21643
T:21644

P:21644
T:21645

P:21645
T:21646

P:21646
T:21647

P:21647
T:21648

P:21648
T:21649

P:21649
T:21650

FAIL 21650 GOT:(A B C D) EXP:(A B 1 2 3 C D 4 5 6)
T:21651

P:21651
T:21652

P:21652
T:21653

P:21653
T:21654

P:21654
T:21655

FAIL 21655 GOT:(1) EXP:(1 3 4 5 7 8 9)
T:21656

FAIL 21656 GOT:(5 4 3 1 7 8 9) EXP:(1 3 4 5 7 8 9)
T:21657

P:21657
T:21658

P:21658
T:21659

P:21659
T:21660

P:21660
T:21661

P:21661
T:21662

P:21662
T:21663

FAIL 21663 GOT:("(FOO BAR)" "(FOO BAR)" "(FOO BAR)") EXP:("(FOO BAR)" "#.'(FOO BAR)" "(FOO BAR)")
T:21664

FAIL 21664 GOT:("(FOO BAR)" "(FOO BAR)" "(FOO BAR)") EXP:("(FOO BAR)" "#.'(FOO BAR)" "(FOO BAR)")
T:21665

FAIL 21665 GOT:("(FOO BAR)" "(FOO BAR)" "(FOO BAR)") EXP:("(FOO BAR)" "#.'(FOO BAR)" "(FOO BAR)")
T:21666

FAIL 21666 GOT:("(FOO BAR)" "(FOO BAR)" "(FOO BAR)") EXP:("(FOO BAR)" "#.'(FOO BAR)" "(FOO BAR)")
T:21667

P:21667
T:21668

P:21668
T:21669

P:21669
T:21670

P:21670
T:21671

FAIL 21671 GOT:NIL EXP:T
T:21672

P:21672
T:21673

P:21673
T:21674

FAIL 21674 GOT:("X" NIL "X" NIL "X") EXP:("X" NIL "ABC" NIL "X")
T:21675

FAIL 21675 GOT:(0 1 -1 100 -100 1.000000 -1.000000 0.500000) EXP:NIL
T:21676

FAIL 21676 GOT:(0 1 -1 100 -100 1.000000 -1.000000 0.500000) EXP:NIL
T:21677

FAIL 21677 GOT:("X" NIL "X" "X" NIL "X" NIL "X") EXP:("X" NIL "X" "ABC" NIL "ABC" NIL "X")
T:21678

FAIL 21678 GOT:("X" NIL "X" NIL "X" "Y") EXP:("X" NIL "ABC" NIL "DEF" "DEF")
T:21679

FAIL 21679 GOT:("X" NIL "X" NIL "X" "Y") EXP:("X" NIL "ABC" NIL "ABC" "DEF")
T:21680

FAIL 21680 GOT:("X" (NIL) "X" (NIL) "X") EXP:("X" (NIL) "ABC" (NIL) "DEF")
T:21681

P:21681
T:21682

FAIL 21682 GOT:NIL EXP:T
T:21683

P:21683
T:21684

P:21684
T:21685

FAIL 21685 GOT:NIL EXP:T
T:21686

P:21686
T:21687

P:21687
T:21688

P:21688
T:21689

P:21689
 . 2T:21690

FAIL 21690 GOT:"1 " EXP:"1 . 2"
[ . 2]T:21691

FAIL 21691 GOT:"1 " EXP:"[1 . 2]"
...T:21692

FAIL 21692 GOT:"" EXP:"..."
T:21693

FAIL 21693 GOT:"" EXP:"1"
T:21694

P:21694
{...}T:21695

FAIL 21695 GOT:"" EXP:"{...}"
{...}{...}{...}{...}{...}{}{}T:21696

FAIL 21696 GOT:("" "1" "1
2" "1
2
3" "1
2
3
4" "1
2
3
4
5" "1
2
3
4
5") EXP:("{...}" "{1 ...}" "{1 2 ...}" "{1 2 3 ...}" "{1 2 3 4 ...}" "{1 2 3 4 5}" "{1 2 3 4 5}")
{...}{...}{...}{ . 3}{ . 3}T:21697

FAIL 21697 GOT:("" "1" "1
2" "1
2
" "1
2
") EXP:("{...}" "{1 ...}" "{1 2 . 3}" "{1 2 . 3}" "{1 2 . 3}")
<><...><...><...><><>T:21698

FAIL 21698 GOT:("(1)
2
1" "" "(1)" "(1)
2" "(1)
2
1" "(1)
2
1") EXP:("<#1=(1) 2 . #1#>" "<...>" "<(1) ...>" "<(1) 2 ...>" "<#1=(1) 2 . #1#>" "<#1=(1) 2 . #1#>")
[[...]][[...]][[...]][[...]][[...]][[...]]T:21699

FAIL 21699 GOT:("" "1" "1
2" "1
2
2" "1
2
2
2
2
2
2
2
2
2" "1
2
2
2
2
2
2
2
2
2
2
2
2
2
2
2
2
2
2
2") EXP:("[[...]]" "[[1 ...]]" "[[1 2 ...]]" "[[1 . #1=(2 . #1#)]]" "[[1 . #1=(2 . #1#)]]" "[[1 . #1=(2 . #1#)]]")
{}{...}{}{}{}{}T:21700

FAIL 21700 GOT:("1
2
3" "" "1
2
3" "1
2
3" "1
2
3" "1
2
3") EXP:("{1 2 3}" "{...}" "{1 ...}" "{1 2 ...}" "{1 2 3}" "{1 2 3}")
T:21701

FAIL 21701 GOT:NIL EXP:T
T:21702

FAIL 21702 GOT:NIL EXP:T
T:21703

FAIL 21703 GOT:NIL EXP:T
T:21704

FAIL 21704 GOT:NIL EXP:T
T:21705

P:21705
T:21706

P:21706
T:21707

FAIL 21707 GOT:"1 2 3" EXP:"(1 2 3)"
T:21708

FAIL 21708 GOT:"1 2 3" EXP:"(1 2 3)"
T:21709

FAIL 21709 GOT:((1 (BAD2 "
M M M M M M M M M M")) (2 (BAD2 "
M M M M M M M M M M")) (3 (BAD2 "
M M M M M M M M M M")) (4 (BAD2 "
M M M M M M M M M M")) (5 (BAD2 "
M M M M M M M M M M")) (6 (BAD2 "
M M M M M M M M M M")) (7 (BAD2 "
M M M M M M M M M M")) (8 (BAD2 "
M M M M M M M M M M")) (9 (BAD2 "
M M M M M M M M M M")) (10 (BAD2 "
M M M M M M M M M M"))) EXP:NIL
T:21710

FAIL 21710 GOT:((1 (BAD2 "
M M M M M M M M M M M")) (2 (BAD2 "
M M M M M M M M M M M")) (3 (BAD2 "
M M M M M M M M M M M")) (4 (BAD2 "
M M M M M M M M M M M")) (5 (BAD2 "
M M M M M M M M M M M")) (6 (BAD2 "
M M M M M M M M M M M")) (7 (BAD2 "
M M M M M M M M M M M")) (8 (BAD2 "
M M M M M M M M M M M")) (9 (BAD2 "
M M M M M M M M M M M")) (10 (BAD2 "
M M M M M M M M M M M"))) EXP:NIL
T:21711

P:21711

FAIL 21712
  COND:#(TYPE-ERROR NIL)
T:21713

P:21713
T:21714

P:21714
T:21715

FAIL 21715 GOT:NIL EXP:T
T:21716

P:21716
T:21717

P:21717
T:21718

P:21718
T:21719

P:21719
T:21720

P:21720
T:21721

P:21721
T:21722

P:21722
T:21723

P:21723
T:21724

FAIL 21724 GOT:"M
M" EXP:"M
    M"
T:21725

FAIL 21725 GOT:"(M
M)" EXP:"(M
   M)"
T:21726

FAIL 21726 GOT:"(M
M)" EXP:"(M
 M)"
T:21727

P:21727
T:21728

P:21728
T:21729

FAIL 21729 GOT:"(MMM
MMMMM)" EXP:"(MMM
 MMMMM)"
T:21730

FAIL 21730 GOT:"MMM
MMMMM" EXP:"MMM
 MMMMM"
T:21731

P:21731
T:21732

FAIL 21732 GOT:(3.000000 3.000000 3.000000 3.000000) EXP:NIL
T:21733

P:21733
T:21734

P:21734
T:21735

FAIL 21735 GOT:">>>>M M
M" EXP:">>>>M M
>>>>  M"
T:21736

FAIL 21736 GOT:">>>>M
M" EXP:">>>>M
>>>>M"
T:21737

FAIL 21737 GOT:">>>>M
M
M
M" EXP:">>>>M
>>>>   M
>>>>  M
>>>>M"
T:21738

FAIL 21738 GOT:"(1
2
3)" EXP:"(1
 2
 3)"
T:21739

FAIL 21739 GOT:"1
2
3
4" EXP:"1
2
3
  4"
T:21740

P:21740
T:21741

P:21741
T:21742

FAIL 21742 GOT:NIL EXP:T
T:21743

P:21743
T:21744

P:21744
T:21745

P:21745
T:21746

P:21746
T:21747

FAIL 21747 GOT:"1 2 3" EXP:"(1 2 3)"
T:21748

FAIL 21748 GOT:"1 2 3" EXP:"(1 2 3)"
T:21749

FAIL 21749 GOT:((1 (BAD2 "
M M M M M M M M M M")) (2 (BAD2 "
M M M M M M M M M M")) (3 (BAD2 "
M M M M M M M M M M")) (4 (BAD2 "
M M M M M M M M M M")) (5 (BAD2 "
M M M M M M M M M M")) (6 (BAD2 "
M M M M M M M M M M")) (7 (BAD2 "
M M M M M M M M M M")) (8 (BAD2 "
M M M M M M M M M M")) (9 (BAD2 "
M M M M M M M M M M")) (10 (BAD2 "
M M M M M M M M M M"))) EXP:NIL
T:21750

FAIL 21750 GOT:((1 (BAD2 "
M M M M M M M M M M M")) (2 (BAD2 "
M M M M M M M M M M M")) (3 (BAD2 "
M M M M M M M M M M M")) (4 (BAD2 "
M M M M M M M M M M M")) (5 (BAD2 "
M M M M M M M M M M M")) (6 (BAD2 "
M M M M M M M M M M M")) (7 (BAD2 "
M M M M M M M M M M M")) (8 (BAD2 "
M M M M M M M M M M M")) (9 (BAD2 "
M M M M M M M M M M M")) (10 (BAD2 "
M M M M M M M M M M M"))) EXP:NIL
T:21751

P:21751
T:21752

P:21752
T:21753

FAIL 21753 GOT:NIL EXP:T
T:21754

FAIL 21754 GOT:((NIL)) EXP:((NIL) "1")
T:21755

P:21755
T:21756

P:21756
T:21757

P:21757
T:21758

P:21758
T:21759

P:21759
T:21760

P:21760
T:21761

P:21761
T:21762

P:21762
T:21763

P:21763
T:21764

P:21764
T:21765

FAIL 21765 GOT:"abcd1

2
3" EXP:"abcd1
abcd
abcd2
abcd3"
T:21766

P:21766
T:21767

P:21767
T:21768

P:21768
T:21769

P:21769
T:21770

FAIL 21770 GOT:"((8) (8))" EXP:"(#1=(8) #1#)"
T:21771

P:21771
T:21772

P:21772
T:21773

P:21773
T:21774

P:21774
T:21775

P:21775
T:21776

P:21776
T:21777

P:21777
T:21778

P:21778
T:21779

FAIL 21779 GOT:"A 
A 
A 
A 
A 
A 
A 
A 
" EXP:"A A A A A
A A A "
T:21780

FAIL 21780 GOT:"A 
A 
A 
A 
A 
A 
A 
A 
" EXP:"A A A A A
A A A "
T:21781

FAIL 21781 GOT:"A 
A 
A 
A 
A 
A 
A 
A 
" EXP:"A A A A A
A A A "
T:21782

FAIL 21782 GOT:"A 
A 
A 
A 
A 
" EXP:"A A A A A "
T:21783

FAIL 21783 GOT:"A 
A 
A 
A 
A 
" EXP:"A A A A A "
T:21784

FAIL 21784 GOT:"A 
A 
A 
A 
A 
" EXP:"A A A A A "
T:21785

FAIL 21785 GOT:"A 
A 
A 
A 
A 
" EXP:"A A A A A "
T:21786

FAIL 21786 GOT:"A 
A 
A 
A 
A 
" EXP:"A A A A A "
T:21787

P:21787
T:21788

P:21788
T:21789

P:21789

T:21790

FAIL 21790 GOT:NIL EXP:T
T:21791

FAIL 21791 GOT:"A   B" EXP:"AB"
T:21792

FAIL 21792 GOT:"A   B" EXP:"AB"
T:21793

FAIL 21793 GOT:"A   B" EXP:"AB"
T:21794

FAIL 21794 GOT:"A   B" EXP:"AB"
T:21795

FAIL 21795 GOT:"A B" EXP:"A         B"
T:21796

FAIL 21796 GOT:((20 95 10 95 30 "                              A") (44 87 2 87 46 "                                              A") (59 18 43 61 102 "                                                                                                      A") (70 97 22 97 92 "                                                                                            A") (69 12 35 82 104 "                                                                                                        A") (20 47 8 47 28 "                            A") (4 95 26 95 30 "                              A") (95 98 33 98 128 "                                                                                                                                A") (78 77 6 83 84 "                                                                                    A") (33 56 3 56 36 "                                    A") (57 8 3 59 60 "                                                            A") (49 48 13 61 62 "                                                              A") (61 52 11 63 72 "                                                                        A") (89 28 25 103 114 "                                                                                                                  A") (77 12 37 86 114 "                                                                                                                  A") (89 4 15 94 104 "                                                                                                        A") (97 84 25 109 122 "                                                                                                                          A") (61 72 15 72 76 "                                                                            A") (57 80 27 80 84 "                                                                                    A") (20 87 6 87 26 "                          A") (24 3 36 39 60 "                                                            A") (51 14 17 65 68 "                                                                    A") (35 62 25 62 60 "                                                            A") (98 5 28 117 126 "                                                                                                                              A") (74 53 34 87 108 "                                                                                                            A") ...) EXP:NIL
T:21797

FAIL 21797 GOT:((0 33 2 56 25 "                         A") (6 35 10 36 17 "                 A") (48 23 18 84 91 "                                                                                           A") (1 6 7 38 40 "                                        A") (12 47 30 62 57 "                                                         A") (8 15 30 34 57 "                                                         A") (9 36 7 56 36 "                                    A") (2 27 10 30 15 "               A") (24 9 48 72 87 "                                                                                       A") (6 29 30 64 71 "                                                                       A") (40 21 4 90 93 "                                                                                             A") (28 7 10 82 83 "                                                                                   A") (1 34 19 38 24 "                        A") (14 13 2 60 61 "                                                             A") (12 25 36 70 93 "                                                                                             A") (14 5 26 52 61 "                                                             A") (12 11 14 44 45 "                                             A") (17 38 49 62 90 "                                                                                          A") (23 30 17 62 72 "                                                                        A") (27 8 11 74 82 "                                                                                  A") (1 18 39 44 66 "                                                                  A") (35 24 31 91 102 "                                                                                                      A") (48 31 22 66 83 "                                                                                   A") (2 23 28 30 37 "                                     A") (5 6 9 10 18 "                  A") ...) EXP:NIL
T:21798

FAIL 21798 GOT:((75 2 22 88 97 "                                                                                                 A") (15 2 2 18 17 "                 A") (63 90 2 154 65 "                                                                 A") (3 62 46 92 49 "                                                 A") (74 29 3 105 77 "                                                                             A") (77 12 6 90 83 "                                                                                   A") (89 96 22 198 111 "                                                                                                               A") (1 20 42 42 43 "                                           A") (32 15 33 66 65 "                                                                 A") (76 19 3 96 79 "                                                                               A") (4 3 17 17 21 "                     A") (91 58 30 150 121 "                                                                                                                         A") (79 14 20 100 99 "                                                                                                   A") (2 53 25 75 27 "                           A") (18 33 25 75 43 "                                           A") (17 60 34 102 51 "                                                   A") (81 8 6 90 87 "                                                                                       A") (68 7 9 81 77 "                                                                             A") (3 74 46 92 49 "                                                 A") (22 81 13 104 35 "                                   A") (13 68 2 82 15 "               A") (45 52 42 126 87 "                                                                                       A") (76 11 23 92 99 "                                                                                                   A") (80 43 7 126 87 "                                                                                       A") (79 30 34 136 113 "                                                                                                                 A") ...) EXP:NIL
T:21799

FAIL 21799 GOT:((42 19 16 8 5 82 69 "                                                                     A") (35 22 3 9 2 62 66 "                                                                  A") (9 0 25 21 17 51 30 "                              A") (25 14 39 9 1 79 48 "                                                A") (40 7 4 36 25 76 83 "                                                                                   A") (7 32 27 13 6 72 52 "                                                    A") (41 32 41 5 2 116 78 "                                                                              A") (46 33 28 2 1 108 81 "                                                                                 A") (35 40 35 1 0 110 76 "                                                                            A") (44 45 38 18 7 134 107 "                                                                                                           A") (20 19 36 20 5 80 59 "                                                           A") (48 33 38 14 13 132 95 "                                                                                               A") (3 22 39 33 5 69 58 "                                                          A") (12 35 10 46 1 58 93 "                                                                                             A") (48 39 8 28 9 104 115 "                                                                                                                   A") (5 14 11 45 20 50 64 "                                                                A") (28 43 48 16 5 124 87 "                                                                                       A") (3 28 25 7 3 59 38 "                                      A") (16 25 32 2 1 74 43 "                                           A") (1 16 43 19 17 77 36 "                                    A") ...) EXP:NIL
T:21800

P:21800
T:21801

P:21801
T:21802

P:21802
 T:21803

FAIL 21803 GOT:NIL EXP:T
T:21804

P:21804
T:21805

P:21805
T:21806

P:21806
T:21807

P:21807
T:21808

FAIL 21808 GOT:"1 2 3" EXP:"(1 2 3)"
T:21809

FAIL 21809 GOT:"1 2 3" EXP:"(1 2 3)"
T:21810

P:21810

FAIL 21811
  COND:#(TYPE-ERROR NIL)
T:21812

P:21812
T:21813

P:21813
T:21814

FAIL 21814 GOT:NIL EXP:T
A B CT:21815

FAIL 21815 GOT:NIL EXP:T
T:21816

P:21816
T:21817

P:21817
T:21818

P:21818
T:21819

P:21819
T:21820

FAIL 21820 GOT:NIL EXP:T
T:21821

P:21821
T:21822

P:21822
T:21823

P:21823
T:21824

P:21824
T:21825

P:21825
T:21826

P:21826
T:21827

P:21827
T:21828

P:21828
T:21829

P:21829
T:21830

P:21830
T:21831

P:21831
T:21832

P:21832
T:21833

P:21833
T:21834

P:21834
T:21835

P:21835
T:21836

P:21836
T:21837

P:21837
T:21838

P:21838
T:21839

P:21839
T:21840

P:21840
T:21841

P:21841
T:21842

P:21842
T:21843

P:21843
T:21844

P:21844
T:21845

P:21845
T:21846

P:21846
T:21847

P:21847
T:21848

P:21848
T:21849

P:21849
T:21850

P:21850
T:21851

P:21851
T:21852

P:21852
T:21853

P:21853
T:21854

P:21854
T:21855

P:21855
T:21856

P:21856
T:21857

P:21857
T:21858

P:21858
T:21859

P:21859
T:21860

P:21860
T:21861

P:21861
T:21862

P:21862
T:21863

P:21863
T:21864

P:21864
T:21865

P:21865
T:21866

P:21866
T:21867

P:21867
T:21868

P:21868
T:21869

P:21869
T:21870

P:21870
T:21871

P:21871
T:21872

P:21872
T:21873

P:21873
T:21874

P:21874
T:21875

P:21875
T:21876

P:21876
T:21877

P:21877
T:21878

P:21878
T:21879

P:21879
T:21880

P:21880
T:21881

P:21881
T:21882

P:21882
T:21883

P:21883
T:21884

P:21884
T:21885

P:21885
T:21886

P:21886
T:21887

P:21887
T:21888

FAIL 21888 GOT:"#()" EXP:"#*"
T:21889

P:21889
T:21890

FAIL 21890 GOT:"#(0 0 1 1 0 1 0 1 0 0 1 1 0 1 1)" EXP:"#*001101010011011"
T:21891

P:21891
T:21892

FAIL 21892 GOT:"#(0 0 0 1 1 0 0 1 0 1)" EXP:"#*00110"
T:21893

FAIL 21893 GOT:"#(1 0 0 1 0)" EXP:"#*10010"
T:21894

FAIL 21894 GOT:"#(1 0 0 1 0 0 1 1 1 0)" EXP:"#*1001001110"
T:21895

P:21895
T:21896

P:21896
T:21897

P:21897
T:21898

P:21898
T:21899

P:21899
T:21900

P:21900
T:21901

P:21901
T:21902

P:21902
T:21903

P:21903
T:21904

P:21904
T:21905

P:21905
T:21906

P:21906
T:21907

P:21907
T:21908

P:21908
T:21909

P:21909
T:21910

P:21910
T:21911

P:21911

1056/1082 DONE
