ANSI-TEST

P:57001

P:57002

P:57003

P:57120

P:57200

P:57300

P:3001

P:3002

P:3003

P:3004

P:3005

P:3091

P:3092

P:3110

P:3111

P:3093

P:3094

P:3095

P:3096

P:3097

P:1399

P:1401

P:1402

P:1403

P:1404

P:1405

P:1410

P:1411

P:1412

P:1413

P:1415

P:1416

P:1417

P:1418

P:1420

P:1421

P:1425

P:1426

P:1427

P:1428

P:1428

P:1429

P:1429

P:1430

P:1431

P:1433

P:1434

P:1435

P:1436

P:1440

P:1441

P:1442

P:1443

P:1501

P:1502

P:1503

P:1504

P:1505

P:1510

P:1511

P:1512

P:1520

P:1521

P:1530

P:1531

P:1532

P:1540

P:1541

P:1542

P:1543

P:1550

P:1551

P:1552

P:1560

P:1561

P:1562

P:1570

P:1571

P:1200

P:1201

P:1202

P:1203

P:1204

P:1205

P:1210

P:1211

P:1212

P:1220

P:1221

P:1222

P:1223

P:1230

P:1231

P:1232

P:1235

P:1236

P:1237

P:1240

P:1241

P:1242

P:1243

P:1250

P:1251

P:1252

P:1255

P:1256

P:1257

P:1260

P:1261

P:1262

P:1265

P:1266

P:1267

P:1270

P:1271

P:1272

P:1275

P:1276

P:1280

P:1281

P:1282

P:1300

P:1301

P:1302

P:1305

P:1306

P:1307

P:1310

P:1311

P:1312

P:1315

P:1316

P:1317

P:1318

P:1320

P:1321

P:500

P:501

P:502

P:503

P:510

P:511

P:515

P:516

P:520

P:521

P:522

P:530

P:531

P:532

P:533

P:534

P:540

P:541

P:542

P:543

P:544

P:550

P:551

P:552

P:553

P:600

P:601

P:602

P:610

P:611

P:620

P:625

P:650

P:651

P:670

P:671

P:672

P:700

P:701

P:702

P:710

P:711

P:712

P:713

P:1000

P:1001

P:1002

P:1010

P:1011

P:1700

P:1701

P:1702

P:1703

P:1704

P:1710

P:1711

P:1712

P:1720

P:1721

P:1722

P:1800

P:1801

P:1802

P:1810

P:1811

P:1812

P:1900

P:1901

P:1910

P:1915

P:2000

P:2099

P:2098

P:2001

P:2002

P:2010

P:2011

P:2012

P:2020

P:2021

P:2022

P:2030

P:2031

P:2040

P:2041

P:2050

P:2060

P:2070

P:2080

P:750

P:751

P:752

P:753

P:754

P:755

P:2100

P:2101

P:2102

P:2110

P:2111

P:2120

P:2121

P:2130

P:2131

P:2132

P:2150

P:2151

P:2160

P:2161

P:2162

P:2170

P:2171

P:2180

P:2250

P:2251

P:2260

P:2261

P:2262

P:2263

P:2270

P:2271

P:2275

P:2280

P:2281

P:2300

P:2301

P:2302
T:2300

P:2300
T:2301

P:2301
T:2302

P:2302
T:2380

P:2380
T:2381

P:2381
T:2382

P:2382
T:2383

P:2383
T:2384

P:2384
T:2385

P:2385
T:2386

P:2386
T:2387

P:2387
T:2388

P:2388
T:3900

P:3900
T:3901

P:3901
T:3902

P:3902
T:3903

P:3903
T:3904

P:3904
T:3905

P:3905
T:3906

P:3906
T:3907

P:3907
T:3908

P:3908
T:3909

P:3909
T:3910

P:3910
T:3911

P:3911
T:3912

P:3912
T:3913

P:3913
T:3914

P:3914
T:3915

P:3915
T:3916

P:3916
T:3917

P:3917
T:3918

P:3918
T:3919

P:3919
T:3920

P:3920
T:3921

P:3921
T:3922

P:3922
T:3923

P:3923
T:3924

P:3924
T:3925

P:3925
T:3926

P:3926
hello
P:2200
42
P:2201
42
P:2202
1 2 3
P:2203
(1 . 2)
P:2204
NIL
P:2205


P:2206
T:2210

P:2210
T:2211

P:2211
T:2212

P:2212

P:2400

P:2401

P:2402

P:2403

P:2450

FAIL 2700

P:2701

FAIL 2702

P:2703

P:2710

P:2711

P:2712

P:2713

P:2714

P:2600

P:2601

P:2610

P:2620

P:2621

P:2630

P:2631

P:2500

P:2501

P:2502

P:2503

P:2504

P:2400

P:2402

P:2403

P:2404
T:99999

P:99999

P:2405

P:2406

P:NIL

P:2407

P:2408

P:2409

P:2410

P:2411

P:2412

P:2413

P:2416

P:8240

P:8241

P:8242

P:8243

P:8244

P:8245

P:8246

P:8247

P:8248

P:8249

P:8250

P:8251

P:8252

P:8253

P:8254

P:8255

P:8320

P:8321

P:8327

P:8328

P:8329

P:8330

P:8331

P:8332

P:8333

P:8334

P:8335

P:8336

P:8337

P:8338

P:8339

P:8340

P:8341

P:8342

P:8343

P:8344

P:8322

P:8323

P:8324

P:8325

P:8326

P:8180

P:8181

P:8182

P:8183

P:8184

P:8185

P:8186

P:8420

P:8427

P:8428

P:8429
T:8401

P:8401
T:8402

P:8402
T:8300

P:8300
T:8301

P:8301
T:8302

P:8302
T:8303

P:8303
T:8304

P:8304
T:8305

P:8305
T:8306

P:8306
T:8307

P:8307
T:8308

P:8308
T:8309

P:8309
T:8310

P:8310
T:8311

P:8311
T:8312

P:8312

P:9000

P:9001

P:8780

P:8781

P:8782

P:8783

P:8784

P:8640

P:8641

P:8642

P:8643

P:8644

P:8645

P:8646

P:8690

P:8692

P:8697

P:8698

P:8699

P:8684

P:8685

P:8686

P:8687

P:8679

P:8681

P:8682

P:8683

P:8694

P:8696

P:8660

FAIL 8661

P:8662

P:8663

P:8700

P:8701

P:8710

P:8711

P:8713

P:8714

P:8716

P:8980

P:8981

P:9700

P:9701

P:9702

P:9703

P:9704

P:9705

P:9706

P:9707

P:9708

P:9709

P:9710

P:9711

P:9712

P:9713

P:9714

P:9715

P:9716

P:9717

P:9718

P:9719

P:9720

P:9721

P:9722

P:9723

P:9724

P:9725

P:9726

P:9727

P:9728

P:9729

P:9730

P:9731

P:9732

P:9733

P:9287

P:9288

P:9289

P:9290

P:9291

P:9292

P:9293

P:9294

P:8840

P:8841

P:8842

P:8843

P:8844

P:8845

P:8846

P:8847

P:8848

P:8849

P:8850

P:8851

P:8852

P:8853

P:8854

P:8855

P:8856

P:8857

P:8858

P:8859

P:8860

P:8861

P:8862

P:8863

P:9752

P:9760

P:9761

P:9762

FAIL 9763

P:9010

P:9020

P:9030

P:9031

P:9032

P:9033

P:9034

P:9035

P:9036

P:9037

P:9038

P:9901

P:9902

P:9903

P:9904

P:9905

P:9906

P:9907

P:9910

P:9911

P:9912

P:9920

P:9921

P:9922

P:9930

P:9931

P:9932

P:9933

P:9934
T:9935

P:9935

P:9936

P:9937

P:9938

P:9939

P:9980

P:9981

P:9982

P:9983

P:9940

P:9941

P:9942

P:9943

P:9944

P:9945

P:9946

P:9947

P:9948

P:9949

P:9950

P:9951

P:9952

FAIL 9960

P:9961

P:9962

P:9963

P:9964

P:9970

P:9971

P:9972

P:9480

P:9481

P:9482

P:9483

P:9484

P:9485

P:9486

P:9487

P:9488

P:9489

P:9801

P:9802

P:9803

P:9804

P:9811

P:9812

P:9813

P:9814

P:9815

P:9820

P:9821

P:9822

P:9823

P:9824

P:9831

P:9837

P:9838

P:9835

P:9836

P:9980

P:9982

P:9983

P:9997

P:9984

P:9985

P:9986

P:9987

P:9988

P:9989

P:9990

P:9991

P:9992

P:9993

P:9994

P:8720

P:8721

P:8722

P:9996

P:9998

P:9999

P:8620

P:8621

P:8622

P:8623

P:8624

P:8625

P:8626

P:8627

P:8628

P:8629

P:8640

P:8641

P:8642

P:8643

P:8650

P:8651

P:8652

P:8653
T:9560

P:9560
T:9561

P:9561
T:9565

P:9565
T:9566

P:9566
T:9562

P:9562
T:9563

P:9563
T:9564

P:9564
T:9570

P:9570
T:9571

P:9571
T:9572

P:9572
T:9574

P:9574
T:9575

P:9575
T:9573

FAIL 9573 GOT:(NIL A NIL) EXP:(0 A A)
T:9120

P:9120
T:9121

P:9121
T:9122

P:9122
T:9123

P:9123
T:9124

P:9124
T:9040

P:9040
T:9041

P:9041
T:9042

P:9042
T:9043

P:9043
T:9044

P:9044
T:9045

P:9045
T:9046

P:9046
T:9047

P:9047
T:9048

P:9048
T:9049

P:9049
T:9050

P:9050
T:9051

P:9051
T:9052

P:9052
T:9053

FAIL 9053 GOT:"X" EXP:T
T:9054

P:9054
T:9055

P:9055
T:9056

P:9056
T:9057

P:9057
  WARN: implicit global *READTABLE*
T:9520

P:9520
T:9521

P:9521
T:9522

P:9522
T:9524

P:9524
T:9526

FAIL 9526 GOT:NIL EXP:GOOD
T:9525

P:9525
T:9523

FAIL 9523 GOT:CRASHED EXP:GOOD
  WARN: implicit global *CATCH-ACTIVE*
  WARN: implicit global *CURRENT-CONDITION*
T:8440

P:8440
  WARN: implicit global *CATCH-ACTIVE*
  WARN: implicit global *CURRENT-CONDITION*
T:8441

P:8441
  WARN: implicit global *CATCH-ACTIVE*
  WARN: implicit global *CURRENT-CONDITION*
T:8442

P:8442
  WARN: implicit global *CURRENT-CONDITION*
  WARN: implicit global *CATCH-ACTIVE*
  WARN: implicit global *CATCH-TAG*
  WARN: implicit global *CATCH-VALUE*
  WARN: implicit global *CATCH-ACTIVE*
  WARN: implicit global *CURRENT-CONDITION*
T:8443

P:8443
T:8444

P:8444
T:8445

P:8445
  WARN: implicit global *CATCH-ACTIVE*
  WARN: implicit global *CURRENT-CONDITION*
T:8446

P:8446
T:8447

P:8447
  WARN: implicit global *CATCH-ACTIVE*
  WARN: implicit global *CURRENT-CONDITION*
T:8500

P:8500
  WARN: implicit global *CATCH-ACTIVE*
  WARN: implicit global *CURRENT-CONDITION*
T:8501

P:8501
  WARN: cannot compile #<?>, using nil
  WARN: cannot compile #<?>, using nil
  WARN: implicit global setq *CATCH-TAG*
  WARN: implicit global setq *CATCH-VALUE*
  WARN: implicit global setq *CATCH-ACTIVE*
  WARN: implicit global *CURRENT-CONDITION*
T:8502

P:8502
  WARN: implicit global *CATCH-ACTIVE*
  WARN: implicit global *CURRENT-CONDITION*
T:8503

P:8503
  WARN: implicit global *CATCH-ACTIVE*
  WARN: implicit global *CURRENT-CONDITION*
T:8504

P:8504
T:9539

P:9539
T:9160

P:9160
T:9161

P:9161
T:9162

P:9162
T:9163

P:9163
T:9164

P:9164
T:9165

P:9165
T:9166

P:9166
T:9167

P:9167
T:9168

P:9168
T:9169

P:9169
T:8880

P:8880
T:8881

P:8881
T:8882

P:8882
T:8883

P:8883
T:8884

P:8884
T:8887

P:8887
T:8820

P:8820
T:8821

P:8821
T:8822

P:8822
T:8823

P:8823
T:8824

P:8824
T:8260

P:8260
T:8261

P:8261
T:8262

P:8262
T:8263

P:8263
T:8264

P:8264
T:8265

P:8265
T:8266

P:8266
T:8267

P:8267
T:8270

P:8270
T:8271

P:8271
T:8272

P:8272
T:8273

P:8273
T:8275

P:8275
T:8200

P:8200
T:8201

P:8201
T:8202

P:8202
T:8203

P:8203
T:8204

P:8204
T:8205

P:8205
T:8206

P:8206
T:8207

P:8207
T:9180

P:9180
T:9181

P:9181
T:9182

P:9182
T:9183

P:9183
T:9184

P:9184
T:9185

P:9185
T:9186

P:9186
T:9187

P:9187
T:9188

P:9188
T:9189

P:9189
T:9190

P:9190
T:9191

P:9191
T:9192

P:9192
T:9193

P:9193
T:9194

P:9194
T:9195

P:9195
T:9196

P:9196
T:9197

P:9197
T:9198

P:9198
T:9199

P:9199
T:9200

P:9200
T:9201

P:9201
T:9202

P:9202
T:9203

P:9203
T:9204

P:9204
T:9205

P:9205
T:9206

P:9206
T:9207

P:9207
T:9208

P:9208
T:9209

P:9209
T:9210

FAIL 9210 GOT:(QUOTE X) EXP:(QUOTE X)
T:9211

FAIL 9211 GOT:BACKQUOTE EXP:QUASIQUOTE
T:9212

P:9212
T:9213

FAIL 9213 GOT:(A (B C) D) EXP:(A (B C) D)
T:9214

P:9214
T:9215

P:9215
T:9216

P:9216
T:9217

P:9217
T:9218

P:9218
T:9219

P:9219
T:9220

P:9220
T:9221

P:9221
T:9222

P:9222
T:9223

P:9223
T:9224

P:9224
T:9225

P:9225
T:9226

P:9226
T:9227

P:9227
T:9228

P:9228
T:9229

P:9229
T:9230

P:9230
T:9231

P:9231
T:9232

P:9232
T:9233

P:9233
T:9234

P:9234
T:9235

P:9235
T:9236

P:9236
T:9237

P:9237
T:9238

P:9238
T:9239

P:9239
T:9240

P:9240
T:9241

P:9241
T:9242

P:9242
T:9243

P:9243
T:9244

P:9244
T:9245

P:9245
T:9246

P:9246
T:9247

P:9247
T:9248

P:9248
T:9249

P:9249
T:9250

P:9250
T:9251

P:9251
T:9252

P:9252
T:9253

P:9253
T:9254

P:9254
T:9255

P:9255
T:9256

P:9256
T:9257

P:9257
T:9258

P:9258
T:9259

P:9259
T:9260

FAIL 9260 GOT:NIL EXP:GOOD
T:9261

FAIL 9261 GOT:NIL EXP:GOOD
T:9262

FAIL 9262 GOT:NIL EXP:1
T:9263

FAIL 9263 GOT:NIL EXP:2
T:9264

P:9264
T:9265

P:9265
T:9266

P:9266
T:9267

FAIL 9267 GOT:NIL EXP:(T aZ)
T:9268

FAIL 9268 GOT:NIL EXP:GOOD
T:9540

P:9540
T:9541

P:9541
T:9542

P:9542

T:9543

P:9543
T:9544

P:9544
T:9545

P:9545
T:9546

P:9546
T:9200

P:9200
T:9204

P:9204
T:9205

P:9205
T:9210

P:9210
T:9211

P:9211
T:9232

P:9232
T:9233

P:9233
T:9234

P:9234
T:9237

P:9237
T:9213

P:9213
T:9214

P:9214
T:9215

P:9215
T:9206

P:9206
T:9207

P:9207
T:9208

P:9208
T:9260

P:9260
T:9261

P:9261
T:9262

P:9262
T:9263

P:9263
T:9264

P:9264
T:9265

P:9265
T:9266

P:9266
T:9267

P:9267

P:5001

P:5002

P:5010

P:5011

P:5012

P:5013

P:5014

P:5020

P:5021

P:5022

P:5030

P:5031

P:5040

P:5041

P:5042

P:5050

P:5051

P:5060

P:5061

P:5062

P:5070

P:5071

P:5072

P:5080

P:5081

P:5090

P:5095

P:5100

P:5110

P:5120

P:5125

P:5130

P:5140

P:5141

P:5142

P:5143

P:5150

P:5151

P:5160

P:5170

P:5171

P:5180

P:5190

P:5200

P:5210

P:5220

P:5230

P:5231

P:5240

P:5241

P:5250

P:5260

P:5270

P:5271

P:5500

P:5501

P:5502

P:5510

P:5511

P:5512

P:5513

P:5514

P:5520

P:5521

P:5522

P:5523

P:5524

P:5525

P:5530

P:5531

P:5540

P:5541

P:5542

P:5550

P:5551

P:5560

P:5561

P:5570

P:5571

P:5572

P:5580

P:5581

P:5582

P:5583

P:5590

P:5591

P:5592

P:5593

P:5594

P:5595

P:5600

P:5601

P:5602

P:5603

P:5604

P:5605

P:5606

P:5607

P:5608

P:5609

P:56200

P:56201

P:56202

P:56203

P:56204

P:56250

P:56260

P:56261

P:56262

P:56263

P:56264

P:56265

P:56266
OPEN-OK;
P:56300
READ-OK;
P:56301
EVAL-LITERAL-OK;
P:56302
S4A-CALL;S4A-OK;
P:56303
READ-CAR=WRITE-STRING-SERIAL;PROBE-1-LOADED;S4B-OK;
P:56304
S5-EVAL-LIST=OK;
P:56305
S6-FORMAT=X=42;
P:56306
BEFORE-LOAD;AFTER-LOAD;BOUNDP=T;VAL=X=42;
P:56307
SUITE-WROTE;F1-OP=DEFVAR;F1-OK;F2-OP=DEFUN;  WARN: implicit global *PROBE-SUITE-ENTRIES*
F2-OK;F3-OP=DEFMACRO;F3-OK;F4-OP=PROBE-DEFTEST;F4-OK;F5-OP=PROBE-DEFTEST;F5-OK;ALL-FORMS-OK;ENTRIES-BOUND=T;
P:56308

P:56309

P:56310

P:56311

P:56312

P:56320

FAIL 56321

P:56322

P:56323

P:56324
CL-EXTERNAL-COUNT=978;
P:56330
FIND-CAR=EXTERNAL;
P:56331
DES-COUNT=978;
P:56332

P:56333

P:56334

P:56400

P:56401

P:56402

P:56403

P:56404

P:56405

P:56406

P:56407

P:56410

P:56411

P:56412

P:56413

P:56414

P:56415

P:56420

P:56421

P:56422

P:56423

P:56424

P:56430

FAIL 56431

P:56432

FAIL 56433

FAIL 56434

FAIL 56435

P:56440

P:56441

P:56442

P:56443

P:56444

P:56445

P:56446

P:56447

P:56450

P:56448

P:56449

P:56451

P:56460

P:56461

P:56462

P:56463

P:56464

P:56470

P:56471

P:56472

P:56473

P:56474

P:56475

P:56476

FAIL 56480

FAIL 56481

FAIL 56482

FAIL 56483

FAIL 56484

FILE-READ:(A B C)

FAIL 56485

FAIL 56486

FAIL 56487

FAIL 56488

P:56490

FAIL 56491

FAIL 56492

FAIL 56493

P:5610

P:5611

P:5615

P:5620

P:5621

P:5622

P:5623

P:5624

P:5630

P:5631

FAIL 5640

P:5690

P:5691

P:5692

P:5693

ANSI-TOTAL=17625
T:21911

P:21911
T:21912

P:21912
T:21913

P:21913
T:21914

P:21914
T:21915

FAIL 21915 GOT:"(#:X . #:X)" EXP:"(#1=#:X . #1#)"
T:21916

FAIL 21916 GOT:"(#:X #:X #:X #:X)" EXP:"(#1=#:X #2=#:X #1# #2#)"

FAIL 21917

FAIL 21918
  COND:#(FILE-ERROR ((PATHNAME . "/tmp/ansi-test/tests/cons/acons.lsp")))
T:21919

P:21919
T:21920

P:21920
T:21921

P:21921
T:21922

P:21922
T:21923

P:21923
T:21924

P:21924
T:21925

P:21925
T:21926

P:21926
T:21927

P:21927
T:21928

P:21928
T:21929

P:21929
T:21930

FAIL 21930 GOT:"(# # "abc")" EXP:"(# #*1101 "abc")"
T:21931

P:21931
T:21932

P:21932
T:21933

P:21933
T:21934

P:21934
T:21935

P:21935
T:21936

P:21936
T:21937

P:21937
T:21938

P:21938
T:21939

P:21939
T:21940

P:21940
T:21941

P:21941
T:21942

P:21942
T:21943

P:21943
T:21944

P:21944
T:21945

P:21945
T:21946

P:21946
T:21947

P:21947
T:21948

P:21948
T:21949

P:21949
T:21950

P:21950
T:21951

P:21951
T:21952

P:21952
T:21953

P:21953
T:21954

P:21954
T:21955

P:21955
T:21956

P:21956
T:21957

P:21957
T:21958

P:21958
T:21959

P:21959
T:21960

P:21960
T:21961

P:21961
T:21962

P:21962
T:21963

P:21963
T:21964

P:21964
T:21965

P:21965
T:21966

P:21966
T:21967

P:21967
T:21968

P:21968
T:21969

P:21969
T:21970

P:21970
T:21971

P:21971
T:21972

P:21972
T:21973

P:21973
T:21974

P:21974
T:21975

P:21975
T:21976

P:21976
T:21977

P:21977
T:21978

P:21978
T:21979

P:21979
T:21980

P:21980
T:21981

P:21981
T:21982

P:21982
T:21983

P:21983
T:21984

P:21984
T:21985

P:21985
T:21986

P:21986
T:21987

P:21987
T:21988

P:21988
T:21989

P:21989
T:21990

P:21990
T:21991

P:21991
T:21992

P:21992
T:21993

P:21993
T:21994

P:21994
T:21995

P:21995
T:21996

P:21996
T:21997

P:21997
T:21998

P:21998
T:21999

P:21999
T:22000

P:22000
T:22001

P:22001
T:22002

P:22002
T:22003

P:22003
T:22004

P:22004
T:22005

P:22005
T:22006

P:22006
T:22007

P:22007
T:22008

P:22008
T:22009

P:22009
T:22010

P:22010
T:22011

P:22011
T:22012

P:22012
T:22013

P:22013
T:22014

P:22014
T:22015

P:22015
T:22016

P:22016
T:22017

P:22017
T:22018

P:22018
T:22019

P:22019
T:22020

P:22020
T:22021

P:22021
T:22022

P:22022
T:22023

P:22023
T:22024

P:22024
T:22025

P:22025
T:22026

P:22026
T:22027

P:22027
T:22028

P:22028
T:22029

P:22029
T:22030

P:22030
T:22031

P:22031
T:22032

P:22032
T:22033

P:22033
T:22034

P:22034
T:22035

P:22035
T:22036

P:22036
T:22037

P:22037
T:22038

P:22038
T:22039

P:22039
T:22040

P:22040
T:22041

P:22041
T:22042

P:22042
T:22043

P:22043
T:22044

P:22044
T:22045

P:22045
T:22046

P:22046
T:22047

P:22047
T:22048

P:22048
T:22049

P:22049
T:22050

P:22050
T:22051

P:22051
T:22052

P:22052
T:22053

P:22053
T:22054

P:22054
T:22055

P:22055
T:22056

P:22056
T:22057

P:22057
T:22058

P:22058
T:22059

P:22059
T:22060

P:22060
T:22061

P:22061
T:22062

P:22062
T:22063

P:22063
T:22064

P:22064
T:22065

P:22065
T:22066

P:22066
T:22067

P:22067
T:22068

P:22068
T:22069

P:22069
T:22070

P:22070
T:22071

P:22071
T:22072

P:22072
T:22073

P:22073
T:22074

P:22074
T:22075

P:22075
T:22076

P:22076
T:22077

P:22077
T:22078

P:22078
T:22079

P:22079
T:22080

P:22080
T:22081

P:22081
T:22082

P:22082
T:22083

P:22083
T:22084

P:22084
T:22085

P:22085
T:22086

P:22086
T:22087

P:22087
T:22088

P:22088
T:22089

P:22089
T:22090

P:22090
T:22091

P:22091
T:22092

P:22092
T:22093

P:22093
T:22094

P:22094
T:22095

P:22095
T:22096

P:22096
T:22097

P:22097
T:22098

P:22098
T:22099

P:22099
T:22100

P:22100
T:22101

P:22101
T:22102

P:22102
T:22103

P:22103
T:22104

P:22104
T:22105

P:22105
T:22106

P:22106
T:22107

P:22107
T:22108

P:22108
T:22109

P:22109
T:22110

P:22110
T:22111

P:22111
T:22112

P:22112
T:22113

P:22113
T:22114

P:22114
T:22115

P:22115
T:22116

P:22116
T:22117

P:22117
T:22118

P:22118
T:22119

P:22119
T:22120

P:22120
T:22121

P:22121
T:22122

P:22122
T:22123

P:22123
T:22124

P:22124
T:22125

P:22125
T:22126

P:22126
T:22127

P:22127
T:22128

P:22128
T:22129

P:22129
T:22130

P:22130
T:22131

P:22131
T:22132

P:22132
T:22133

P:22133
T:22134

P:22134
T:22135

P:22135
T:22136

P:22136
T:22137

P:22137
T:22138

P:22138
T:22139

P:22139
T:22140

P:22140
T:22141

P:22141
T:22142

P:22142
T:22143

P:22143
T:22144

P:22144
T:22145

P:22145
T:22146

P:22146
T:22147

P:22147
T:22148

P:22148
T:22149

P:22149
T:22150

P:22150
T:22151

P:22151
T:22152

P:22152
T:22153

P:22153
T:22154

FAIL 22154 GOT:"#*00110101100011" EXP:T
T:22155

FAIL 22155 GOT:("#S(PRINT-LENGTH-STRUCT)" "#S(PRINT-LENGTH-STRUCT)" "#S(PRINT-LENGTH-STRUCT)" "#S(PRINT-LENGTH-STRUCT)" "#S(PRINT-LENGTH-STRUCT)") EXP:GOOD
T:22156

P:22156
T:22157

FAIL 22157 GOT:"#" EXP:"#*1101"
T:22158

P:22158
T:22159

FAIL 22159 GOT:("#S(PRINT-LEVEL-STRUCT)" "#S(PRINT-LEVEL-STRUCT)" "#S(PRINT-LEVEL-STRUCT)") EXP:("#" "#S(PRINT-LEVEL-STRUCT)" "#S(PRINT-LEVEL-STRUCT)")
T:22160

FAIL 22160 GOT:("#S(PRINT-LEVEL-STRUCT)" "#S(PRINT-LEVEL-STRUCT)" "#S(PRINT-LEVEL-STRUCT)") EXP:("#" "#S(PRINT-LEVEL-STRUCT)" "#S(PRINT-LEVEL-STRUCT)")
T:22161

P:22161
T:22162

P:22162
T:22163

P:22163
T:22164

P:22164
T:22165

FAIL 22165 GOT:((T NIL) (RANDOM-STATE 12345) (RANDOM-STATE 12345) (T NIL) (RANDOM-STATE 12345) (RANDOM-STATE 12345) (T NIL) (RANDOM-STATE 12345) (RANDOM-STATE 12345) (T NIL) (RANDOM-STATE 12345) (RANDOM-STATE 12345) (T NIL) (RANDOM-STATE 12345) (RANDOM-STATE 12345) (T NIL) (RANDOM-STATE 12345) (RANDOM-STATE 12345) (T NIL) (RANDOM-STATE 12345) (RANDOM-STATE 12345) (T NIL) (RANDOM-STATE 12345) (RANDOM-STATE 12345) (T NIL) (RANDOM-STATE 12345) (RANDOM-STATE 12345) (T NIL) (RANDOM-STATE 12345) (RANDOM-STATE 12345) (T NIL) (RANDOM-STATE 12345) (RANDOM-STATE 12345) (T NIL) (RANDOM-STATE 12345) (RANDOM-STATE 12345) (T NIL) (RANDOM-STATE 12345) (RANDOM-STATE 12345) (T NIL) (RANDOM-STATE 12345) (RANDOM-STATE 12345) (T NIL) (RANDOM-STATE 12345) (RANDOM-STATE 12345) (T NIL) (RANDOM-STATE 12345) (RANDOM-STATE 12345) (T NIL) (RANDOM-STATE 12345) (RANDOM-STATE 12345) (T NIL) (RANDOM-STATE 12345) (RANDOM-STATE 12345) (T ...) ...) EXP:NIL
T:22166

P:22166
T:22167

P:22167
T:22168

P:22168
T:22169

P:22169
T:22170

P:22170
T:22171

P:22171
T:22172

P:22172
T:22173

P:22173
T:22174

P:22174
T:22175

P:22175
T:22176

P:22176
T:22177

P:22177
T:22178

FAIL 22178 GOT:""abcdefgh"" EXP:T
T:22179

P:22179
T:22180

FAIL 22180 GOT:"#()" EXP:""
T:22181

FAIL 22181 GOT:"#()" EXP:""""
T:22182

P:22182
T:22183

P:22183
T:22184

P:22184
T:22185

P:22185
T:22186

P:22186
T:22187

P:22187
T:22188

P:22188

1056/1082 DONE
