ANSI-TEST

P:57001

P:57002

P:57003

P:57120

P:57200

P:57300

P:3001

P:3002

P:3003

P:3004

P:3005

P:3091

P:3092

P:3110

P:3111

P:3093

P:3094

P:3095

P:3096

P:3097

P:1399

P:1401

P:1402

P:1403

P:1404

P:1405

P:1410

P:1411

P:1412

P:1413

P:1415

P:1416

P:1417

P:1418

P:1420

P:1421

P:1425

P:1426

P:1427

P:1428

P:1428

P:1429

P:1429

P:1430

P:1431

P:1433

P:1434

P:1435

P:1436

P:1440

P:1441

P:1442

P:1443

P:1501

P:1502

P:1503

P:1504

P:1505

P:1510

P:1511

P:1512

P:1520

P:1521

P:1530

P:1531

P:1532

P:1540

P:1541

P:1542

P:1543

P:1550

P:1551

P:1552

P:1560

P:1561

P:1562

P:1570

P:1571

P:1200

P:1201

P:1202

P:1203

P:1204

P:1205

P:1210

P:1211

P:1212

P:1220

P:1221

P:1222

P:1223

P:1230

P:1231

P:1232

P:1235

P:1236

P:1237

P:1240

P:1241

P:1242

P:1243

P:1250

P:1251

P:1252

P:1255

P:1256

P:1257

P:1260

P:1261

P:1262

P:1265

P:1266

P:1267

P:1270

P:1271

P:1272

P:1275

P:1276

P:1280

P:1281

P:1282

P:1300

P:1301

P:1302

P:1305

P:1306

P:1307

P:1310

P:1311

P:1312

P:1315

P:1316

P:1317

P:1318

P:1320

P:1321

P:500

P:501

P:502

P:503

P:510

P:511

P:515

P:516

P:520

P:521

P:522

P:530

P:531

P:532

P:533

P:534

P:540

P:541

P:542

P:543

P:544

P:550

P:551

P:552

P:553

P:600

P:601

P:602

P:610

P:611

P:620

P:625

P:650

P:651

P:670

P:671

P:672

P:700

P:701

P:702

P:710

P:711

P:712

P:713

P:1000

P:1001

P:1002

P:1010

P:1011

P:1700

P:1701

P:1702

P:1703

P:1704

P:1710

P:1711

P:1712

P:1720

P:1721

P:1722

P:1800

P:1801

P:1802

P:1810

P:1811

P:1812

P:1900

P:1901

P:1910

P:1915

P:2000

P:2099

P:2098

P:2001

P:2002

P:2010

P:2011

P:2012

P:2020

P:2021

P:2022

P:2030

P:2031

P:2040

P:2041

P:2050

P:2060

P:2070

P:2080

P:750

P:751

P:752

P:753

P:754

P:755

P:2100

P:2101

P:2102

P:2110

P:2111

P:2120

P:2121

P:2130

P:2131

P:2132

P:2150

P:2151

P:2160

P:2161

P:2162

P:2170

P:2171

P:2180

P:2250

P:2251

P:2260

P:2261

P:2262

P:2263

P:2270

P:2271

P:2275

P:2280

P:2281

P:2300

P:2301

P:2302
T:2300

P:2300
T:2301

P:2301
T:2302

P:2302
T:2380

P:2380
T:2381

P:2381
T:2382

P:2382
T:2383

P:2383
T:2384

P:2384
T:2385

P:2385
T:2386

P:2386
T:2387

P:2387
T:2388

P:2388
T:3900

P:3900
T:3901

P:3901
T:3902

P:3902
T:3903

P:3903
T:3904

P:3904
T:3905

P:3905
T:3906

P:3906
T:3907

P:3907
T:3908

P:3908
T:3909

P:3909
T:3910

P:3910
T:3911

P:3911
T:3912

P:3912
T:3913

P:3913
T:3914

P:3914
T:3915

P:3915
T:3916

P:3916
T:3917

P:3917
T:3918

P:3918
T:3919

P:3919
T:3920

P:3920
T:3921

P:3921
T:3922

P:3922
T:3923

P:3923
T:3924

P:3924
T:3925

P:3925
T:3926

P:3926
hello
P:2200
42
P:2201
42
P:2202
1 2 3
P:2203
(1 . 2)
P:2204
NIL
P:2205


P:2206
T:2210

P:2210
T:2211

P:2211
T:2212

P:2212

P:2400

P:2401

P:2402

P:2403

P:2450

FAIL 2700

P:2701

FAIL 2702

P:2703

P:2710

P:2711

P:2712

P:2713

P:2714

P:2600

P:2601

P:2610

P:2620

P:2621

P:2630

P:2631

P:2500

P:2501

P:2502

P:2503

P:2504

P:2400

P:2402

P:2403

P:2404
T:99999

P:99999

P:2405

P:2406

P:NIL

P:2407

P:2408

P:2409

P:2410

P:2411

P:2412

P:2413

P:2416

P:8240

P:8241

P:8242

P:8243

P:8244

P:8245

P:8246

P:8247

P:8248

P:8249

P:8250

P:8251

P:8252

P:8253

P:8254

P:8255

P:8320

P:8321

P:8327

P:8328

P:8329

P:8330

P:8331

P:8332

P:8333

P:8334

P:8335

P:8336

P:8337

P:8338

P:8339

P:8340

P:8341

P:8342

P:8343

P:8344

P:8322

P:8323

P:8324

P:8325

P:8326

P:8180

P:8181

P:8182

P:8183

P:8184

P:8185

P:8186

P:8420

P:8427

P:8428

P:8429
T:8401

P:8401
T:8402

P:8402
T:8300

P:8300
T:8301

P:8301
T:8302

P:8302
T:8303

P:8303
T:8304

P:8304
T:8305

P:8305
T:8306

P:8306
T:8307

P:8307
T:8308

P:8308
T:8309

P:8309
T:8310

P:8310
T:8311

P:8311
T:8312

P:8312

P:9000

P:9001

P:8780

P:8781

P:8782

P:8783

P:8784

P:8640

P:8641

P:8642

P:8643

P:8644

P:8645

P:8646

P:8690

P:8692

P:8697

P:8698

P:8699

P:8684

P:8685

P:8686

P:8687

P:8679

P:8681

P:8682

P:8683

P:8694

P:8696

P:8660

FAIL 8661

P:8662

P:8663

P:8700

P:8701

P:8710

P:8711

P:8713

P:8714

P:8716

P:8980

P:8981

P:9700

P:9701

P:9702

P:9703

P:9704

P:9705

P:9706

P:9707

P:9708

P:9709

P:9710

P:9711

P:9712

P:9713

P:9714

P:9715

P:9716

P:9717

P:9718

P:9719

P:9720

P:9721

P:9722

P:9723

P:9724

P:9725

P:9726

P:9727

P:9728

P:9729

P:9730

P:9731

P:9732

P:9733

P:9287

P:9288

P:9289

P:9290

P:9291

P:9292

P:9293

P:9294

P:8840

P:8841

P:8842

P:8843

P:8844

P:8845

P:8846

P:8847

P:8848

P:8849

P:8850

P:8851

P:8852

P:8853

P:8854

P:8855

P:8856

P:8857

P:8858

P:8859

P:8860

P:8861

P:8862

P:8863

P:9752

P:9760

P:9761

P:9762

FAIL 9763

P:9010

P:9020

P:9030

P:9031

P:9032

P:9033

P:9034

P:9035

P:9036

P:9037

P:9038

P:9901

P:9902

P:9903

P:9904

P:9905

P:9906

P:9907

P:9910

P:9911

P:9912

P:9920

P:9921

P:9922

P:9930

P:9931

P:9932

P:9933

P:9934
T:9935

P:9935

P:9936

P:9937

P:9938

P:9939

P:9980

P:9981

P:9982

P:9983

P:9940

P:9941

P:9942

P:9943

P:9944

P:9945

P:9946

P:9947

P:9948

P:9949

P:9950

P:9951

P:9952

FAIL 9960

P:9961

P:9962

P:9963

P:9964

P:9970

P:9971

P:9972

P:9480

P:9481

P:9482

P:9483

P:9484

P:9485

P:9486

P:9487

P:9488

P:9489

P:9801

P:9802

P:9803

P:9804

P:9811

P:9812

P:9813

P:9814

P:9815

P:9820

P:9821

P:9822

P:9823

P:9824

P:9831

P:9837

P:9838

P:9835

P:9836

P:9980

P:9982

P:9983

P:9997

P:9984

P:9985

P:9986

P:9987

P:9988

P:9989

P:9990

P:9991

P:9992

P:9993

P:9994

P:8720

P:8721

P:8722

P:9996

P:9998

P:9999

P:8620

P:8621

P:8622

P:8623

P:8624

P:8625

P:8626

P:8627

P:8628

P:8629

P:8640

P:8641

P:8642

P:8643

P:8650

P:8651

P:8652

P:8653
T:9560

P:9560
T:9561

P:9561
T:9565

P:9565
T:9566

P:9566
T:9562

P:9562
T:9563

P:9563
T:9564

P:9564
T:9570

P:9570
T:9571

P:9571
T:9572

P:9572
T:9574

P:9574
T:9575

P:9575
T:9573

FAIL 9573 GOT:(NIL A NIL) EXP:(0 A A)
T:9120

P:9120
T:9121

P:9121
T:9122

P:9122
T:9123

P:9123
T:9124

P:9124
T:9040

P:9040
T:9041

P:9041
T:9042

P:9042
T:9043

P:9043
T:9044

P:9044
T:9045

P:9045
T:9046

P:9046
T:9047

P:9047
T:9048

P:9048
T:9049

P:9049
T:9050

P:9050
T:9051

P:9051
T:9052

P:9052
T:9053

FAIL 9053 GOT:"X" EXP:T
T:9054

P:9054
T:9055

P:9055
T:9056

P:9056
T:9057

P:9057
  WARN: implicit global *READTABLE*
T:9520

P:9520
T:9521

P:9521
T:9522

P:9522
T:9524

P:9524
T:9526

FAIL 9526 GOT:NIL EXP:GOOD
T:9525

P:9525
T:9523

FAIL 9523 GOT:CRASHED EXP:GOOD
  WARN: implicit global *CATCH-ACTIVE*
  WARN: implicit global *CURRENT-CONDITION*
T:8440

P:8440
  WARN: implicit global *CATCH-ACTIVE*
  WARN: implicit global *CURRENT-CONDITION*
T:8441

P:8441
  WARN: implicit global *CATCH-ACTIVE*
  WARN: implicit global *CURRENT-CONDITION*
T:8442

P:8442
  WARN: implicit global *CURRENT-CONDITION*
  WARN: implicit global *CATCH-ACTIVE*
  WARN: implicit global *CATCH-TAG*
  WARN: implicit global *CATCH-VALUE*
  WARN: implicit global *CATCH-ACTIVE*
  WARN: implicit global *CURRENT-CONDITION*
T:8443

P:8443
T:8444

P:8444
T:8445

P:8445
  WARN: implicit global *CATCH-ACTIVE*
  WARN: implicit global *CURRENT-CONDITION*
T:8446

P:8446
T:8447

P:8447
  WARN: implicit global *CATCH-ACTIVE*
  WARN: implicit global *CURRENT-CONDITION*
T:8500

P:8500
  WARN: implicit global *CATCH-ACTIVE*
  WARN: implicit global *CURRENT-CONDITION*
T:8501

P:8501
  WARN: cannot compile #<?>, using nil
  WARN: cannot compile #<?>, using nil
  WARN: implicit global setq *CATCH-TAG*
  WARN: implicit global setq *CATCH-VALUE*
  WARN: implicit global setq *CATCH-ACTIVE*
  WARN: implicit global *CURRENT-CONDITION*
T:8502

P:8502
  WARN: implicit global *CATCH-ACTIVE*
  WARN: implicit global *CURRENT-CONDITION*
T:8503

P:8503
  WARN: implicit global *CATCH-ACTIVE*
  WARN: implicit global *CURRENT-CONDITION*
T:8504

P:8504
T:9539

P:9539
T:9160

P:9160
T:9161

P:9161
T:9162

P:9162
T:9163

P:9163
T:9164

P:9164
T:9165

P:9165
T:9166

P:9166
T:9167

P:9167
T:9168

P:9168
T:9169

P:9169
T:8880

P:8880
T:8881

P:8881
T:8882

P:8882
T:8883

FAIL 8883 GOT:(0 NIL NIL) EXP:(2 7 9)
T:8884

P:8884
T:8887

P:8887
T:8820

P:8820
T:8821

P:8821
T:8822

P:8822
T:8823

P:8823
T:8824

P:8824
T:8260

P:8260
T:8261

P:8261
T:8262

P:8262
T:8263

P:8263
T:8264

P:8264
T:8265

P:8265
T:8266

P:8266
T:8267

P:8267
T:8270

P:8270
T:8271

P:8271
T:8272

P:8272
T:8273

P:8273
T:8275

P:8275
T:8200

P:8200
T:8201

P:8201
T:8202

P:8202
T:8203

P:8203
T:8204

P:8204
T:8205

P:8205
T:8206

P:8206
T:8207

P:8207
T:9180

P:9180
T:9181

P:9181
T:9182

P:9182
T:9183

P:9183
T:9184

P:9184
T:9185

P:9185
T:9186

P:9186
T:9187

P:9187
T:9188

P:9188
T:9189

P:9189
T:9190

P:9190
T:9191

P:9191
T:9192

P:9192
T:9193

P:9193
T:9194

P:9194
T:9195

P:9195
T:9196

P:9196
T:9197

P:9197
T:9198

P:9198
T:9199

P:9199
T:9200

P:9200
T:9201

P:9201
T:9202

P:9202
T:9203

P:9203
T:9204

P:9204
T:9205

P:9205
T:9206

P:9206
T:9207

P:9207
T:9208

P:9208
T:9209

P:9209
T:9210

FAIL 9210 GOT:(QUOTE X) EXP:(QUOTE X)
T:9211

FAIL 9211 GOT:BACKQUOTE EXP:QUASIQUOTE
T:9212

P:9212
T:9213

FAIL 9213 GOT:(A (B C) D) EXP:(A (B C) D)
T:9214

P:9214
T:9215

P:9215
T:9216

P:9216
T:9217

P:9217
T:9218

P:9218
T:9219

P:9219
T:9220

P:9220
T:9221

P:9221
T:9222

P:9222
T:9223

P:9223
T:9224

P:9224
T:9225

P:9225
T:9226

P:9226
T:9227

P:9227
T:9228

P:9228
T:9229

P:9229
T:9230

P:9230
T:9231

P:9231
T:9232

P:9232
T:9233

P:9233
T:9234

P:9234
T:9235

P:9235
T:9236

P:9236
T:9237

P:9237
T:9238

P:9238
T:9239

P:9239
T:9240

P:9240
T:9241

P:9241
T:9242

P:9242
T:9243

P:9243
T:9244

P:9244
T:9245

P:9245
T:9246

P:9246
T:9247

P:9247
T:9248

P:9248
T:9249

P:9249
T:9250

P:9250
T:9251

P:9251
T:9252

P:9252
T:9253

P:9253
T:9254

P:9254
T:9255

P:9255
T:9256

P:9256
T:9257

P:9257
T:9258

P:9258
T:9259

P:9259
T:9260

FAIL 9260 GOT:NIL EXP:GOOD
T:9261

FAIL 9261 GOT:NIL EXP:GOOD
T:9262

FAIL 9262 GOT:NIL EXP:1
T:9263

FAIL 9263 GOT:NIL EXP:2
T:9264

P:9264
T:9265

P:9265
T:9266

P:9266
T:9267

FAIL 9267 GOT:NIL EXP:(T aZ)
T:9268

FAIL 9268 GOT:NIL EXP:GOOD
T:9540

P:9540
T:9541

P:9541
T:9542

P:9542

T:9543

P:9543
T:9544

P:9544
T:9545

P:9545
T:9546

P:9546
T:9200

P:9200
T:9204

P:9204
T:9205

P:9205
T:9210

P:9210
T:9211

P:9211
T:9232

P:9232
T:9233

P:9233
T:9234

P:9234
T:9237

P:9237
T:9213

P:9213
T:9214

P:9214
T:9215

P:9215
T:9206

P:9206
T:9207

P:9207
T:9208

P:9208
T:9260

P:9260
T:9261

P:9261
T:9262

P:9262
T:9263

P:9263
T:9264

P:9264
T:9265

P:9265
T:9266

P:9266
T:9267

P:9267

P:5001

P:5002

P:5010

P:5011

P:5012

P:5013

P:5014

P:5020

P:5021

P:5022

P:5030

P:5031

P:5040

P:5041

P:5042

P:5050

P:5051

P:5060

P:5061

P:5062

P:5070

P:5071

P:5072

P:5080

P:5081

P:5090

P:5095

P:5100

P:5110

P:5120

P:5125

P:5130

P:5140

P:5141

P:5142

P:5143

P:5150

P:5151

P:5160

P:5170

P:5171

P:5180

P:5190

P:5200

P:5210

P:5220

P:5230

P:5231

P:5240

P:5241

P:5250

P:5260

P:5270

P:5271

P:5500

P:5501

P:5502

P:5510

P:5511

P:5512

P:5513

P:5514

P:5520

P:5521

P:5522

P:5523

P:5524

P:5525

P:5530

P:5531

P:5540

P:5541

P:5542

P:5550

P:5551

P:5560

P:5561

P:5570

P:5571

P:5572

P:5580

P:5581

P:5582

P:5583

P:5590

P:5591

P:5592

P:5593

P:5594

P:5595

P:5600

P:5601

P:5602

P:5603

P:5604

P:5605

P:5606

P:5607

P:5608

P:5609

P:56200

P:56201

P:56202

P:56203

P:56204

P:56250

P:56260

P:56261

P:56262

P:56263

P:56264

P:56265

P:56266
OPEN-OK;
P:56300
READ-OK;
P:56301
EVAL-LITERAL-OK;
P:56302
S4A-CALL;S4A-OK;
P:56303
READ-CAR=WRITE-STRING-SERIAL;PROBE-1-LOADED;S4B-OK;
P:56304
S5-EVAL-LIST=OK;
P:56305
S6-FORMAT=X=42;
P:56306
BEFORE-LOAD;AFTER-LOAD;BOUNDP=T;VAL=X=42;
P:56307
SUITE-WROTE;F1-OP=DEFVAR;F1-OK;F2-OP=DEFUN;  WARN: implicit global *PROBE-SUITE-ENTRIES*
F2-OK;F3-OP=DEFMACRO;F3-OK;F4-OP=PROBE-DEFTEST;F4-OK;F5-OP=PROBE-DEFTEST;F5-OK;ALL-FORMS-OK;ENTRIES-BOUND=T;
P:56308

P:56309

P:56310

P:56311

P:56312

P:56320

FAIL 56321

P:56322

P:56323

P:56324
CL-EXTERNAL-COUNT=978;
P:56330
FIND-CAR=EXTERNAL;
P:56331
DES-COUNT=978;
P:56332

P:56333

P:56334

P:56400

P:56401

P:56402

P:56403

P:56404

P:56405

P:56406

P:56407

P:56410

P:56411

P:56412

P:56413

P:56414

P:56415

P:56420

P:56421

P:56422

P:56423

P:56424

P:56430

FAIL 56431

P:56432

FAIL 56433

FAIL 56434

FAIL 56435

P:56440

P:56441

P:56442

P:56443

P:56444

P:56445

P:56446

P:56447

P:56450

P:56448

P:56449

P:56451

P:56460

P:56461

P:56462

P:56463

P:56464

P:56470

P:56471

P:56472

P:56473

P:56474

P:56475

P:56476

FAIL 56480

FAIL 56481

FAIL 56482

FAIL 56483

FAIL 56484

FILE-READ:(A B C)

FAIL 56485

FAIL 56486

FAIL 56487

FAIL 56488

P:56490

FAIL 56491

FAIL 56492

FAIL 56493

P:5610

P:5611

P:5615

P:5620

P:5621

P:5622

P:5623

P:5624

P:5630

P:5631

FAIL 5640

P:5690

P:5691

P:5692

P:5693

ANSI-TOTAL=17625
T:13045

P:13045
T:13046

P:13046
T:13047

P:13047
T:13048

P:13048
T:13049

P:13049
T:13050

P:13050
T:13051

P:13051
T:13052

P:13052
T:13053

P:13053
T:13054

P:13054
T:13055

P:13055
T:13056

P:13056
T:13057

P:13057
T:13058

P:13058
T:13059

P:13059
T:13060

P:13060
T:13061

P:13061
T:13062

P:13062
T:13063

P:13063
T:13064

P:13064
T:13065

P:13065
T:13066

P:13066
T:13067

P:13067
T:13068

P:13068
T:13069

P:13069
T:13070

P:13070
T:13071

P:13071
T:13072

P:13072
T:13073

P:13073
T:13074

P:13074
T:13075

P:13075
T:13076

P:13076
T:13077

P:13077
T:13078

P:13078
T:13079

P:13079
T:13080

P:13080
T:13081

P:13081
T:13082

P:13082
T:13083

P:13083
T:13084

P:13084
T:13085

P:13085
T:13086

P:13086
T:13087

P:13087
T:13088

P:13088
T:13089

P:13089
T:13090

P:13090
T:13091

P:13091
T:13092

P:13092
T:13093

P:13093
T:13094

P:13094
T:13095

P:13095
T:13096

P:13096
T:13097

P:13097
T:13098

P:13098
T:13099

P:13099
T:13100

P:13100
T:13101

P:13101
T:13102

P:13102
T:13103

P:13103
T:13104

P:13104
T:13105

P:13105
T:13106

P:13106
T:13107

P:13107
T:13108

P:13108
T:13109

P:13109
T:13110

P:13110
T:13111

P:13111
T:13112

P:13112
T:13113

P:13113
T:13114

P:13114
T:13115

P:13115
T:13116

P:13116
T:13117

P:13117
T:13118

P:13118
T:13119

P:13119
T:13120

P:13120
T:13121

P:13121
T:13122

P:13122
T:13123

P:13123
T:13124

P:13124
T:13125

P:13125
T:13126

P:13126
T:13127

P:13127
T:13128

P:13128
T:13129

P:13129
T:13130

P:13130
T:13131

P:13131
T:13132

P:13132
T:13133

P:13133
T:13134

P:13134
T:13135

P:13135
T:13136

P:13136
T:13137

P:13137
T:13138

P:13138
T:13139

P:13139
T:13140

P:13140
T:13141

P:13141
T:13142

P:13142
T:13143

P:13143
T:13144

P:13144
T:13145

P:13145
T:13146

P:13146
T:13147

P:13147
T:13148

P:13148
T:13149

P:13149
T:13150

P:13150
T:13151

P:13151
T:13152

P:13152
T:13153

P:13153
T:13154

P:13154
T:13155

P:13155
T:13156

P:13156
T:13157

P:13157
T:13158

P:13158
T:13159

FAIL 13159 GOT:NIL EXP:T
T:13160

P:13160
T:13161

P:13161
T:13162

P:13162
T:13163

FAIL 13163 GOT:NIL EXP:T
T:13164

P:13164
T:13165

P:13165
T:13166

P:13166
T:13167

P:13167
T:13168

P:13168
T:13169

P:13169
T:13170

P:13170
T:13171

P:13171
T:13172

P:13172
T:13173

FAIL 13173 GOT:(440920331 440920331 440920331 440920331 440920331 440920331 42 42) EXP:GOOD
T:13174

P:13174
T:13175

P:13175
T:13176

P:13176
T:13177

P:13177
T:13178

P:13178
T:13179

P:13179
T:13180

P:13180
T:13181

P:13181
T:13182

P:13182
T:13183

P:13183
T:13184

P:13184
T:13185

P:13185
T:13186

P:13186
T:13188

P:13188
T:13189

P:13189
T:13190

P:13190
T:13191

P:13191
T:13192

P:13192
T:13193

P:13193
T:13194

P:13194
T:13195

P:13195
T:13196

P:13196
T:13197

P:13197
T:13198

P:13198
T:13199

P:13199
T:13200

P:13200
T:13201

P:13201
T:13202

P:13202
T:13203

P:13203
T:13204

P:13204
T:13205

P:13205
T:13206

P:13206
T:13207

P:13207
T:13208

P:13208
T:13209

P:13209
T:13210

P:13210
T:13211

P:13211
T:13212

P:13212
T:13213

P:13213
T:13214

P:13214
T:13215

P:13215
T:13216

P:13216
T:13217

P:13217
T:13218

FAIL 13218 GOT:(SHORT-FLOAT SINGLE-FLOAT DOUBLE-FLOAT LONG-FLOAT) EXP:NIL
T:13219

P:13219
T:13220

FAIL 13220 GOT:((-5.000000 (#(%COMPLEX-MARKER -2.292433 3.141592))) (-5.000000 (#(%COMPLEX-MARKER -2.292433 3.141592))) (-15.000000 (#(%COMPLEX-MARKER -3.400097 3.141592))) (-12.000000 (#(%COMPLEX-MARKER -3.176308 3.141592))) (-13.000000 (#(%COMPLEX-MARKER -3.256606 3.141592))) (-2.000000 (#(%COMPLEX-MARKER -1.316957 3.141592))) (-8.000000 (#(%COMPLEX-MARKER -2.768659 3.141592))) (-9.000000 (#(%COMPLEX-MARKER -2.887273 3.141592))) (-7.000000 (#(%COMPLEX-MARKER -2.633913 3.141592))) (-14.000000 (#(%COMPLEX-MARKER -3.330927 3.141592))) (-1.000000 (#(%COMPLEX-MARKER 0.000000 3.141592)))) EXP:NIL
T:13221

FAIL 13221 GOT:((-6.000000 -23.000000 (#(%COMPLEX-MARKER -3.861930 1.825763))) (-20.000000 19.000000 (#(%COMPLEX-MARKER -4.010505 -2.381498))) (-2.000000 13.000000 (#(%COMPLEX-MARKER -3.271164 -1.723011))) (0.000000 -9.000000 (#(%COMPLEX-MARKER 2.893444 -1.570796))) (2.000000 1.000000 (#(%COMPLEX-MARKER 1.469351 0.507356))) (20.000000 27.000000 (#(%COMPLEX-MARKER 4.207755 0.933459))) (-10.000000 21.000000 (#(%COMPLEX-MARKER -3.840181 -2.014873))) (8.000000 -33.000000 (#(%COMPLEX-MARKER 4.218401 -1.333059))) (-22.000000 -7.000000 (#(%COMPLEX-MARKER -3.832060 2.833261))) (-4.000000 35.000000 (#(%COMPLEX-MARKER -4.255158 -1.684548))) (-2.000000 -3.000000 (#(%COMPLEX-MARKER -1.983386 2.141448))) (-16.000000 -25.000000 (#(%COMPLEX-MARKER -4.083801 2.139874))) (18.000000 1.000000 (#(%COMPLEX-MARKER 3.584294 0.055583))) (-28.000000 -21.000000 (#(%COMPLEX-MARKER -4.248498 2.497904))) (6.000000 5.000000 (#(%COMPLEX-MARKER 2.747868 0.698778))) (-8.000000 -17.000000 ...) ...) EXP:NIL
T:13222

P:13222
T:13223

P:13223
T:13224

P:13224
T:13225

P:13225
T:13226

P:13226
T:13227

P:13227
T:13228

P:13228
T:13229

P:13229
T:13230

P:13230
T:13231

P:13231
T:13232

P:13232
T:13233

P:13233
T:13234

P:13234
T:13235

P:13235
T:13236

P:13236
T:13237

P:13237
T:13238

P:13238
T:13239

P:13239
T:13240

P:13240
T:13241

P:13241
T:13242

P:13242
T:13243

P:13243
T:13244

P:13244
T:13245

P:13245
T:13246

P:13246
T:13247

P:13247
T:13248

P:13248
T:13249

P:13249
T:13250

P:13250
T:13251

P:13251
T:13252

P:13252
T:13253

P:13253
T:13254

P:13254
T:13255

P:13255
T:13256

P:13256
T:13257

P:13257
T:13258

P:13258
T:13259

FAIL 13259 GOT:(SHORT-FLOAT SINGLE-FLOAT DOUBLE-FLOAT LONG-FLOAT) EXP:NIL
T:13260

P:13260
T:13261

P:13261
T:13262

FAIL 13262 GOT:((-6.000000 9.000000 (#(%COMPLEX-MARKER -3.073406 0.980818))) (12.000000 -13.000000 (#(%COMPLEX-MARKER 3.566185 -0.824580))) (14.000000 -19.000000 (#(%COMPLEX-MARKER 3.854297 -0.935340))) (-32.000000 -9.000000 (#(%COMPLEX-MARKER -4.197168 -0.274083))) (2.000000 1.000000 (#(%COMPLEX-MARKER 1.528570 0.427078))) (-12.000000 -5.000000 (#(%COMPLEX-MARKER -3.259136 -0.393746))) (22.000000 5.000000 (#(%COMPLEX-MARKER 3.809813 0.223264))) (8.000000 -1.000000 (#(%COMPLEX-MARKER 2.784049 -0.123418))) (10.000000 25.000000 (#(%COMPLEX-MARKER 3.985983 1.190051))) (28.000000 3.000000 (#(%COMPLEX-MARKER 4.031366 0.106668))) (-2.000000 -3.000000 (#(%COMPLEX-MARKER -1.968638 -0.964658))) (-16.000000 7.000000 (#(%COMPLEX-MARKER -3.553847 0.411799))) (-14.000000 1.000000 (#(%COMPLEX-MARKER -3.335998 0.071126))) (4.000000 11.000000 (#(%COMPLEX-MARKER 3.151738 1.220848))) (38.000000 5.000000 (#(%COMPLEX-MARKER 4.339479 0.130783))) (-8.000000 15.000000 ...) ...) EXP:NIL
T:13263

P:13263
T:13264

P:13264
T:13265

P:13265
T:13266

P:13266
T:13267

P:13267
T:13268

P:13268
T:13269

P:13269
T:13270

P:13270
T:13271

P:13271
T:13272

P:13272
T:13273

FAIL 13273 GOT:(((1332.000000 (1.570045)) (2787.000000 (1.570437)) (2278.000000 (1.570357)) (2285.000000 (1.570358)) (2600.000000 (1.570411)) (2375.000000 (1.570375)) (2874.000000 (1.570448)) (2465.000000 (1.570390)) (1116.000000 (1.569900)) (1451.000000 (1.570107)) (1774.000000 (1.570232)) (1365.000000 (1.570063)) (1616.000000 (1.570177)) (2639.000000 (1.570417)) (1778.000000 (1.570233)) (1753.000000 (1.570225)) (1540.000000 (1.570146)) (2163.000000 (1.570333)) (2646.000000 (1.570418)) (1757.000000 (1.570227)) (1784.000000 (1.570235)) (1367.000000 (1.570064)) (1418.000000 (1.570091)) (2097.000000 (1.570319)) (2092.000000 (1.570318)) (2811.000000 (1.570440)) (2558.000000 (1.570405)) (1317.000000 (1.570037)) (1888.000000 (1.570266)) (2335.000000 (1.570368)) (2642.000000 (1.570417)) (1705.000000 (1.570209)) (1940.000000 (1.570280)) ... ...) ...) EXP:(NIL NIL NIL NIL)
T:13274

FAIL 13274 GOT:(((1396.000000 (0.000000)) (1347.000000 (0.000000)) (1894.000000 (0.000000)) (2013.000000 (0.000000)) (1544.000000 (0.000000)) (1319.000000 (0.000000)) (2938.000000 (0.000000)) (2545.000000 (0.000000)) (2364.000000 (0.000000)) (1291.000000 (0.000000)) (2126.000000 (0.000000)) (1349.000000 (0.000000)) (1840.000000 (0.000000)) (2671.000000 (0.000000)) (1698.000000 (0.000000)) (2745.000000 (0.000000)) (1764.000000 (0.000000)) (2195.000000 (0.000000)) (2806.000000 (0.000000)) (1149.000000 (0.000000)) (2056.000000 (0.000000)) (1591.000000 (0.000000)) (2122.000000 (0.000000)) (2241.000000 (0.000000)) (1548.000000 (0.000000)) (1243.000000 (0.000000)) (2398.000000 (0.000000)) (2309.000000 (0.000000)) (1104.000000 (0.000000)) (2047.000000 (0.000000)) (2162.000000 (0.000000)) (1737.000000 (0.000000)) (2804.000000 (0.000000)) ... ...) ...) EXP:(NIL NIL NIL NIL)
T:13275

FAIL 13275 GOT:(((1908.000000 1699.000000 (1.570272)) (1862.000000 2061.000000 (1.570259)) (1384.000000 2567.000000 (1.570073)) (2138.000000 1745.000000 (1.570328)) (1820.000000 1195.000000 (1.570246)) (2350.000000 2037.000000 (1.570370)) (2192.000000 1039.000000 (1.570340)) (2114.000000 2297.000000 (1.570323)) (1220.000000 2675.000000 (1.569976)) (1814.000000 2653.000000 (1.570245)) (1464.000000 1047.000000 (1.570113)) (1322.000000 1633.000000 (1.570039)) (2156.000000 2555.000000 (1.570332)) (1982.000000 1445.000000 (1.570291)) (1472.000000 1119.000000 (1.570116)) (978.000000 1641.000000 (1.569773)) (1556.000000 1539.000000 (1.570153)) (1814.000000 1645.000000 (1.570245)) (1720.000000 2471.000000 (1.570214)) (2426.000000 1137.000000 (1.570384)) (2124.000000 1419.000000 (1.570325)) (1294.000000 1461.000000 (1.570023)) (2208.000000 1183.000000 (1.570343)) (1218.000000 1849.000000 (1.569975)) (1892.000000 2451.000000 (...)) ...) ...) EXP:(NIL NIL NIL NIL)
T:13276

P:13276
T:13277

P:13277
T:13278

P:13278
T:13279

P:13279
T:13280

P:13280
T:13281

FAIL 13281 GOT:(DESCRIPTION) EXP:("Verify if atan handles 0.0 correctly" (FLET ((#<S367322431346347240> (ELT) (= (COERCE PI (TYPE-OF ELT)) ELT)) (#<S348040305698611189> (ELT) (APPROX= (COERCE (/ PI 2) (TYPE-OF ELT)) ELT)) (#<S908418902713636003> (ELT) (APPROX= (COERCE (/ PI -2) (TYPE-OF ELT)) ELT))) (EVERY (LAMBDA (N) (AND (ZEROP (ATAN 0.000000 N)) (#<S367322431346347240> (ATAN 0.000000 (- N))) (#<S348040305698611189> (ATAN N 0.000000)) (#<S908418902713636003> (ATAN (- N) 0.000000)))) (REMOVE-IF-NOT (FUNCTION PLUSP) *FLOATS*))) T)
T:13282

FAIL 13282 GOT:(DESCRIPTION) EXP:("Verify ATAN handling signed zero" (OR (PLUSP (FLOAT-SIGN 0.000000)) (FLET ((#<S8257324053528966> (ELT) (AND (ZEROP ELT) (PLUSP (FLOAT-SIGN ELT)))) (#<S29739726100507328> (ELT) (AND (ZEROP ELT) (MINUSP (FLOAT-SIGN ELT)))) (#<S367322431346347240> (ELT) (= (COERCE PI (TYPE-OF ELT)) ELT)) (#<S979887080050044830> (ELT) (= (COERCE PI (TYPE-OF ELT)) (- ELT)))) (AND (#<S8257324053528966> (ATAN 0.000000 0.000000)) (#<S29739726100507328> (ATAN 0.000000 0.000000)) (#<S367322431346347240> (ATAN 0.000000 0.000000)) (#<S979887080050044830> (ATAN 0.000000 0.000000)) (EVERY (LAMBDA (N) (AND (#<S29739726100507328> (ATAN 0.000000 N)) (#<S8257324053528966> (ATAN 0.000000 N)) (#<S367322431346347240> (ATAN 0.000000 (- N))) (#<S979887080050044830> (ATAN ...)))) ...)))) ...)
T:13283

P:13283
T:13284

P:13284
T:13285

P:13285
T:13286

P:13286
T:13287

P:13287
T:13288

P:13288
T:13289

P:13289
T:13290

FAIL 13290 GOT:(SHORT-FLOAT SINGLE-FLOAT DOUBLE-FLOAT LONG-FLOAT) EXP:NIL
T:13291

P:13291
T:13292

FAIL 13292 GOT:((1021.000000 (#(%COMPLEX-MARKER 0.000979 1.570796))) (679.000000 (#(%COMPLEX-MARKER 0.001472 1.570796))) (161.000000 (#(%COMPLEX-MARKER 0.006211 1.570796))) (171.000000 (#(%COMPLEX-MARKER 0.005848 1.570796))) (53.000000 (#(%COMPLEX-MARKER 0.018870 1.570796))) (879.000000 (#(%COMPLEX-MARKER 0.001137 1.570796))) (361.000000 (#(%COMPLEX-MARKER 0.002770 1.570796))) (115.000000 (#(%COMPLEX-MARKER 0.008695 1.570796))) (461.000000 (#(%COMPLEX-MARKER 0.002169 1.570796))) (679.000000 (#(%COMPLEX-MARKER 0.001472 1.570796))) (113.000000 (#(%COMPLEX-MARKER 0.008849 1.570796))) (251.000000 (#(%COMPLEX-MARKER 0.003984 1.570796))) (85.000000 (#(%COMPLEX-MARKER 0.011765 1.570796))) (479.000000 (#(%COMPLEX-MARKER 0.002087 1.570796))) (953.000000 (#(%COMPLEX-MARKER 0.001049 1.570796))) (307.000000 (#(%COMPLEX-MARKER 0.003257 1.570796))) (765.000000 (#(%COMPLEX-MARKER 0.001307 1.570796))) (839.000000 (#(%COMPLEX-MARKER 0.001191 1.570796))) (... ...) ...) EXP:NIL
T:13293

FAIL 13293 GOT:((11.000100 (#(%COMPLEX-MARKER 0.091159 1.570796))) (0.000100 (0.000100)) (-2.999899 (#(%COMPLEX-MARKER -0.346586 1.570796))) (-3.999899 (#(%COMPLEX-MARKER -0.255419 1.570796))) (-0.999899 (-4.951635)) (-1.999899 (#(%COMPLEX-MARKER -0.549339 1.570796))) (-14.999899 (#(%COMPLEX-MARKER -0.066766 1.570796))) (-7.999899 (#(%COMPLEX-MARKER -0.125658 1.570796))) (-12.999899 (#(%COMPLEX-MARKER -0.077075 1.570796))) (2.000100 (#(%COMPLEX-MARKER 0.549272 1.570796))) (5.000100 (#(%COMPLEX-MARKER 0.202728 1.570796))) (-3.999899 (#(%COMPLEX-MARKER -0.255419 1.570796))) (-0.999899 (-4.951635)) (-25.999900 (#(%COMPLEX-MARKER -0.038480 1.570796))) (25.000099 (#(%COMPLEX-MARKER 0.040021 1.570796))) (0.000100 (0.000100)) (27.000099 (#(%COMPLEX-MARKER 0.037053 1.570796))) (-5.999899 (#(%COMPLEX-MARKER -0.168238 1.570796))) (-2.999899 (#(%COMPLEX-MARKER -0.346586 1.570796))) (-11.999899 (#(%COMPLEX-MARKER -0.083527 1.570796))) ...) EXP:NIL
T:13294

FAIL 13294 GOT:((-20.999900 (#(%COMPLEX-MARKER -0.047655 1.570796))) (26.000099 (#(%COMPLEX-MARKER 0.038480 -1.570796))) (-2.999899 (#(%COMPLEX-MARKER -0.346586 1.570796))) (4.000100 (#(%COMPLEX-MARKER 0.255406 -1.570796))) (31.000099 (#(%COMPLEX-MARKER 0.032269 -1.570796))) (-1.999899 (#(%COMPLEX-MARKER -0.549339 1.570796))) (17.000099 (#(%COMPLEX-MARKER 0.058891 -1.570796))) (8.000100 (#(%COMPLEX-MARKER 0.125655 -1.570796))) (19.000099 (#(%COMPLEX-MARKER 0.052680 -1.570796))) (-29.999900 (#(%COMPLEX-MARKER -0.033345 1.570796))) (-26.999900 (#(%COMPLEX-MARKER -0.037054 1.570796))) (-3.999899 (#(%COMPLEX-MARKER -0.255419 1.570796))) (1.000100 (#(%COMPLEX-MARKER 4.951685 -1.570796))) (6.000100 (#(%COMPLEX-MARKER 0.168233 -1.570796))) (-6.999899 (#(%COMPLEX-MARKER -0.143843 1.570796))) (0.000100 (#(%COMPLEX-MARKER 0.000100 0.000000))) (-4.999899 (#(%COMPLEX-MARKER -0.202736 1.570796))) (2.000100 (#(%COMPLEX-MARKER 0.549272 -1.570796))) (... ...) ...) EXP:NIL
T:13295

FAIL 13295 GOT:((11.000100 (#(%COMPLEX-MARKER 0.000000 1.480137))) (-5.999899 (#(%COMPLEX-MARKER -0.000000 -1.405644))) (29.000099 (#(%COMPLEX-MARKER -0.000000 1.536327))) (-27.999900 (#(%COMPLEX-MARKER -0.000000 -1.535097))) (-0.999899 (#(%COMPLEX-MARKER 0.000000 -0.785348))) (30.000099 (#(%COMPLEX-MARKER 0.000000 1.537475))) (-14.999899 (#(%COMPLEX-MARKER -0.000000 -1.504227))) (8.000100 (#(%COMPLEX-MARKER 0.000000 1.446442))) (-0.999899 (#(%COMPLEX-MARKER 0.000000 -0.785348))) (2.000100 (#(%COMPLEX-MARKER 0.000000 1.107168))) (5.000100 (#(%COMPLEX-MARKER 0.000000 1.373404))) (-3.999899 (#(%COMPLEX-MARKER 0.000000 -1.325811))) (7.000100 (#(%COMPLEX-MARKER -0.000000 1.428901))) (-25.999900 (#(%COMPLEX-MARKER -0.000000 -1.532353))) (1.000100 (#(%COMPLEX-MARKER 0.000000 0.785448))) (-15.999899 (#(%COMPLEX-MARKER -0.000000 -1.508377))) (27.000099 (#(%COMPLEX-MARKER -0.000000 1.533776))) (10.000100 (#(%COMPLEX-MARKER 0.000000 1.471128))) (... ...) ...) EXP:NIL
T:13296

P:13296
T:13297

P:13297
T:13298

P:13298
T:13299

P:13299
T:13300

P:13300
T:13301

P:13301
T:13302

P:13302
T:13303

P:13303
T:13304

P:13304
T:13305

P:13305
T:13306

P:13306
T:13307

P:13307
T:13308

P:13308
  WARN: implicit global BOOLE-1
  WARN: implicit global BOOLE-2
  WARN: implicit global BOOLE-AND
  WARN: implicit global BOOLE-ANDC1
  WARN: implicit global BOOLE-ANDC2
  WARN: implicit global BOOLE-C1
  WARN: implicit global BOOLE-C2
  WARN: implicit global BOOLE-CLR
  WARN: implicit global BOOLE-EQV
  WARN: implicit global BOOLE-IOR
  WARN: implicit global BOOLE-NAND
  WARN: implicit global BOOLE-NOR
  WARN: implicit global BOOLE-ORC1
  WARN: implicit global BOOLE-ORC2
  WARN: implicit global BOOLE-SET
  WARN: implicit global BOOLE-XOR
T:13309

P:13309
T:13310

P:13310
T:13311

P:13311
T:13312

P:13312
T:13313

P:13313
T:13314

P:13314
T:13315

P:13315
T:13316

P:13316
T:13317

P:13317
T:13318

P:13318
T:13319

P:13319
T:13320

P:13320
T:13321

P:13321
T:13322

P:13322
T:13323

P:13323
T:13324

P:13324

1055/1082 DONE
