ANSI-TEST

P:57001

P:57002

P:57003

P:57120

P:57200

P:57300

P:3001

P:3002

P:3003

P:3004

P:3005

P:3091

P:3092

P:3110

P:3111

P:3093

P:3094

P:3095

P:3096

P:3097

P:1399

P:1401

P:1402

P:1403

P:1404

P:1405

P:1410

P:1411

P:1412

P:1413

P:1415

P:1416

P:1417

P:1418

P:1420

P:1421

P:1425

P:1426

P:1427

P:1428

P:1428

P:1429

P:1429

P:1430

P:1431

P:1433

P:1434

P:1435

P:1436

P:1440

P:1441

P:1442

P:1443

P:1501

P:1502

P:1503

P:1504

P:1505

P:1510

P:1511

P:1512

P:1520

P:1521

P:1530

P:1531

P:1532

P:1540

P:1541

P:1542

P:1543

P:1550

P:1551

P:1552

P:1560

P:1561

P:1562

P:1570

P:1571

P:1200

P:1201

P:1202

P:1203

P:1204

P:1205

P:1210

P:1211

P:1212

P:1220

P:1221

P:1222

P:1223

P:1230

P:1231

P:1232

P:1235

P:1236

P:1237

P:1240

P:1241

P:1242

P:1243

P:1250

P:1251

P:1252

P:1255

P:1256

P:1257

P:1260

P:1261

P:1262

P:1265

P:1266

P:1267

P:1270

P:1271

P:1272

P:1275

P:1276

P:1280

P:1281

P:1282

P:1300

P:1301

P:1302

P:1305

P:1306

P:1307

P:1310

P:1311

P:1312

P:1315

P:1316

P:1317

P:1318

P:1320

P:1321

P:500

P:501

P:502

P:503

P:510

P:511

P:515

P:516

P:520

P:521

P:522

P:530

P:531

P:532

P:533

P:534

P:540

P:541

P:542

P:543

P:544

P:550

P:551

P:552

P:553

P:600

P:601

P:602

P:610

P:611

P:620

P:625

P:650

P:651

P:670

P:671

P:672

P:700

P:701

P:702

P:710

P:711

P:712

P:713

P:1000

P:1001

P:1002

P:1010

P:1011

P:1700

P:1701

P:1702

P:1703

P:1704

P:1710

P:1711

P:1712

P:1720

P:1721

P:1722

P:1800

P:1801

P:1802

P:1810

P:1811

P:1812

P:1900

P:1901

P:1910

P:1915

P:2000

P:2099

P:2098

P:2001

P:2002

P:2010

P:2011

P:2012

P:2020

P:2021

P:2022

P:2030

P:2031

P:2040

P:2041

P:2050

P:2060

P:2070

P:2080

P:750

P:751

P:752

P:753

P:754

P:755

P:2100

P:2101

P:2102

P:2110

P:2111

P:2120

P:2121

P:2130

P:2131

P:2132

P:2150

P:2151

P:2160

P:2161

P:2162

P:2170

P:2171

P:2180

P:2250

P:2251

P:2260

P:2261

P:2262

P:2263

P:2270

P:2271

P:2275

P:2280

P:2281

P:2300

P:2301

P:2302
T:2300

P:2300
T:2301

P:2301
T:2302

P:2302
T:2380

P:2380
T:2381

P:2381
T:2382

P:2382
T:2383

P:2383
T:2384

P:2384
T:2385

P:2385
T:2386

P:2386
T:2387

P:2387
T:2388

P:2388
T:3900

P:3900
T:3901

P:3901
T:3902

P:3902
T:3903

P:3903
T:3904

P:3904
T:3905

P:3905
T:3906

P:3906
T:3907

P:3907
T:3908

P:3908
T:3909

P:3909
T:3910

P:3910
T:3911

P:3911
T:3912

P:3912
T:3913

P:3913
T:3914

P:3914
T:3915

P:3915
T:3916

P:3916
T:3917

P:3917
T:3918

P:3918
T:3919

P:3919
T:3920

P:3920
T:3921

P:3921
T:3922

P:3922
T:3923

P:3923
T:3924

P:3924
T:3925

P:3925
T:3926

P:3926
hello
P:2200
42
P:2201
42
P:2202
1 2 3
P:2203
(1 . 2)
P:2204
NIL
P:2205


P:2206
T:2210

P:2210
T:2211

P:2211
T:2212

P:2212

P:2400

P:2401

P:2402

P:2403

P:2450

FAIL 2700

P:2701

FAIL 2702

P:2703

P:2710

P:2711

P:2712

P:2713

P:2714

P:2600

P:2601

P:2610

P:2620

P:2621

P:2630

P:2631

P:2500

P:2501

P:2502

P:2503

P:2504

P:2400

P:2402

P:2403

P:2404
T:99999

P:99999

P:2405

P:2406

P:NIL

P:2407

P:2408

P:2409

P:2410

P:2411

P:2412

P:2413

P:2416

P:8240

P:8241

P:8242

P:8243

P:8244

P:8245

P:8246

P:8247

P:8248

P:8249

P:8250

P:8251

P:8252

P:8253

P:8254

P:8255

P:8320

P:8321

P:8327

P:8328

P:8329

P:8330

P:8331

P:8332

P:8333

P:8334

P:8335

P:8336

P:8337

P:8338

P:8339

P:8340

P:8341

P:8342

P:8343

P:8344

P:8322

P:8323

P:8324

P:8325

P:8326

P:8180

P:8181

P:8182

P:8183

P:8184

P:8185

P:8186

P:8420

P:8427

P:8428

P:8429
T:8401

P:8401
T:8402

P:8402
T:8300

P:8300
T:8301

P:8301
T:8302

P:8302
T:8303

P:8303
T:8304

P:8304
T:8305

P:8305
T:8306

P:8306
T:8307

P:8307
T:8308

P:8308
T:8309

P:8309
T:8310

P:8310
T:8311

P:8311
T:8312

P:8312

P:9000

P:9001

P:8780

P:8781

P:8782

P:8783

P:8784

P:8640

P:8641

P:8642

P:8643

P:8644

P:8645

P:8646

P:8690

P:8692

P:8697

P:8698

P:8699

P:8684

P:8685

P:8686

P:8687

P:8679

P:8681

P:8682

P:8683

P:8694

P:8696

P:8660

FAIL 8661

P:8662

P:8663

P:8700

P:8701

P:8710

P:8711

P:8713

P:8714

P:8716

P:8980

P:8981

P:9700

P:9701

P:9702

P:9703

P:9704

P:9705

P:9706

P:9707

P:9708

P:9709

P:9710

P:9711

P:9712

P:9713

P:9714

P:9715

P:9716

P:9717

P:9718

P:9719

P:9720

P:9721

P:9722

P:9723

P:9724

P:9725

P:9726

P:9727

P:9728

P:9729

P:9730

P:9731

P:9732

P:9733

P:9287

P:9288

P:9289

P:9290

P:9291

P:9292

P:9293

P:9294

P:8840

P:8841

P:8842

P:8843

P:8844

P:8845

P:8846

P:8847

P:8848

P:8849

P:8850

P:8851

P:8852

P:8853

P:8854

P:8855

P:8856

P:8857

P:8858

P:8859

P:8860

P:8861

P:8862

P:8863

P:9752

P:9760

P:9761

P:9762

FAIL 9763

P:9010

P:9020

P:9030

P:9031

P:9032

P:9033

P:9034

P:9035

P:9036

P:9037

P:9038

P:9901

P:9902

P:9903

P:9904

P:9905

P:9906

P:9907

P:9910

P:9911

P:9912

P:9920

P:9921

P:9922

P:9930

P:9931

P:9932

P:9933

P:9934
T:9935

P:9935

P:9936

P:9937

P:9938

P:9939

P:9980

P:9981

P:9982

P:9983

P:9940

P:9941

P:9942

P:9943

P:9944

P:9945

P:9946

P:9947

P:9948

P:9949

P:9950

P:9951

P:9952

FAIL 9960

P:9961

P:9962

P:9963

P:9964

P:9970

P:9971

P:9972

P:9480

P:9481

P:9482

P:9483

P:9484

P:9485

P:9486

P:9487

P:9488

P:9489

P:9801

P:9802

P:9803

P:9804

P:9811

P:9812

P:9813

P:9814

P:9815

P:9820

P:9821

P:9822

P:9823

FAIL 9824

P:9831

P:9837

P:9838

P:9835

P:9836

P:9980

P:9982

P:9983

P:9997

P:9984

P:9985

P:9986

P:9987

P:9988

P:9989

P:9990

P:9991

P:9992

P:9993

P:9994

P:8720

P:8721

P:8722

P:9996

P:9998

P:9999

P:8620

P:8621

P:8622

P:8623

P:8624

P:8625

P:8626

P:8627

P:8628

P:8629

P:8640

P:8641

P:8642

P:8643

P:8650

P:8651

P:8652

P:8653
T:9560

P:9560
T:9561

P:9561
T:9565

P:9565
T:9566

P:9566
T:9562

P:9562
T:9563

P:9563
T:9564

P:9564
T:9570

P:9570
T:9571

P:9571
T:9572

P:9572
T:9574

P:9574
T:9575

P:9575
T:9573

FAIL 9573 GOT:(NIL A NIL) EXP:(0 A A)
T:9120

P:9120
T:9121

P:9121
T:9122

P:9122
T:9123

P:9123
T:9124

P:9124
T:9040

P:9040
T:9041

P:9041
T:9042

P:9042
T:9043

P:9043
T:9044

P:9044
T:9045

P:9045
T:9046

P:9046
T:9047

P:9047
T:9048

P:9048
T:9049

P:9049
T:9050

P:9050
T:9051

P:9051
T:9052

P:9052
T:9053

FAIL 9053 GOT:"X" EXP:T
T:9054

P:9054
T:9055

P:9055
T:9056

P:9056
T:9057

P:9057
  WARN: implicit global *READTABLE*
T:9520

P:9520
T:9521

P:9521
T:9522

P:9522
T:9524

P:9524
T:9526

FAIL 9526 GOT:NIL EXP:GOOD
T:9525

P:9525
T:9523

FAIL 9523 GOT:CRASHED EXP:GOOD
  WARN: implicit global *CATCH-ACTIVE*
  WARN: implicit global *CURRENT-CONDITION*
T:8440

P:8440
  WARN: implicit global *CATCH-ACTIVE*
  WARN: implicit global *CURRENT-CONDITION*
T:8441

P:8441
  WARN: implicit global *CATCH-ACTIVE*
  WARN: implicit global *CURRENT-CONDITION*
T:8442

P:8442
  WARN: implicit global *CURRENT-CONDITION*
  WARN: implicit global *CATCH-ACTIVE*
  WARN: implicit global *CATCH-TAG*
  WARN: implicit global *CATCH-VALUE*
  WARN: implicit global *CATCH-ACTIVE*
  WARN: implicit global *CURRENT-CONDITION*
T:8443

P:8443
T:8444

P:8444
T:8445

P:8445
  WARN: implicit global *CATCH-ACTIVE*
  WARN: implicit global *CURRENT-CONDITION*
T:8446

P:8446
T:8447

P:8447
  WARN: implicit global *CATCH-ACTIVE*
  WARN: implicit global *CURRENT-CONDITION*
T:8500

P:8500
  WARN: implicit global *CATCH-ACTIVE*
  WARN: implicit global *CURRENT-CONDITION*
T:8501

P:8501
  WARN: cannot compile #<?>, using nil
  WARN: cannot compile #<?>, using nil
  WARN: implicit global setq *CATCH-TAG*
  WARN: implicit global setq *CATCH-VALUE*
  WARN: implicit global setq *CATCH-ACTIVE*
  WARN: implicit global *CURRENT-CONDITION*
T:8502

P:8502
  WARN: implicit global *CATCH-ACTIVE*
  WARN: implicit global *CURRENT-CONDITION*
T:8503

P:8503
  WARN: implicit global *CATCH-ACTIVE*
  WARN: implicit global *CURRENT-CONDITION*
T:8504

P:8504
T:9539

P:9539
T:9160

P:9160
T:9161

P:9161
T:9162

P:9162
T:9163

P:9163
T:9164

P:9164
T:9165

P:9165
T:9166

P:9166
T:9167

P:9167
T:9168

P:9168
T:9169

P:9169
T:8880

P:8880
T:8881

P:8881
T:8882

FAIL 8882 GOT:(0 NIL NIL) EXP:(2 7 9)
T:8883

P:8883
T:8884

P:8884
T:8887

P:8887
T:8820

P:8820
T:8821

P:8821
T:8822

P:8822
T:8823

P:8823
T:8824

P:8824
T:8260

P:8260
T:8261

P:8261
T:8262

P:8262
T:8263

P:8263
T:8264

P:8264
T:8265

P:8265
T:8266

P:8266
T:8267

P:8267
T:8270

P:8270
T:8271

P:8271
T:8272

P:8272
T:8273

P:8273
T:8275

P:8275
T:8200

P:8200
T:8201

P:8201
T:8202

P:8202
T:8203

P:8203
T:8204

P:8204
T:8205

P:8205
T:8206

P:8206
T:8207

P:8207
T:9180

P:9180
T:9181

P:9181
T:9182

P:9182
T:9183

P:9183
T:9184

P:9184
T:9185

P:9185
T:9186

P:9186
T:9187

P:9187
T:9188

P:9188
T:9189

P:9189
T:9190

P:9190
T:9191

P:9191
T:9192

P:9192
T:9193

P:9193
T:9194

P:9194
T:9195

P:9195
T:9196

P:9196
T:9197

P:9197
T:9198

P:9198
T:9199

P:9199
T:9200

P:9200
T:9201

P:9201
T:9202

P:9202
T:9203

P:9203
T:9204

P:9204
T:9205

P:9205
T:9206

P:9206
T:9207

P:9207
T:9208

P:9208
T:9209

P:9209
T:9210

FAIL 9210 GOT:(QUOTE X) EXP:(QUOTE X)
T:9211

FAIL 9211 GOT:BACKQUOTE EXP:QUASIQUOTE
T:9212

P:9212
T:9213

FAIL 9213 GOT:(A (B C) D) EXP:(A (B C) D)
T:9214

P:9214
T:9215

P:9215
T:9216

P:9216
T:9217

P:9217
T:9218

P:9218
T:9219

P:9219
T:9220

P:9220
T:9221

P:9221
T:9222

P:9222
T:9223

P:9223
T:9224

P:9224
T:9225

P:9225
T:9226

P:9226
T:9227

P:9227
T:9228

P:9228
T:9229

P:9229
T:9230

P:9230
T:9231

P:9231
T:9232

P:9232
T:9233

P:9233
T:9234

P:9234
T:9235

P:9235
T:9236

P:9236
T:9237

P:9237
T:9238

P:9238
T:9239

P:9239
T:9240

P:9240
T:9241

P:9241
T:9242

P:9242
T:9243

P:9243
T:9244

P:9244
T:9245

P:9245
T:9246

P:9246
T:9247

P:9247
T:9248

P:9248
T:9249

P:9249
T:9250

P:9250
T:9251

P:9251
T:9252

P:9252
T:9253

P:9253
T:9254

P:9254
T:9255

P:9255
T:9256

P:9256
T:9257

P:9257
T:9258

P:9258
T:9259

P:9259
T:9260

FAIL 9260 GOT:NIL EXP:GOOD
T:9261

FAIL 9261 GOT:NIL EXP:GOOD
T:9262

FAIL 9262 GOT:NIL EXP:1
T:9263

FAIL 9263 GOT:NIL EXP:2
T:9264

P:9264
T:9265

P:9265
T:9266

P:9266
T:9267

FAIL 9267 GOT:NIL EXP:(T aZ)
T:9268

FAIL 9268 GOT:NIL EXP:GOOD
T:9540

P:9540
T:9541

P:9541
T:9542

P:9542

T:9543

P:9543
T:9544

P:9544
T:9545

P:9545
T:9546

P:9546
T:9200

P:9200
T:9204

P:9204
T:9205

P:9205
T:9210

P:9210
T:9211

P:9211
T:9232

P:9232
T:9233

P:9233
T:9234

P:9234
T:9237

P:9237
T:9213

P:9213
T:9214

P:9214
T:9215

P:9215
T:9206

P:9206
T:9207

P:9207
T:9208

P:9208
T:9260

P:9260
T:9261

P:9261
T:9262

P:9262
T:9263

P:9263
T:9264

P:9264
T:9265

P:9265
T:9266

P:9266
T:9267

P:9267

P:5001

P:5002

P:5010

P:5011

P:5012

P:5013

P:5014

P:5020

P:5021

P:5022

P:5030

P:5031

P:5040

P:5041

P:5042

P:5050

P:5051

P:5060

P:5061

P:5062

P:5070

P:5071

P:5072

P:5080

P:5081

P:5090

P:5095

P:5100

P:5110

P:5120

P:5125

P:5130

P:5140

P:5141

P:5142

P:5143

P:5150

P:5151

P:5160

P:5170

P:5171

P:5180

P:5190

P:5200

P:5210

P:5220

P:5230

P:5231

P:5240

P:5241

P:5250

P:5260

P:5270

P:5271

P:5500

P:5501

P:5502

P:5510

P:5511

P:5512

P:5513

P:5514

P:5520

P:5521

P:5522

P:5523

P:5524

P:5525

P:5530

P:5531

P:5540

P:5541

P:5542

P:5550

P:5551

P:5560

P:5561

P:5570

P:5571

P:5572

P:5580

P:5581

P:5582

P:5583

P:5590

P:5591

P:5592

P:5593

P:5594

P:5595

P:5600

P:5601

P:5602

P:5603

P:5604

P:5605

P:5606

P:5607

P:5608

P:5609

P:56200

P:56201

P:56202

P:56203

P:56204

P:56250

P:56260

P:56261

P:56262

P:56263

P:56264

P:56265

P:56266
OPEN-OK;
P:56300
READ-OK;
P:56301
EVAL-LITERAL-OK;
P:56302
S4A-CALL;S4A-OK;
P:56303
READ-CAR=WRITE-STRING-SERIAL;PROBE-1-LOADED;S4B-OK;
P:56304
S5-EVAL-LIST=OK;
P:56305
S6-FORMAT=X=42;
P:56306
BEFORE-LOAD;AFTER-LOAD;BOUNDP=T;VAL=X=42;
P:56307
SUITE-WROTE;F1-OP=DEFVAR;F1-OK;F2-OP=DEFUN;  WARN: implicit global *PROBE-SUITE-ENTRIES*
F2-OK;F3-OP=DEFMACRO;F3-OK;F4-OP=PROBE-DEFTEST;F4-OK;F5-OP=PROBE-DEFTEST;F5-OK;ALL-FORMS-OK;ENTRIES-BOUND=T;
P:56308

P:56309

P:56310

P:56311

P:56312

P:56320

FAIL 56321

P:56322

P:56323

P:56324
CL-EXTERNAL-COUNT=978;
P:56330
FIND-CAR=EXTERNAL;
P:56331
DES-COUNT=978;
P:56332

P:56333

P:56334

P:56400

P:56401

P:56402

P:56403

P:56404

P:56405

P:56406

P:56407

P:56410

P:56411

P:56412

P:56413

P:56414

P:56415

P:56420

P:56421

P:56422

P:56423

P:56424

P:56430

FAIL 56431

P:56432

FAIL 56433

FAIL 56434

FAIL 56435

P:56440

P:56441

P:56442

P:56443

P:56444

P:56445

P:56446

P:56447

P:56450

P:56448

P:56449

P:56451

P:56460

P:56461

P:56462

P:56463

P:56464

P:56470

P:56471

P:56472

P:56473

P:56474

P:56475

P:56476

FAIL 56480

FAIL 56481

FAIL 56482

FAIL 56483

FAIL 56484

FILE-READ:EOF

FAIL 56485

FAIL 56486

FAIL 56487

FAIL 56488

P:56490

FAIL 56491

FAIL 56492

FAIL 56493

P:5610

P:5611

P:5615

P:5620

P:5621

P:5622

P:5623

P:5624

P:5630

P:5631

FAIL 5640

P:5690

P:5691

P:5692

P:5693

ANSI-TOTAL=17625
T:19564

P:19564
T:19565

P:19565
T:19566

P:19566
T:19567

P:19567
T:19568

P:19568
T:19569

P:19569
T:19570

P:19570
T:19571

P:19571
T:19572

P:19572
T:19573

P:19573
T:19574

P:19574
T:19575

P:19575
T:19576

P:19576
T:19577

P:19577
T:19578

P:19578
T:19579

P:19579
T:19580

P:19580
T:19581

P:19581
T:19582

P:19582
T:19583

P:19583
T:19584

P:19584
T:19585

P:19585
T:19586

P:19586
T:19587

P:19587
T:19588

P:19588
T:19589

P:19589
T:19590

P:19590
T:19591

P:19591
T:19592

P:19592
T:19593

P:19593
T:19594

P:19594
T:19595

P:19595
T:19596

P:19596
T:19597

P:19597
T:19598

P:19598
T:19599

P:19599
T:19600

P:19600
T:19601

P:19601
T:19602

P:19602
T:19603

P:19603
T:19604

P:19604
T:19605

P:19605
T:19606

P:19606
T:19607

P:19607
T:19608

P:19608
T:19609

P:19609
T:19610

P:19610
T:19611

P:19611
T:19612

P:19612
T:19613

P:19613
T:19614

P:19614
T:19615

P:19615
T:19616

P:19616
T:19617

P:19617
T:19618

P:19618
T:19619

P:19619
T:19620

P:19620
T:19621

P:19621
T:19622

P:19622
T:19623

P:19623
T:19624

P:19624
T:19625

P:19625
T:19626

P:19626
T:19627

P:19627
T:19628

P:19628
T:19629

P:19629
T:19630

P:19630
T:19631

P:19631
T:19632

P:19632
T:19633

P:19633
T:19634

P:19634
T:19635

P:19635
T:19636

P:19636
T:19637

P:19637
T:19638

P:19638
T:19639

P:19639
T:19640

P:19640
T:19641

P:19641
T:19642

P:19642
T:19643

P:19643
T:19644

P:19644
T:19645

P:19645
T:19646

P:19646
T:19647

P:19647
T:19648

P:19648
T:19649

P:19649
T:19650

P:19650
T:19651

P:19651
T:19652

P:19652
T:19653

P:19653
T:19654

P:19654
T:19655

P:19655
T:19656

P:19656
T:19657

P:19657
T:19658

P:19658
T:19659

P:19659
T:19660

P:19660
T:19661

P:19661
T:19662

P:19662
T:19663

P:19663
T:19664

P:19664
T:19665

P:19665
T:19666

P:19666
T:19667

P:19667
T:19668

P:19668
T:19669

P:19669
T:19670

P:19670
T:19671

P:19671
T:19672

P:19672
T:19673

P:19673
T:19674

P:19674
T:19675

P:19675
T:19676

P:19676
T:19677

P:19677
T:19678

P:19678
T:19679

P:19679
T:19680

P:19680
T:19681

P:19681
T:19682

P:19682
T:19683

P:19683
T:19684

P:19684
T:19685

P:19685
T:19686

P:19686
T:19687

P:19687
T:19688

P:19688
T:19689

P:19689
T:19690

P:19690
T:19691

P:19691
T:19692

P:19692
T:19693

P:19693
T:19694

P:19694
T:19695

P:19695
T:19696

P:19696
T:19697

P:19697
T:19698

P:19698
T:19699

P:19699
T:19700

P:19700
T:19701

P:19701
T:19702

P:19702
T:19703

P:19703
T:19704

P:19704
T:19705

P:19705
T:19706

P:19706
T:19707

P:19707
T:19708

P:19708
T:19709

P:19709
T:19710

P:19710
T:19711

P:19711
T:19712

P:19712
T:19713

P:19713
T:19714

P:19714
T:19715

P:19715
T:19716

P:19716
T:19717

P:19717
T:19718

P:19718
T:19719

P:19719
T:19720

P:19720
T:19721

P:19721
T:19722

P:19722
T:19723

P:19723
T:19724

P:19724
T:19725

P:19725
T:19726

P:19726
T:19727

P:19727
T:19728

P:19728
T:19729

P:19729
T:19730

P:19730
T:19731

P:19731
T:19732

P:19732
T:19733

P:19733
T:19734

P:19734
T:19735

P:19735
T:19736

P:19736
T:19737

FAIL 19737 GOT:#<?52> EXP:#(#\A #\B #\C)
T:19738

P:19738
T:19739

P:19739
T:19740

P:19740
T:19741

P:19741
T:19742

P:19742
T:19743

P:19743
T:19744

P:19744
T:19745

P:19745
T:19746

P:19746
T:19747

P:19747
T:19748

P:19748
T:19749

P:19749
T:19750

P:19750
T:19751

P:19751
T:19752

P:19752
T:19753

P:19753
T:19754

P:19754
T:19755

P:19755
T:19756

P:19756
T:19757

P:19757
T:19758

P:19758
T:19759

P:19759
T:19760

P:19760
T:19761

P:19761
T:19762

P:19762
T:19763

P:19763
T:19764

P:19764
T:19765

P:19765
T:19766

P:19766
T:19767

P:19767
T:19768

P:19768
T:19769

P:19769
T:19770

P:19770
T:19771

P:19771
T:19772

P:19772
T:19773

P:19773
T:19774

P:19774
T:19775

P:19775
T:19776

P:19776
T:19777

FAIL 19777 GOT:(NIL 3 1 2 3) EXP:(F 3 1 2 3)
T:19778

P:19778
T:19779

FAIL 19779 GOT:(Z #<?52>) EXP:(Z #<?52>)
T:19780

P:19780
T:19781

P:19781
T:19782

FAIL 19782 GOT:(#\z "P   ¬") EXP:(#\z #<?52>)
T:19783

FAIL 19783 GOT:(0 #<?52>) EXP:(0 #<?52>)
T:19784

P:19784
T:19785

P:19785
T:19786

P:19786
T:19787

P:19787
T:19788

P:19788
T:19789

P:19789
T:19790

P:19790
T:19791

P:19791
T:19792

P:19792
T:19793

P:19793
T:19794

P:19794
T:19795

P:19795
T:19796

P:19796
T:19797

P:19797
T:19798

P:19798
T:19799

P:19799
T:19800

P:19800
T:19801

P:19801
T:19802

P:19802
T:19803

P:19803
T:19804

P:19804
T:19805

P:19805
T:19806

P:19806
T:19807

P:19807
T:19808

P:19808
T:19809

P:19809
T:19810

P:19810
T:19811

P:19811
T:19812

P:19812
T:19813

P:19813
T:19814

P:19814
T:19815

P:19815
T:19816

P:19816
T:19817

P:19817
T:19818

P:19818
T:19819

P:19819
T:19820

P:19820
T:19821

P:19821
T:19822

P:19822
T:19823

P:19823
T:19824

P:19824
T:19825

P:19825
T:19826

P:19826
T:19827

P:19827
T:19828

P:19828
T:19829

P:19829
T:19830

P:19830
T:19831

P:19831
T:19832

P:19832
T:19833

P:19833
T:19834

P:19834
T:19835

P:19835
T:19836

P:19836
T:19837

P:19837
T:19838

P:19838
T:19839

P:19839
T:19840

P:19840
T:19841

P:19841
T:19842

P:19842
T:19843

P:19843
T:19844

P:19844
T:19845

P:19845
T:19846

P:19846
T:19847

P:19847
T:19848

P:19848
T:19849

P:19849
T:19850

P:19850
T:19851

P:19851
T:19852

P:19852
T:19853

P:19853
T:19854

P:19854
T:19855

P:19855
T:19856

P:19856
T:19857

P:19857
T:19858

P:19858
T:19859

P:19859
T:19860

P:19860
T:19861

P:19861
T:19862

P:19862
T:19863

P:19863
T:19864

P:19864
T:19865

P:19865
T:19866

P:19866
T:19867

P:19867
T:19868

P:19868
T:19869

P:19869
T:19870

P:19870
T:19871

P:19871
T:19872

P:19872
T:19873

P:19873
T:19874

P:19874
T:19875

P:19875
T:19876

P:19876
T:19877

P:19877
T:19878

P:19878
T:19879

P:19879
T:19880

P:19880
T:19881

P:19881
T:19882

P:19882
T:19883

P:19883
T:19884

P:19884
T:19885

P:19885
T:19886

P:19886
T:19887

P:19887
T:19888

P:19888
T:19889

P:19889
T:19890

P:19890
T:19891

P:19891
T:19892

P:19892
T:19893

P:19893
T:19894

P:19894
T:19895

P:19895
T:19896

P:19896
T:19897

P:19897
T:19898

P:19898
T:19899

P:19899
T:19900

P:19900
T:19901

P:19901
T:19902

P:19902
T:19903

P:19903
T:19904

P:19904
T:19905

P:19905
T:19906

P:19906
T:19907

P:19907
T:19908

P:19908
T:19909

P:19909
T:19910

P:19910
T:19911

P:19911
T:19912

P:19912
T:19913

P:19913
T:19914

P:19914
T:19915

P:19915
T:19916

P:19916
T:19917

P:19917
T:19918

P:19918
T:19919

P:19919
T:19920

P:19920
T:19921

P:19921
T:19922

P:19922
T:19923

P:19923
T:19924

P:19924
T:19925

P:19925
T:19926

P:19926
T:19927

P:19927
T:19928

P:19928
T:19929

P:19929
T:19930

P:19930
T:19931

P:19931
T:19932

P:19932
T:19933

P:19933
T:19934

P:19934
T:19935

P:19935
T:19936

P:19936
T:19937

P:19937
T:19938

P:19938
T:19939

P:19939
T:19940

P:19940
T:19941

P:19941
T:19942

P:19942
T:19943

P:19943
T:19944

P:19944
T:19945

P:19945
T:19946

P:19946
T:19947

P:19947
T:19948

P:19948
T:19949

P:19949
T:19950

P:19950
T:19951

P:19951
T:19952

P:19952
T:19953

P:19953
T:19954

P:19954
T:19955

P:19955
T:19956

P:19956
T:19957

P:19957
T:19958

P:19958
T:19959

P:19959
T:19960

P:19960
T:19961

P:19961
T:19962

P:19962
T:19963

P:19963
T:19964

P:19964
T:19965

P:19965
T:19966

P:19966
T:19967

P:19967
T:19968

P:19968
T:19969

P:19969
T:19970

P:19970
T:19971

P:19971
T:19972

P:19972

1054/1082 DONE
