ANSI-TEST

P:57001

P:57002

P:57003

P:57120

P:57200

P:57300

P:3001

P:3002

P:3003

P:3004

P:3005

P:3091

P:3092

P:3110

P:3111

P:3093

P:3094

P:3095

P:3096

P:3097

P:1399

P:1401

P:1402

P:1403

P:1404

P:1405

P:1410

P:1411

P:1412

P:1413

P:1415

P:1416

P:1417

P:1418

P:1420

P:1421

P:1425

P:1426

P:1427

P:1428

P:1428

P:1429

P:1429

P:1430

P:1431

P:1433

P:1434

P:1435

P:1436

P:1440

P:1441

P:1442

P:1443

P:1501

P:1502

P:1503

P:1504

P:1505

P:1510

P:1511

P:1512

P:1520

P:1521

P:1530

P:1531

P:1532

P:1540

P:1541

P:1542

P:1543

P:1550

P:1551

P:1552

P:1560

P:1561

P:1562

P:1570

P:1571

P:1200

P:1201

P:1202

P:1203

P:1204

P:1205

P:1210

P:1211

P:1212

P:1220

P:1221

P:1222

P:1223

P:1230

P:1231

P:1232

P:1235

P:1236

P:1237

P:1240

P:1241

P:1242

P:1243

P:1250

P:1251

P:1252

P:1255

P:1256

P:1257

P:1260

P:1261

P:1262

P:1265

P:1266

P:1267

P:1270

P:1271

P:1272

P:1275

P:1276

P:1280

P:1281

P:1282

P:1300

P:1301

P:1302

P:1305

P:1306

P:1307

P:1310

P:1311

P:1312

P:1315

P:1316

P:1317

P:1318

P:1320

P:1321

P:500

P:501

P:502

P:503

P:510

P:511

P:515

P:516

P:520

P:521

P:522

P:530

P:531

P:532

P:533

P:534

P:540

P:541

P:542

P:543

P:544

P:550

P:551

P:552

P:553

P:600

P:601

P:602

P:610

P:611

P:620

P:625

P:650

P:651

P:670

P:671

P:672

P:700

P:701

P:702

P:710

P:711

P:712

P:713

P:1000

P:1001

P:1002

P:1010

P:1011

P:1700

P:1701

P:1702

P:1703

P:1704

P:1710

P:1711

P:1712

P:1720

P:1721

P:1722

P:1800

P:1801

P:1802

P:1810

P:1811

P:1812

P:1900

P:1901

P:1910

P:1915

P:2000

P:2099

P:2098

P:2001

P:2002

P:2010

P:2011

P:2012

P:2020

P:2021

P:2022

P:2030

P:2031

P:2040

P:2041

P:2050

P:2060

P:2070

P:2080

P:750

P:751

P:752

P:753

P:754

P:755

P:2100

P:2101

P:2102

P:2110

P:2111

P:2120

P:2121

P:2130

P:2131

P:2132

P:2150

P:2151

P:2160

P:2161

P:2162

P:2170

P:2171

P:2180

P:2250

P:2251

P:2260

P:2261

P:2262

P:2263

P:2270

P:2271

P:2275

P:2280

P:2281

P:2300

P:2301

P:2302
T:2300

P:2300
T:2301

P:2301
T:2302

P:2302
T:2380

P:2380
T:2381

P:2381
T:2382

P:2382
T:2383

P:2383
T:2384

P:2384
T:2385

P:2385
T:2386

P:2386
T:2387

P:2387
T:2388

P:2388
T:3900

P:3900
T:3901

P:3901
T:3902

P:3902
T:3903

P:3903
T:3904

P:3904
T:3905

P:3905
T:3906

P:3906
T:3907

P:3907
T:3908

P:3908
T:3909

P:3909
T:3910

P:3910
T:3911

P:3911
T:3912

P:3912
T:3913

P:3913
T:3914

P:3914
T:3915

P:3915
T:3916

P:3916
T:3917

P:3917
T:3918

P:3918
T:3919

P:3919
T:3920

P:3920
T:3921

P:3921
T:3922

P:3922
T:3923

P:3923
T:3924

P:3924
T:3925

P:3925
T:3926

P:3926
hello
P:2200
42
P:2201
42
P:2202
1 2 3
P:2203
(1 . 2)
P:2204
NIL
P:2205


P:2206
T:2210

P:2210
T:2211

P:2211
T:2212

P:2212

P:2400

P:2401

P:2402

P:2403

P:2450

FAIL 2700

P:2701

FAIL 2702

P:2703

P:2710

P:2711

P:2712

P:2713

P:2714

P:2600

P:2601

P:2610

P:2620

P:2621

P:2630

P:2631

P:2500

P:2501

P:2502

P:2503

P:2504

P:2400

P:2402

P:2403

P:2404
T:99999

P:99999

P:2405

P:2406

P:NIL

P:2407

P:2408

P:2409

P:2410

P:2411

P:2412

P:2413

P:2416

P:8240

P:8241

P:8242

P:8243

P:8244

P:8245

P:8246

P:8247

P:8248

P:8249

P:8250

P:8251

P:8252

P:8253

P:8254

P:8255

P:8320

P:8321

P:8327

P:8328

P:8329

P:8330

P:8331

P:8332

P:8333

P:8334

P:8335

P:8336

P:8337

P:8338

P:8339

P:8340

P:8341

P:8342

P:8343

P:8344

P:8322

P:8323

P:8324

P:8325

P:8326

P:8180

P:8181

P:8182

P:8183

P:8184

P:8185

P:8186

P:8420

P:8427

P:8428

P:8429
T:8401

P:8401
T:8402

P:8402
T:8300

P:8300
T:8301

P:8301
T:8302

P:8302
T:8303

P:8303
T:8304

P:8304
T:8305

P:8305
T:8306

P:8306
T:8307

P:8307
T:8308

P:8308
T:8309

P:8309
T:8310

P:8310
T:8311

P:8311
T:8312

P:8312

P:9000

P:9001

P:8780

P:8781

P:8782

P:8783

P:8784

P:8640

P:8641

P:8642

P:8643

P:8644

P:8645

P:8646

P:8690

P:8692

P:8697

P:8698

P:8699

P:8684

P:8685

P:8686

P:8687

P:8679

P:8681

P:8682

P:8683

P:8694

P:8696

P:8660

FAIL 8661

P:8662

P:8663

P:8700

P:8701

P:8710

P:8711

P:8713

P:8714

P:8716

P:8980

P:8981

P:9700

P:9701

P:9702

P:9703

P:9704

P:9705

P:9706

P:9707

P:9708

P:9709

P:9710

P:9711

P:9712

P:9713

P:9714

P:9715

P:9716

P:9717

P:9718

P:9719

P:9720

P:9721

P:9722

P:9723

P:9724

P:9725

P:9726

P:9727

P:9728

P:9729

P:9730

P:9731

P:9732

P:9733

P:9287

P:9288

P:9289

P:9290

P:9291

P:9292

P:9293

P:9294

P:8840

P:8841

P:8842

P:8843

P:8844

P:8845

P:8846

P:8847

P:8848

P:8849

P:8850

P:8851

P:8852

P:8853

P:8854

P:8855

P:8856

P:8857

P:8858

P:8859

P:8860

P:8861

P:8862

P:8863

P:9752

P:9760

P:9761

P:9762

FAIL 9763

P:9010

P:9020

P:9030

P:9031

P:9032

P:9033

P:9034

P:9035

P:9036

P:9037

P:9038

P:9901

P:9902

P:9903

P:9904

P:9905

P:9906

P:9907

P:9910

P:9911

P:9912

P:9920

P:9921

P:9922

P:9930

P:9931

P:9932

P:9933

P:9934
T:9935

P:9935

P:9936

P:9937

P:9938

P:9939

P:9980

P:9981

P:9982

P:9983

P:9940

P:9941

P:9942

P:9943

P:9944

P:9945

P:9946

P:9947

P:9948

P:9949

P:9950

P:9951

P:9952

FAIL 9960

P:9961

P:9962

P:9963

P:9964

P:9970

P:9971

P:9972

P:9480

P:9481

P:9482

P:9483

P:9484

P:9485

P:9486

P:9487

P:9488

P:9489

P:9801

P:9802

P:9803

P:9804

P:9811

P:9812

P:9813

P:9814

P:9815

P:9820

P:9821

P:9822

FAIL 9823

FAIL 9824

P:9831

P:9837

P:9838

P:9835

P:9836

P:9980

P:9982

P:9983

P:9997

P:9984

P:9985

P:9986

P:9987

P:9988

P:9989

P:9990

P:9991

P:9992

P:9993

P:9994

P:8720

P:8721

P:8722

P:9996

P:9998

P:9999

P:8620

P:8621

P:8622

P:8623

P:8624

P:8625

P:8626

P:8627

P:8628

P:8629

P:8640

P:8641

P:8642

P:8643

P:8650

P:8651

P:8652

P:8653
T:9560

P:9560
T:9561

P:9561
T:9565

P:9565
T:9566

P:9566
T:9562

P:9562
T:9563

P:9563
T:9564

P:9564
T:9570

P:9570
T:9571

P:9571
T:9572

P:9572
T:9574

P:9574
T:9575

P:9575
T:9573

FAIL 9573 GOT:(NIL A NIL) EXP:(0 A A)
T:9120

P:9120
T:9121

P:9121
T:9122

P:9122
T:9123

P:9123
T:9124

P:9124
T:9040

P:9040
T:9041

P:9041
T:9042

P:9042
T:9043

P:9043
T:9044

P:9044
T:9045

P:9045
T:9046

P:9046
T:9047

P:9047
T:9048

P:9048
T:9049

P:9049
T:9050

P:9050
T:9051

P:9051
T:9052

P:9052
T:9053

FAIL 9053 GOT:"X" EXP:T
T:9054

P:9054
T:9055

P:9055
T:9056

P:9056
T:9057

P:9057
  WARN: implicit global *READTABLE*
T:9520

P:9520
T:9521

P:9521
T:9522

P:9522
T:9524

P:9524
T:9526

FAIL 9526 GOT:NIL EXP:GOOD
T:9525

P:9525
T:9523

FAIL 9523 GOT:CRASHED EXP:GOOD
  WARN: implicit global *CATCH-ACTIVE*
  WARN: implicit global *CURRENT-CONDITION*
T:8440

P:8440
  WARN: implicit global *CATCH-ACTIVE*
  WARN: implicit global *CURRENT-CONDITION*
T:8441

P:8441
  WARN: implicit global *CATCH-ACTIVE*
  WARN: implicit global *CURRENT-CONDITION*
T:8442

P:8442
  WARN: implicit global *CURRENT-CONDITION*
  WARN: implicit global *CATCH-ACTIVE*
  WARN: implicit global *CATCH-TAG*
  WARN: implicit global *CATCH-VALUE*
  WARN: implicit global *CATCH-ACTIVE*
  WARN: implicit global *CURRENT-CONDITION*
T:8443

P:8443
T:8444

P:8444
T:8445

P:8445
  WARN: implicit global *CATCH-ACTIVE*
  WARN: implicit global *CURRENT-CONDITION*
T:8446

P:8446
T:8447

P:8447
  WARN: implicit global *CATCH-ACTIVE*
  WARN: implicit global *CURRENT-CONDITION*
T:8500

P:8500
  WARN: implicit global *CATCH-ACTIVE*
  WARN: implicit global *CURRENT-CONDITION*
T:8501

P:8501
  WARN: cannot compile #<?>, using nil
  WARN: cannot compile #<?>, using nil
  WARN: implicit global setq *CATCH-TAG*
  WARN: implicit global setq *CATCH-VALUE*
  WARN: implicit global setq *CATCH-ACTIVE*
  WARN: implicit global *CURRENT-CONDITION*
T:8502

P:8502
  WARN: implicit global *CATCH-ACTIVE*
  WARN: implicit global *CURRENT-CONDITION*
T:8503

P:8503
  WARN: implicit global *CATCH-ACTIVE*
  WARN: implicit global *CURRENT-CONDITION*
T:8504

P:8504
T:9539

P:9539
T:9160

P:9160
T:9161

P:9161
T:9162

P:9162
T:9163

P:9163
T:9164

P:9164
T:9165

P:9165
T:9166

P:9166
T:9167

P:9167
T:9168

P:9168
T:9169

P:9169
T:8880

P:8880
T:8881

P:8881
T:8882

P:8882
T:8883

P:8883
T:8884

P:8884
T:8887

P:8887
T:8820

P:8820
T:8821

P:8821
T:8822

P:8822
T:8823

P:8823
T:8824

P:8824
T:8260

P:8260
T:8261

P:8261
T:8262

P:8262
T:8263

P:8263
T:8264

P:8264
T:8265

P:8265
T:8266

P:8266
T:8267

P:8267
T:8270

P:8270
T:8271

P:8271
T:8272

P:8272
T:8273

P:8273
T:8275

P:8275
T:8200

P:8200
T:8201

P:8201
T:8202

P:8202
T:8203

P:8203
T:8204

P:8204
T:8205

P:8205
T:8206

P:8206
T:8207

P:8207
T:9180

P:9180
T:9181

P:9181
T:9182

P:9182
T:9183

P:9183
T:9184

P:9184
T:9185

P:9185
T:9186

P:9186
T:9187

P:9187
T:9188

P:9188
T:9189

P:9189
T:9190

P:9190
T:9191

P:9191
T:9192

P:9192
T:9193

P:9193
T:9194

P:9194
T:9195

P:9195
T:9196

P:9196
T:9197

P:9197
T:9198

P:9198
T:9199

P:9199
T:9200

P:9200
T:9201

P:9201
T:9202

P:9202
T:9203

P:9203
T:9204

P:9204
T:9205

P:9205
T:9206

P:9206
T:9207

P:9207
T:9208

P:9208
T:9209

P:9209
T:9210

FAIL 9210 GOT:(QUOTE X) EXP:(QUOTE X)
T:9211

FAIL 9211 GOT:BACKQUOTE EXP:QUASIQUOTE
T:9212

P:9212
T:9213

FAIL 9213 GOT:(A (B C) D) EXP:(A (B C) D)
T:9214

P:9214
T:9215

P:9215
T:9216

P:9216
T:9217

P:9217
T:9218

P:9218
T:9219

P:9219
T:9220

P:9220
T:9221

P:9221
T:9222

P:9222
T:9223

P:9223
T:9224

P:9224
T:9225

P:9225
T:9226

P:9226
T:9227

P:9227
T:9228

P:9228
T:9229

P:9229
T:9230

P:9230
T:9231

P:9231
T:9232

P:9232
T:9233

P:9233
T:9234

P:9234
T:9235

P:9235
T:9236

P:9236
T:9237

P:9237
T:9238

P:9238
T:9239

P:9239
T:9240

P:9240
T:9241

P:9241
T:9242

P:9242
T:9243

P:9243
T:9244

P:9244
T:9245

P:9245
T:9246

P:9246
T:9247

P:9247
T:9248

P:9248
T:9249

P:9249
T:9250

P:9250
T:9251

P:9251
T:9252

P:9252
T:9253

P:9253
T:9254

P:9254
T:9255

P:9255
T:9256

P:9256
T:9257

P:9257
T:9258

P:9258
T:9259

P:9259
T:9260

FAIL 9260 GOT:NIL EXP:GOOD
T:9261

FAIL 9261 GOT:NIL EXP:GOOD
T:9262

FAIL 9262 GOT:NIL EXP:1
T:9263

FAIL 9263 GOT:NIL EXP:2
T:9264

P:9264
T:9265

P:9265
T:9266

P:9266
T:9267

FAIL 9267 GOT:NIL EXP:(T aZ)
T:9268

FAIL 9268 GOT:NIL EXP:GOOD
T:9540

P:9540
T:9541

P:9541
T:9542

P:9542

T:9543

P:9543
T:9544

P:9544
T:9545

P:9545
T:9546

P:9546
T:9200

P:9200
T:9204

P:9204
T:9205

P:9205
T:9210

P:9210
T:9211

P:9211
T:9232

P:9232
T:9233

P:9233
T:9234

P:9234
T:9237

P:9237
T:9213

P:9213
T:9214

P:9214
T:9215

P:9215
T:9206

P:9206
T:9207

P:9207
T:9208

P:9208
T:9260

P:9260
T:9261

P:9261
T:9262

P:9262
T:9263

P:9263
T:9264

P:9264
T:9265

P:9265
T:9266

P:9266
T:9267

P:9267

P:5001

P:5002

P:5010

P:5011

P:5012

P:5013

P:5014

P:5020

P:5021

P:5022

P:5030

P:5031

P:5040

P:5041

P:5042

P:5050

P:5051

P:5060

P:5061

P:5062

P:5070

P:5071

P:5072

P:5080

P:5081

P:5090

P:5095

P:5100

P:5110

P:5120

P:5125

P:5130

P:5140

P:5141

P:5142

P:5143

P:5150

P:5151

P:5160

P:5170

P:5171

P:5180

P:5190

P:5200

P:5210

P:5220

P:5230

P:5231

P:5240

P:5241

P:5250

P:5260

P:5270

P:5271

P:5500

P:5501

P:5502

P:5510

P:5511

P:5512

P:5513

P:5514

P:5520

P:5521

P:5522

P:5523

P:5524

P:5525

P:5530

P:5531

P:5540

P:5541

P:5542

P:5550

P:5551

P:5560

P:5561

P:5570

P:5571

P:5572

P:5580

P:5581

P:5582

P:5583

P:5590

P:5591

P:5592

P:5593

P:5594

P:5595

P:5600

P:5601

P:5602

P:5603

P:5604

P:5605

P:5606

P:5607

P:5608

P:5609

P:56200

P:56201

P:56202

P:56203

P:56204

P:56250

P:56260

P:56261

P:56262

P:56263

P:56264

P:56265

P:56266
OPEN-OK;
P:56300
READ-OK;
P:56301
EVAL-LITERAL-OK;
P:56302
S4A-CALL;S4A-OK;
P:56303
READ-CAR=WRITE-STRING-SERIAL;PROBE-1-LOADED;S4B-OK;
P:56304
S5-EVAL-LIST=OK;
P:56305
S6-FORMAT=X=42;
P:56306
BEFORE-LOAD;AFTER-LOAD;BOUNDP=T;VAL=X=42;
P:56307
SUITE-WROTE;F1-OP=DEFVAR;F1-OK;F2-OP=DEFUN;  WARN: implicit global *PROBE-SUITE-ENTRIES*
F2-OK;F3-OP=DEFMACRO;F3-OK;F4-OP=PROBE-DEFTEST;F4-OK;F5-OP=PROBE-DEFTEST;F5-OK;ALL-FORMS-OK;ENTRIES-BOUND=T;
P:56308

P:56309

P:56310

P:56311

P:56312

P:56320

FAIL 56321

P:56322

P:56323

P:56324
CL-EXTERNAL-COUNT=978;
P:56330
FIND-CAR=EXTERNAL;
P:56331
DES-COUNT=978;
P:56332

P:56333

P:56334

P:56400

P:56401

P:56402

P:56403

P:56404

P:56405

P:56406

P:56407

P:56410

P:56411

P:56412

P:56413

P:56414

P:56415

P:56420

P:56421

P:56422

P:56423

P:56424

P:56430

FAIL 56431

P:56432

FAIL 56433

FAIL 56434

FAIL 56435

P:56440

P:56441

P:56442

P:56443

P:56444

P:56445

P:56446

P:56447

P:56450

P:56448

P:56449

P:56451

P:56460

P:56461

P:56462

P:56463

P:56464

P:56470

P:56471

P:56472

P:56473

P:56474

P:56475

P:56476

FAIL 56480

FAIL 56481

FAIL 56482

FAIL 56483

FAIL 56484

FILE-READ:(A B C)

FAIL 56485

FAIL 56486

FAIL 56487

FAIL 56488

P:56490

FAIL 56491

FAIL 56492

FAIL 56493

P:5610

P:5611

P:5615

P:5620

P:5621

P:5622

P:5623

P:5624

P:5630

P:5631

FAIL 5640

P:5690

P:5691

P:5692

P:5693

ANSI-TOTAL=17625
T:13591

P:13591
T:13592

P:13592
T:13593

P:13593
T:13594

P:13594
T:13595

P:13595
T:13596

P:13596
T:13597

P:13597
T:13598

P:13598
T:13599

P:13599
T:13600

P:13600
T:13601

P:13601
T:13602

P:13602
T:13603

P:13603
T:13604

P:13604
T:13605

P:13605
T:13606

P:13606
T:13607

P:13607
T:13608

P:13608
T:13609

P:13609
T:13610

P:13610
T:13611

P:13611
T:13612

P:13612
T:13613

P:13613
T:13614

P:13614
T:13615

P:13615
T:13616

P:13616
T:13617

P:13617
T:13618

P:13618
T:13619

P:13619
T:13620

P:13620

FAIL 13621

FAIL 13622

FAIL 13623

FAIL 13624
T:13625

P:13625
T:13626

P:13626
T:13627

P:13627
T:13628

P:13628
T:13629

P:13629
T:13630

P:13630
T:13631

P:13631
T:13632

P:13632
T:13633

P:13633
T:13634

P:13634
T:13635

P:13635
T:13636

P:13636
T:13637

P:13637
T:13638

P:13638
T:13639

FAIL 13639 GOT:(-16.000000 -16.000000) EXP:(-16.000000 -16.000000)
T:13640

P:13640
T:13641

P:13641
T:13642

P:13642
T:13643

P:13643
T:13644

P:13644
T:13645

P:13645
T:13646

P:13646
T:13647

P:13647
T:13648

P:13648
T:13649

P:13649
T:13650

P:13650
T:13651

P:13651
T:13652

P:13652
T:13653

P:13653
T:13654

P:13654
T:13655

P:13655
T:13656

P:13656
T:13657

P:13657
T:13658

P:13658
T:13659

P:13659
T:13660

P:13660
T:13661

P:13661
T:13662

P:13662
T:13663

P:13663
T:13664

P:13664
T:13665

P:13665
T:13666

P:13666
T:13667

P:13667
T:13668

P:13668
T:13669

P:13669
T:13670

P:13670
T:13671

P:13671
T:13672

P:13672
T:13673

P:13673
T:13674

P:13674
T:13675

P:13675
T:13676

P:13676
T:13677

P:13677
T:13678

P:13678
T:13679

P:13679
T:13680

P:13680
T:13681

P:13681

FAIL 13682

FAIL 13683

FAIL 13684

FAIL 13685
T:13686

P:13686
T:13687

P:13687
T:13688

P:13688
T:13689

P:13689
T:13690

P:13690
T:13691

P:13691
T:13692

P:13692
T:13693

P:13693
T:13694

P:13694
T:13695

P:13695
T:13696

P:13696
T:13697

P:13697
T:13698

P:13698
T:13699

P:13699
T:13700

P:13700
T:13701

P:13701
T:13702

P:13702
T:13703

FAIL 13703 GOT:(0 #(49) 8 4 5 6 7 8 1) EXP:(0 #(49) 6 1 2 3 4 5 6)
T:13704

P:13704
T:13705

P:13705
T:13706

FAIL 13706 GOT:((-11.998999 (#(%COMPLEX-MARKER 2.484823 3.141592))) (-18.999000 (#(%COMPLEX-MARKER 2.944386 3.141592))) (-23.999000 (#(%COMPLEX-MARKER 3.178012 3.141592))) (-24.999000 (#(%COMPLEX-MARKER 3.218835 3.141592))) (-14.998999 (#(%COMPLEX-MARKER 2.707983 3.141592))) (-3.999000 (#(%COMPLEX-MARKER 1.386044 3.141592))) (-1.998999 (#(%COMPLEX-MARKER 0.692647 3.141592))) (-2.999000 (#(%COMPLEX-MARKER 1.098278 3.141592))) (-0.999000 (#(%COMPLEX-MARKER -0.001000 3.141592))) (-6.999000 (#(%COMPLEX-MARKER 1.945767 3.141592))) (-12.998999 (#(%COMPLEX-MARKER 2.564872 3.141592))) (-2.999000 (#(%COMPLEX-MARKER 1.098278 3.141592))) (-7.999000 (#(%COMPLEX-MARKER 2.079316 3.141592))) (-0.999000 (#(%COMPLEX-MARKER -0.001000 3.141592))) (-21.999000 (#(%COMPLEX-MARKER 3.090996 3.141592))) (-19.999000 (#(%COMPLEX-MARKER 2.995682 3.141592))) (-1.998999 (#(%COMPLEX-MARKER 0.692647 3.141592))) (-2.999000 (#(%COMPLEX-MARKER 1.098278 3.141592))) (... ...) ...) EXP:NIL
T:13707

P:13707
T:13708

FAIL 13708 GOT:((12.000000 (2.484906)) (-3.000000 (#(%COMPLEX-MARKER 1.098612 3.141592))) (-6.000000 (#(%COMPLEX-MARKER 1.791759 3.141592))) (3.000000 (1.098612)) (-8.000000 (#(%COMPLEX-MARKER 2.079441 3.141592))) (25.000000 (3.218875)) (6.000000 (1.791759)) (15.000000 (2.708050)) (4.000000 (1.386294)) (-11.000000 (#(%COMPLEX-MARKER 2.397895 3.141592))) (-14.000000 (#(%COMPLEX-MARKER 2.639057 3.141592))) (-5.000000 (#(%COMPLEX-MARKER 1.609437 3.141592))) (-16.000000 (#(%COMPLEX-MARKER 2.772588 3.141592))) (-15.000000 (#(%COMPLEX-MARKER 2.708050 3.141592))) (-2.000000 (#(%COMPLEX-MARKER 0.693147 3.141592))) (7.000000 (1.945910)) (-4.000000 (#(%COMPLEX-MARKER 1.386294 3.141592))) (-19.000000 (#(%COMPLEX-MARKER 2.944438 3.141592))) (10.000000 (2.302585)) (-1.000000 (#(%COMPLEX-MARKER 0.000000 3.141592))) (8.000000 (2.079441)) (1.000000 (0.000000)) (-10.000000 (#(%COMPLEX-MARKER ... ...))) ...) EXP:NIL
T:13709

FAIL 13709 GOT:((-260052.000000 (#(%COMPLEX-MARKER 12.468636 3.141592))) (-981923.000000 (#(%COMPLEX-MARKER 13.797267 3.141592))) (-610022.000000 (#(%COMPLEX-MARKER 13.321249 3.141592))) (-512909.000000 (#(%COMPLEX-MARKER 13.147853 3.141592))) (-5064.000000 (#(%COMPLEX-MARKER 8.529911 3.141592))) (-364615.000000 (#(%COMPLEX-MARKER 12.806597 3.141592))) (-503610.000000 (#(%COMPLEX-MARKER 13.129557 3.141592))) (-389777.000000 (#(%COMPLEX-MARKER 12.873330 3.141592))) (-230012.000000 (#(%COMPLEX-MARKER 12.345887 3.141592))) (-145643.000000 (#(%COMPLEX-MARKER 11.888914 3.141592))) (-585102.000000 (#(%COMPLEX-MARKER 13.279541 3.141592))) (-477269.000000 (#(%COMPLEX-MARKER 13.075835 3.141592))) (-540080.000000 (#(%COMPLEX-MARKER 13.199472 3.141592))) (-171855.000000 (#(%COMPLEX-MARKER 12.054406 3.141592))) (-305506.000000 (#(%COMPLEX-MARKER 12.629724 3.141592))) (-759385.000000 (#(%COMPLEX-MARKER 13.540264 3.141592))) (-13028.000000 (#(%COMPLEX-MARKER 9.474856 3.141592))) (-704179.000000 (#(%COMPLEX-MARKER 13.464787 3.141592))) (... ...) ...) EXP:NIL
T:13710

FAIL 13710 GOT:((524.000000 932.000000 (#(%COMPLEX-MARKER 6.974670 1.058610))) (638.000000 854.000000 (#(%COMPLEX-MARKER 6.971670 0.929171))) (832.000000 440.000000 (#(%COMPLEX-MARKER 6.847136 0.486457))) (786.000000 1010.000000 (#(%COMPLEX-MARKER 7.154461 0.909479))) (436.000000 684.000000 (#(%COMPLEX-MARKER 6.698443 1.003310))) (742.000000 438.000000 (#(%COMPLEX-MARKER 6.758827 0.533254))) (360.000000 176.000000 (#(%COMPLEX-MARKER 5.993261 0.454719))) (154.000000 -6.000000 (#(%COMPLEX-MARKER 5.037711 -0.038941))) (-484.000000 404.000000 (#(%COMPLEX-MARKER 6.446439 2.446042))) (526.000000 406.000000 (#(%COMPLEX-MARKER 6.498980 0.657347))) (848.000000 408.000000 (#(%COMPLEX-MARKER 6.846992 0.448439))) (834.000000 66.000000 (#(%COMPLEX-MARKER 6.729354 0.078972))) (452.000000 412.000000 (#(%COMPLEX-MARKER 6.416069 0.739134))) (790.000000 70.000000 (#(%COMPLEX-MARKER 6.675943 0.088376))) (248.000000 0.000000 (#(%COMPLEX-MARKER 5.513428 0.000000))) (874.000000 234.000000 ...) ...) EXP:NIL
T:13711

FAIL 13711 GOT:((908.000000 -4.000000 (#(%COMPLEX-MARKER 6.811254 -0.004405))) (-178.000000 -366.000000 (#(%COMPLEX-MARKER 6.008786 -2.023455))) (-224.000000 -936.000000 (#(%COMPLEX-MARKER 6.869461 -1.805694))) (82.000000 -114.000000 (#(%COMPLEX-MARKER 4.944694 -0.947235))) (-780.000000 -716.000000 (#(%COMPLEX-MARKER 6.964890 -2.398949))) (646.000000 -822.000000 (#(%COMPLEX-MARKER 6.952218 -0.904719))) (568.000000 -496.000000 (#(%COMPLEX-MARKER 6.625501 -0.717831))) (-102.000000 -570.000000 (#(%COMPLEX-MARKER 6.361396 -1.747869))) (844.000000 -468.000000 (#(%COMPLEX-MARKER 6.872200 -0.506293))) (-914.000000 -766.000000 (#(%COMPLEX-MARKER 7.083840 -2.444062))) (-1008.000000 -312.000000 (#(%COMPLEX-MARKER 6.961468 -2.841421))) (-238.000000 -66.000000 (#(%COMPLEX-MARKER 5.509314 -2.871079))) (372.000000 -988.000000 (#(%COMPLEX-MARKER 6.961970 -1.210695))) (790.000000 -182.000000 (#(%COMPLEX-MARKER 6.697890 -0.226429))) (936.000000 -64.000000 (#(%COMPLEX-MARKER 6.843947 -0.068269))) (-918.000000 -394.000000 ...) ...) EXP:NIL
T:13712

P:13712
T:13713

P:13713
T:13714

P:13714
T:13715

P:13715
T:13716

P:13716
T:13717

FAIL 13717 GOT:#<?0> EXP:-1
T:13718

P:13718
T:13719

P:13719
T:13720

P:13720
T:13721

P:13721
T:13722

P:13722
T:13723

P:13723
T:13724

P:13724
T:13725

P:13725
T:13726

P:13726
T:13727

P:13727
T:13728

P:13728
T:13729

P:13729
T:13730

P:13730
T:13731

P:13731
T:13732

P:13732
T:13733

P:13733
T:13734

P:13734
T:13735

P:13735
T:13736

P:13736
T:13737

FAIL 13737 GOT:(#<?48> #<?48> #<?48> #<?48> #<?48> #<?48> #<?48> #<?48> #<?48> #<?48> #<?48> #<?48> #<?48> #<?48> #<?48> #<?48> #<?48> #<?48> #<?48> #<?48> #<?48> #<?48> #<?48> #<?48> #<?48> #<?48> #<?48> #<?48> #<?48> #<?48> #<?48> #<?48> #<?48> #<?48> #<?48> #<?48> #<?48> #<?48> #<?48> #<?48> #<?48> #<?48> #<?48> #<?48> #<?48> #<?48> #<?48> #<?48> #<?48> #<?48> #<?48> #<?48> #<?48> #<?48> #<?48> #<?48> #<?48> #<?48> #<?48> #<?48> #<?48> #<?48> #<?48> #<?48> #<?48> #<?48> #<?48> #<?48> #<?48> #<?48> #<?48> #<?48> #<?48> #<?48> #<?48> #<?48> #<?48> #<?48> #<?48> #<?48> #<?48> #<?48> #<?48> #<?48> #<?48> #<?48> #<?48> #<?48> #<?48> #<?48> #<?48> #<?48> #<?48> #<?48> #<?48> #<?48> #<?48> #<?48> #<?48> #<?48> ...) EXP:NIL
T:13738

P:13738
T:13739

P:13739
T:13740

P:13740
T:13741

P:13741
T:13742

P:13742
T:13743

P:13743
T:13744

P:13744
T:13745

P:13745
T:13746

P:13746
T:13747

P:13747
T:13748

P:13748
T:13749

FAIL 13749 GOT:(#<?48> #<?48> #<?48> #<?48> #<?48> #<?48> #<?48> #<?48> #<?48> #<?48> #<?48> #<?48> #<?48> #<?48> #<?48> #<?48> #<?48> #<?48> #<?48> #<?48> #<?48> #<?48> #<?48> #<?48> #<?48> #<?48> #<?48> #<?48> #<?48> #<?48> #<?48> #<?48> #<?48> #<?48> #<?48> #<?48> #<?48> #<?48> #<?48> #<?48> #<?48> #<?48> #<?48> #<?48> #<?48> #<?48> #<?48> #<?48> #<?48> #<?48> #<?48> #<?48> #<?48> #<?48> #<?48> #<?48> #<?48> #<?48> #<?48> #<?48> #<?48> #<?48> #<?48> #<?48> #<?48> #<?48> #<?48> #<?48> #<?48> #<?48> #<?48> #<?48> #<?48> #<?48> #<?48> #<?48> #<?48> #<?48> #<?48> #<?48> #<?48> #<?48> #<?48> #<?48> #<?48> #<?48> #<?48> #<?48> #<?48> #<?48> #<?48> #<?48> #<?48> #<?48> #<?48> #<?48> #<?48> #<?48> #<?48> #<?48> ...) EXP:NIL
T:13750

P:13750
T:13751

P:13751
T:13752

P:13752
T:13753

P:13753
T:13754

P:13754
T:13755

P:13755
T:13756

P:13756
T:13757

P:13757
T:13758

P:13758
T:13759

P:13759
T:13760

P:13760
T:13761

P:13761
T:13762

P:13762
T:13763

P:13763
T:13764

P:13764
T:13765

P:13765
T:13766

P:13766
T:13767

P:13767
T:13768

P:13768
T:13769

P:13769
T:13770

P:13770
T:13771

P:13771
T:13772

P:13772
T:13773

P:13773
T:13774

P:13774
T:13775

P:13775
T:13776

P:13776
T:13777

P:13777
T:13778

P:13778
T:13779

P:13779
T:13780

P:13780
T:13781

P:13781
T:13782

P:13782
T:13783

P:13783
T:13784

P:13784
T:13785

P:13785
T:13786

P:13786
T:13787

P:13787
T:13788

P:13788
T:13789

P:13789
T:13790

P:13790
T:13791

P:13791
T:13792

P:13792
T:13793

P:13793
T:13794

P:13794
T:13795

P:13795
T:13796

P:13796
T:13797

P:13797
T:13798

P:13798
T:13799

P:13799
T:13800

P:13800
T:13801

P:13801
T:13802

P:13802
T:13803

P:13803
T:13804

P:13804
T:13805

P:13805
T:13806

P:13806
T:13807

P:13807
T:13808

P:13808
T:13809

P:13809
T:13810

P:13810
T:13811

P:13811
T:13812

P:13812
T:13813

P:13813
T:13814

P:13814
T:13815

P:13815
T:13816

P:13816
T:13817

P:13817
T:13818

P:13818
T:13819

P:13819
T:13820

P:13820
T:13821

P:13821
T:13822

P:13822
T:13823

P:13823
T:13824

P:13824
T:13825

P:13825
T:13826

P:13826
T:13827

P:13827
T:13828

P:13828
T:13829

P:13829
T:13830

P:13830
T:13831

P:13831
T:13832

P:13832
T:13833

P:13833
T:13834

P:13834
T:13835

P:13835
T:13836

P:13836
T:13837

P:13837
T:13838

P:13838
T:13839

P:13839
T:13840

P:13840
T:13841

P:13841
T:13842

FAIL 13842 GOT:(#<?48> #<?48> #<?48> #<?48> #<?48> #<?48> #<?48> #<?48> #<?48> #<?48> #<?48> #<?48> #<?48> #<?48> #<?48> #<?48> #<?48> #<?48> #<?48> #<?48> #<?48> #<?48> #<?48> #<?48> #<?48> #<?48> #<?48> #<?48> #<?48> #<?48> #<?48> #<?48> #<?48> #<?48> #<?48> #<?48> #<?48> #<?48> #<?48> #<?48> #<?48> #<?48> #<?48> #<?48> #<?48> #<?48> #<?48> #<?48> #<?48> #<?48> #<?48> #<?48> #<?48> #<?48> #<?48> #<?48> #<?48> #<?48> #<?48> #<?48> #<?48> #<?48> #<?48> #<?48> #<?48> #<?48> #<?48> #<?48> #<?48> #<?48> #<?48> #<?48> #<?48> #<?48> #<?48> #<?48> #<?48> #<?48> #<?48> #<?48> #<?48> #<?48> #<?48> #<?48> #<?48> #<?48> #<?48> #<?48> #<?48> #<?48> #<?48> #<?48> #<?48> #<?48> #<?48> #<?48> #<?48> #<?48> #<?48> #<?48> ...) EXP:NIL
T:13843

P:13843
T:13844

P:13844
T:13845

P:13845
T:13846

P:13846
T:13847

P:13847
T:13848

P:13848
T:13849

P:13849
T:13850

P:13850
T:13851

P:13851
T:13852

P:13852
T:13853

P:13853
T:13854

P:13854
T:13855

FAIL 13855 GOT:(#<?48> #<?48> #<?48> #<?48> #<?48> #<?48> #<?48> #<?48> #<?48> #<?48> #<?48> #<?48> #<?48> #<?48> #<?48> #<?48> #<?48> #<?48> #<?48> #<?48> #<?48> #<?48> #<?48> #<?48> #<?48> #<?48> #<?48> #<?48> #<?48> #<?48> #<?48> #<?48> #<?48> #<?48> #<?48> #<?48> #<?48> #<?48> #<?48> #<?48> #<?48> #<?48> #<?48> #<?48> #<?48> #<?48> #<?48> #<?48> #<?48> #<?48> #<?48> #<?48> #<?48> #<?48> #<?48> #<?48> #<?48> #<?48> #<?48> #<?48> #<?48> #<?48> #<?48> #<?48> #<?48> #<?48> #<?48> #<?48> #<?48> #<?48> #<?48> #<?48> #<?48> #<?48> #<?48> #<?48> #<?48> #<?48> #<?48> #<?48> #<?48> #<?48> #<?48> #<?48> #<?48> #<?48> #<?48> #<?48> #<?48> #<?48> #<?48> #<?48> #<?48> #<?48> #<?48> #<?48> #<?48> #<?48> #<?48> #<?48> ...) EXP:NIL
T:13856

P:13856
T:13857

P:13857
T:13858

P:13858
T:13859

P:13859
T:13860

P:13860
T:13861

P:13861
T:13862

P:13862
T:13863

P:13863
T:13864

P:13864
T:13865

P:13865
T:13866

P:13866
T:13867

P:13867
T:13868

P:13868
T:13869

P:13869
T:13870

P:13870
T:13871

P:13871
T:13872

P:13872
T:13873

P:13873
T:13874

P:13874
T:13875

P:13875
T:13876

P:13876
T:13877

P:13877
T:13878

P:13878

1054/1082 DONE
