ANSI-TEST

P:57001

P:57002

P:57003

P:57120

P:57200

P:57300

P:3001

P:3002

P:3003

P:3004

P:3005

P:3091

P:3092

P:3110

P:3111

P:3093

P:3094

P:3095

P:3096

P:3097

P:1399

P:1401

P:1402

P:1403

P:1404

P:1405

P:1410

P:1411

P:1412

P:1413

P:1415

P:1416

P:1417

P:1418

P:1420

P:1421

P:1425

P:1426

P:1427

P:1428

P:1428

P:1429

P:1429

P:1430

P:1431

P:1433

P:1434

P:1435

P:1436

P:1440

P:1441

P:1442

P:1443

P:1501

P:1502

P:1503

P:1504

P:1505

P:1510

P:1511

P:1512

P:1520

P:1521

P:1530

P:1531

P:1532

P:1540

P:1541

P:1542

P:1543

P:1550

P:1551

P:1552

P:1560

P:1561

P:1562

P:1570

P:1571

P:1200

P:1201

P:1202

P:1203

P:1204

P:1205

P:1210

P:1211

P:1212

P:1220

P:1221

P:1222

P:1223

P:1230

P:1231

P:1232

P:1235

P:1236

P:1237

P:1240

P:1241

P:1242

P:1243

P:1250

P:1251

P:1252

P:1255

P:1256

P:1257

P:1260

P:1261

P:1262

P:1265

P:1266

P:1267

P:1270

P:1271

P:1272

P:1275

P:1276

P:1280

P:1281

P:1282

P:1300

P:1301

P:1302

P:1305

P:1306

P:1307

P:1310

P:1311

P:1312

P:1315

P:1316

P:1317

P:1318

P:1320

P:1321

P:500

P:501

P:502

P:503

P:510

P:511

P:515

P:516

P:520

P:521

P:522

P:530

P:531

P:532

P:533

P:534

P:540

P:541

P:542

P:543

P:544

P:550

P:551

P:552

P:553

P:600

P:601

P:602

P:610

P:611

P:620

P:625

P:650

P:651

P:670

P:671

P:672

P:700

P:701

P:702

P:710

P:711

P:712

P:713

P:1000

P:1001

P:1002

P:1010

P:1011

P:1700

P:1701

P:1702

P:1703

P:1704

P:1710

P:1711

P:1712

P:1720

P:1721

P:1722

P:1800

P:1801

P:1802

P:1810

P:1811

P:1812

P:1900

P:1901

P:1910

P:1915

P:2000

P:2099

P:2098

P:2001

P:2002

P:2010

P:2011

P:2012

P:2020

P:2021

P:2022

P:2030

P:2031

P:2040

P:2041

P:2050

P:2060

P:2070

P:2080

P:750

P:751

P:752

P:753

P:754

P:755

P:2100

P:2101

P:2102

P:2110

P:2111

P:2120

P:2121

P:2130

P:2131

P:2132

P:2150

P:2151

P:2160

P:2161

P:2162

P:2170

P:2171

P:2180

P:2250

P:2251

P:2260

P:2261

P:2262

P:2263

P:2270

P:2271

P:2275

P:2280

P:2281

P:2300

P:2301

P:2302
T:2300

P:2300
T:2301

P:2301
T:2302

P:2302
T:2380

P:2380
T:2381

P:2381
T:2382

P:2382
T:2383

P:2383
T:2384

P:2384
T:2385

P:2385
T:2386

P:2386
T:2387

P:2387
T:2388

P:2388
T:3900

P:3900
T:3901

P:3901
T:3902

P:3902
T:3903

P:3903
T:3904

P:3904
T:3905

P:3905
T:3906

P:3906
T:3907

P:3907
T:3908

P:3908
T:3909

P:3909
T:3910

P:3910
T:3911

P:3911
T:3912

P:3912
T:3913

P:3913
T:3914

P:3914
T:3915

P:3915
T:3916

P:3916
T:3917

P:3917
T:3918

P:3918
T:3919

P:3919
T:3920

P:3920
T:3921

P:3921
T:3922

P:3922
T:3923

P:3923
T:3924

P:3924
T:3925

P:3925
T:3926

P:3926
hello
P:2200
42
P:2201
42
P:2202
1 2 3
P:2203
(1 . 2)
P:2204
NIL
P:2205


P:2206
T:2210

P:2210
T:2211

P:2211
T:2212

P:2212

P:2400

P:2401

P:2402

P:2403

P:2450

FAIL 2700

P:2701

FAIL 2702

P:2703

P:2710

P:2711

P:2712

P:2713

P:2714

P:2600

P:2601

P:2610

P:2620

P:2621

P:2630

P:2631

P:2500

P:2501

P:2502

P:2503

P:2504

P:2400

P:2402

P:2403

P:2404
T:99999

P:99999

P:2405

P:2406

P:NIL

P:2407

P:2408

P:2409

P:2410

P:2411

P:2412

P:2413

P:2416

P:8240

P:8241

P:8242

P:8243

P:8244

P:8245

P:8246

P:8247

P:8248

P:8249

P:8250

P:8251

P:8252

P:8253

P:8254

P:8255

P:8320

P:8321

P:8327

P:8328

P:8329

P:8330

P:8331

P:8332

P:8333

P:8334

P:8335

P:8336

P:8337

P:8338

P:8339

P:8340

P:8341

P:8342

P:8343

P:8344

P:8322

P:8323

P:8324

P:8325

P:8326

P:8180

P:8181

P:8182
  Handler-stack helpers emitted (push/pop)
  Handler-stack helpers emitted (push/pop)
  Handler-stack helpers emitted (push/pop)

P:8183
  Handler-stack helpers emitted (push/pop)

P:8184

P:8185
  Handler-stack helpers emitted (push/pop)
  Handler-stack helpers emitted (push/pop)

P:8186

P:8420

P:8427

P:8428

P:8429
T:8401

P:8401
T:8402

P:8402
T:8300

P:8300
T:8301

P:8301
T:8302

P:8302
T:8303

P:8303
T:8304

P:8304
T:8305

P:8305
T:8306

P:8306
T:8307

P:8307
T:8308

P:8308
T:8309

P:8309
T:8310

P:8310
T:8311

P:8311
T:8312

P:8312

P:9000

P:9001

P:8780

P:8781

P:8782

P:8783

P:8784
  Handler-stack helpers emitted (push/pop)

P:8640

P:8641

P:8642

P:8643

P:8644

P:8645

P:8646
  Handler-stack helpers emitted (push/pop)

P:8690

P:8692

P:8697

P:8698
  Handler-stack helpers emitted (push/pop)

P:8699
  Handler-stack helpers emitted (push/pop)
  Handler-stack helpers emitted (push/pop)

P:8684
  Handler-stack helpers emitted (push/pop)

P:8685
  Handler-stack helpers emitted (push/pop)

P:8686
  Handler-stack helpers emitted (push/pop)

P:8687
  Handler-stack helpers emitted (push/pop)
  Handler-stack helpers emitted (push/pop)
  Handler-stack helpers emitted (push/pop)

P:8679
  Handler-stack helpers emitted (push/pop)
  Handler-stack helpers emitted (push/pop)
  Handler-stack helpers emitted (push/pop)

P:8681
  Handler-stack helpers emitted (push/pop)
  Handler-stack helpers emitted (push/pop)

P:8682
  Handler-stack helpers emitted (push/pop)
  Handler-stack helpers emitted (push/pop)

P:8683
  Handler-stack helpers emitted (push/pop)

P:8694
  Handler-stack helpers emitted (push/pop)
  Handler-stack helpers emitted (push/pop)

P:8696

P:8660

FAIL 8661

P:8662

P:8663

P:8700

P:8701

P:8710

P:8711

P:8713

P:8714

P:8716
  Handler-stack helpers emitted (push/pop)

P:8980
  Handler-stack helpers emitted (push/pop)

P:8981

P:9700

P:9701

P:9702

P:9703

P:9704

P:9705

P:9706

P:9707

P:9708

P:9709

P:9710

P:9711

P:9712

P:9713

P:9714

P:9715

P:9716

P:9717

P:9718

P:9719

P:9720

P:9721

P:9722

P:9723

P:9724

P:9725

P:9726

P:9727

P:9728

P:9729

P:9730

P:9731

P:9732

P:9733

P:9287

P:9288

P:9289

P:9290

P:9291

P:9292

P:9293

P:9294

P:8840

P:8841

P:8842

P:8843

P:8844

P:8845

P:8846

P:8847

P:8848

P:8849

P:8850

P:8851

P:8852

P:8853

P:8854

P:8855

P:8856

P:8857

P:8858

P:8859

P:8860
  Handler-stack helpers emitted (push/pop)

P:8861
  Handler-stack helpers emitted (push/pop)

P:8862
  Handler-stack helpers emitted (push/pop)

P:8863

P:9752

P:9760

P:9761

P:9762

FAIL 9763

P:9010

P:9020

P:9030

P:9031

P:9032

P:9033

P:9034

P:9035

P:9036

P:9037

P:9038

P:9901

P:9902

P:9903

P:9904

P:9905

P:9906

P:9907

P:9910

P:9911

P:9912

P:9920

P:9921

P:9922

P:9930

P:9931

P:9932

P:9933

P:9934
T:9935

P:9935

P:9936

P:9937

P:9938

P:9939

P:9980

P:9981

P:9982

P:9983

P:9940

P:9941

P:9942

P:9943

P:9944

P:9945

P:9946

P:9947

P:9948

P:9949

P:9950

P:9951

P:9952

FAIL 9960

P:9961

P:9962

P:9963

P:9964

P:9970

P:9971

P:9972

P:9480

P:9481

P:9482

P:9483

P:9484

P:9485

P:9486

P:9487

P:9488

P:9489

P:9801

P:9802

P:9803

P:9804

P:9811

P:9812

P:9813

P:9814

P:9815

P:9820

P:9821

P:9822

P:9823

P:9824

P:9831

P:9837

P:9838

P:9835

P:9836

P:9980

P:9982

P:9983

P:9997

P:9984

P:9985

P:9986

P:9987

P:9988

P:9989

P:9990

P:9991

P:9992

P:9993

P:9994

P:8720

P:8721

P:8722

P:9996

P:9998

P:9999

P:8620

P:8621

P:8622

P:8623

P:8624

P:8625

P:8626

P:8627

P:8628

P:8629

P:8640

P:8641

P:8642

P:8643
  Handler-stack helpers emitted (push/pop)
  Handler-stack helpers emitted (push/pop)

P:8650
  Handler-stack helpers emitted (push/pop)
  Handler-stack helpers emitted (push/pop)

P:8651
  Handler-stack helpers emitted (push/pop)
  Handler-stack helpers emitted (push/pop)

P:8652
  Handler-stack helpers emitted (push/pop)
  Handler-stack helpers emitted (push/pop)

P:8653
T:9560

P:9560
T:9561

P:9561
T:9565

P:9565
T:9566

P:9566
  Handler-stack helpers emitted (push/pop)
T:9562

P:9562
T:9563

P:9563
  Handler-stack helpers emitted (push/pop)
T:9564

P:9564
  Handler-stack helpers emitted (push/pop)
T:9570

P:9570
T:9571

P:9571
  Handler-stack helpers emitted (push/pop)
T:9572

P:9572
T:9574

P:9574
T:9575

P:9575
  Handler-stack helpers emitted (push/pop)
  Handler-stack helpers emitted (push/pop)
T:9573

FAIL 9573 GOT:(NIL A NIL) EXP:(0 A A)
T:9120

P:9120
T:9121

P:9121
T:9122

P:9122
T:9123

P:9123
T:9124

P:9124
T:9040

P:9040
T:9041

P:9041
T:9042

P:9042
T:9043

P:9043
T:9044

P:9044
T:9045

P:9045
T:9046

P:9046
T:9047

P:9047
T:9048

P:9048
T:9049

P:9049
T:9050

P:9050
T:9051

P:9051
T:9052

P:9052
T:9053

FAIL 9053 GOT:"X" EXP:T
T:9054

P:9054
T:9055

P:9055
T:9056

P:9056
T:9057

P:9057
  WARN: implicit global *READTABLE*
  Handler-stack helpers emitted (push/pop)
T:9520

P:9520
T:9521

P:9521
T:9522

P:9522
T:9524

P:9524
T:9526

FAIL 9526 GOT:NIL EXP:GOOD
T:9525

P:9525
T:9523

FAIL 9523 GOT:CRASHED EXP:GOOD
  Handler-stack helpers emitted (push/pop)
  WARN: implicit global *CATCH-ACTIVE*
  WARN: implicit global *CURRENT-CONDITION*
  Handler-stack helpers emitted (push/pop)
T:8440

P:8440
  Handler-stack helpers emitted (push/pop)
  WARN: implicit global *CATCH-ACTIVE*
  WARN: implicit global *CURRENT-CONDITION*
  Handler-stack helpers emitted (push/pop)
T:8441

P:8441
  Handler-stack helpers emitted (push/pop)
  WARN: implicit global *CATCH-ACTIVE*
  WARN: implicit global *CURRENT-CONDITION*
  Handler-stack helpers emitted (push/pop)
T:8442

P:8442
  WARN: implicit global *CURRENT-CONDITION*
  WARN: implicit global *CATCH-ACTIVE*
  WARN: implicit global *CATCH-TAG*
  WARN: implicit global *CATCH-VALUE*
  Handler-stack helpers emitted (push/pop)
  WARN: implicit global *CATCH-ACTIVE*
  WARN: implicit global *CURRENT-CONDITION*
  Handler-stack helpers emitted (push/pop)
T:8443

P:8443
  Handler-stack helpers emitted (push/pop)
T:8444

P:8444
  Handler-stack helpers emitted (push/pop)
T:8445

P:8445
  WARN: implicit global *CATCH-ACTIVE*
  WARN: implicit global *CURRENT-CONDITION*
  Handler-stack helpers emitted (push/pop)
  Handler-stack helpers emitted (push/pop)
T:8446

P:8446
  Handler-stack helpers emitted (push/pop)
T:8447

P:8447
  WARN: implicit global *CATCH-ACTIVE*
  WARN: implicit global *CURRENT-CONDITION*
  Handler-stack helpers emitted (push/pop)
T:8500

P:8500
  WARN: implicit global *CATCH-ACTIVE*
  WARN: implicit global *CURRENT-CONDITION*
  Handler-stack helpers emitted (push/pop)
T:8501

P:8501
  WARN: cannot compile #<?>, using nil
  WARN: cannot compile #<?>, using nil
  WARN: implicit global setq *CATCH-TAG*
  WARN: implicit global setq *CATCH-VALUE*
  WARN: implicit global setq *CATCH-ACTIVE*
  WARN: implicit global *CURRENT-CONDITION*
  Handler-stack helpers emitted (push/pop)
T:8502

P:8502
  WARN: implicit global *CATCH-ACTIVE*
  WARN: implicit global *CURRENT-CONDITION*
  Handler-stack helpers emitted (push/pop)
T:8503

P:8503
  WARN: implicit global *CATCH-ACTIVE*
  WARN: implicit global *CURRENT-CONDITION*
  Handler-stack helpers emitted (push/pop)
T:8504

P:8504
  Handler-stack helpers emitted (push/pop)
T:9539

P:9539
T:9160

P:9160
T:9161

P:9161
T:9162

P:9162
T:9163

P:9163
T:9164

P:9164
T:9165

P:9165
T:9166

P:9166
T:9167

P:9167
T:9168

P:9168
T:9169

P:9169
T:8880

P:8880
T:8881

P:8881
T:8882

P:8882
T:8883

P:8883
T:8884

P:8884
T:8887

P:8887
T:8820

P:8820
T:8821

P:8821
T:8822

P:8822
T:8823

P:8823
T:8824

P:8824
T:8260

P:8260
T:8261

P:8261
T:8262

P:8262
T:8263

P:8263
T:8264

P:8264
T:8265

P:8265
T:8266

P:8266
T:8267

P:8267
T:8270

P:8270
T:8271

P:8271
T:8272

P:8272
T:8273

P:8273
T:8275

P:8275
T:8200

P:8200
T:8201

P:8201
T:8202

P:8202
T:8203

P:8203
T:8204

P:8204
T:8205

P:8205
T:8206

P:8206
T:8207

P:8207
T:9180

P:9180
T:9181

P:9181
T:9182

P:9182
T:9183

P:9183
T:9184

P:9184
T:9185

P:9185
T:9186

P:9186
T:9187

P:9187
T:9188

P:9188
T:9189

P:9189
T:9190

P:9190
T:9191

P:9191
T:9192

P:9192
T:9193

P:9193
T:9194

P:9194
T:9195

P:9195
T:9196

P:9196
T:9197

P:9197
T:9198

P:9198
T:9199

P:9199
T:9200

P:9200
T:9201

P:9201
T:9202

P:9202
T:9203

P:9203
T:9204

P:9204
T:9205

P:9205
T:9206

P:9206
T:9207

P:9207
T:9208

P:9208
T:9209

P:9209
T:9210

FAIL 9210 GOT:(QUOTE X) EXP:(QUOTE X)
T:9211

FAIL 9211 GOT:BACKQUOTE EXP:QUASIQUOTE
T:9212

P:9212
T:9213

FAIL 9213 GOT:(A (B C) D) EXP:(A (B C) D)
T:9214

P:9214
T:9215

P:9215
T:9216

P:9216
T:9217

P:9217
  Handler-stack helpers emitted (push/pop)
T:9218

P:9218
T:9219

P:9219
T:9220

P:9220
T:9221

P:9221
T:9222

P:9222
T:9223

P:9223
T:9224

P:9224
T:9225

P:9225
T:9226

P:9226
T:9227

P:9227
T:9228

P:9228
T:9229

P:9229
T:9230

P:9230
T:9231

P:9231
T:9232

P:9232
T:9233

P:9233
T:9234

P:9234
T:9235

P:9235
T:9236

P:9236
T:9237

P:9237
T:9238

P:9238
T:9239

P:9239
T:9240

P:9240
T:9241

P:9241
T:9242

P:9242
T:9243

P:9243
T:9244

P:9244
T:9245

P:9245
T:9246

P:9246
T:9247

P:9247
T:9248

P:9248
T:9249

P:9249
T:9250

P:9250
T:9251

P:9251
T:9252

P:9252
T:9253

P:9253
T:9254

P:9254
T:9255

P:9255
T:9256

P:9256
T:9257

P:9257
T:9258

P:9258
T:9259

P:9259
T:9260

FAIL 9260 GOT:NIL EXP:GOOD
T:9261

FAIL 9261 GOT:NIL EXP:GOOD
T:9262

FAIL 9262 GOT:NIL EXP:1
T:9263

FAIL 9263 GOT:NIL EXP:2
T:9264

P:9264
  Handler-stack helpers emitted (push/pop)
T:9265

P:9265
T:9266

P:9266
T:9267

FAIL 9267 GOT:NIL EXP:(T aZ)
T:9268

FAIL 9268 GOT:NIL EXP:GOOD
T:9540

P:9540
T:9541

P:9541
T:9542

P:9542

T:9543

P:9543
T:9544

P:9544
T:9545

P:9545
T:9546

P:9546
T:9200

P:9200
T:9204

P:9204
T:9205

P:9205
T:9210

P:9210
T:9211

P:9211
T:9232

P:9232
T:9233

P:9233
T:9234

P:9234
T:9237

P:9237
T:9213

P:9213
T:9214

P:9214
T:9215

P:9215
T:9206

P:9206
T:9207

P:9207
T:9208

P:9208
T:9260

P:9260
T:9261

P:9261
T:9262

P:9262
T:9263

P:9263
T:9264

P:9264
T:9265

P:9265
T:9266

P:9266
T:9267

P:9267

P:5001

P:5002

P:5010

P:5011

P:5012

P:5013

P:5014

P:5020

P:5021

P:5022

P:5030

P:5031

P:5040

P:5041

P:5042

P:5050

P:5051

P:5060

P:5061

P:5062

P:5070

P:5071

P:5072

P:5080

P:5081

P:5090

P:5095

P:5100

P:5110

P:5120

P:5125

P:5130

P:5140

P:5141

P:5142

P:5143

P:5150

P:5151

P:5160

P:5170

P:5171

P:5180

P:5190

P:5200

P:5210

P:5220

P:5230

P:5231

P:5240

P:5241

P:5250

P:5260

P:5270

P:5271

P:5500

P:5501

P:5502

P:5510

P:5511

P:5512

P:5513

P:5514

P:5520

P:5521

P:5522

P:5523

P:5524

P:5525

P:5530

P:5531

P:5540

P:5541

P:5542

P:5550

P:5551

P:5560

P:5561

P:5570

P:5571

P:5572

P:5580

P:5581

P:5582

P:5583

P:5590

P:5591

P:5592

P:5593

P:5594

P:5595

P:5600

P:5601

P:5602

P:5603

P:5604

P:5605

P:5606

P:5607

P:5608

P:5609

P:56200

P:56201

P:56202

P:56203

P:56204

P:56250

P:56260

P:56261

P:56262

P:56263

P:56264

P:56265

P:56266
OPEN-OK;
P:56300
READ-OK;
P:56301
  Handler-stack helpers emitted (push/pop)
EVAL-LITERAL-OK;
P:56302
  Handler-stack helpers emitted (push/pop)
S4A-CALL;S4A-OK;
P:56303
READ-CAR=WRITE-STRING-SERIAL;  Handler-stack helpers emitted (push/pop)
PROBE-1-LOADED;S4B-OK;
P:56304
  Handler-stack helpers emitted (push/pop)
S5-EVAL-LIST=OK;
P:56305
  Handler-stack helpers emitted (push/pop)
S6-FORMAT=X=42;
P:56306
BEFORE-LOAD;  Handler-stack helpers emitted (push/pop)
AFTER-LOAD;BOUNDP=T;VAL=X=42;
P:56307
SUITE-WROTE;F1-OP=DEFVAR;  Handler-stack helpers emitted (push/pop)
F1-OK;F2-OP=DEFUN;  WARN: implicit global *PROBE-SUITE-ENTRIES*
  Handler-stack helpers emitted (push/pop)
F2-OK;F3-OP=DEFMACRO;  Handler-stack helpers emitted (push/pop)
  Handler-stack helpers emitted (push/pop)
F3-OK;F4-OP=PROBE-DEFTEST;  Handler-stack helpers emitted (push/pop)
F4-OK;F5-OP=PROBE-DEFTEST;  Handler-stack helpers emitted (push/pop)
F5-OK;ALL-FORMS-OK;ENTRIES-BOUND=T;
P:56308

P:56309

P:56310

P:56311

P:56312

P:56320

FAIL 56321

P:56322

P:56323

P:56324
CL-EXTERNAL-COUNT=978;
P:56330
FIND-CAR=EXTERNAL;
P:56331
DES-COUNT=978;
P:56332

P:56333

P:56334

P:56400

P:56401

P:56402

P:56403

P:56404

P:56405

P:56406

P:56407

P:56410

P:56411

P:56412
  Handler-stack helpers emitted (push/pop)

P:56413

P:56414

P:56415

P:56420

P:56421

P:56422

P:56423

P:56424

P:56430

FAIL 56431

P:56432

FAIL 56433

FAIL 56434

FAIL 56435

P:56440

P:56441

P:56442

P:56443

P:56444

P:56445

P:56446

P:56447

P:56450

P:56448

P:56449

P:56451

P:56460

P:56461

P:56462

P:56463

P:56464

P:56470

P:56471

P:56472

P:56473

P:56474

P:56475

P:56476

FAIL 56480

FAIL 56481

FAIL 56482

FAIL 56483

FAIL 56484

FILE-READ:(A B C)

FAIL 56485

FAIL 56486

FAIL 56487

FAIL 56488
  Handler-stack helpers emitted (push/pop)
  Handler-stack helpers emitted (push/pop)
  Handler-stack helpers emitted (push/pop)
  Handler-stack helpers emitted (push/pop)
  Handler-stack helpers emitted (push/pop)
  Handler-stack helpers emitted (push/pop)
  Handler-stack helpers emitted (push/pop)

P:56490

FAIL 56491

FAIL 56492

FAIL 56493

P:5610

P:5611

P:5615

P:5620

P:5621

P:5622

P:5623

P:5624

P:5630

P:5631

FAIL 5640

P:5690

P:5691

P:5692

P:5693

ANSI-TOTAL=17625
T:20997

P:20997
T:20998

P:20998
T:20999

P:20999
T:21000

P:21000
T:21001

P:21001
T:21002

P:21002
T:21003

P:21003
T:21004

P:21004
T:21005

P:21005
T:21006

P:21006
T:21007

P:21007
T:21008

P:21008
T:21009

P:21009
T:21010

P:21010
T:21011

P:21011
T:21012

P:21012
T:21013

P:21013
T:21014

P:21014
T:21015

P:21015
T:21016

P:21016
T:21017

P:21017
T:21018

P:21018
T:21019

P:21019
T:21020

P:21020
T:21021

P:21021
T:21022

P:21022
T:21023

P:21023
T:21024

P:21024
T:21025

P:21025
T:21026

P:21026
T:21027

P:21027
T:21028

P:21028
T:21029

P:21029
T:21030

P:21030
T:21031

P:21031
T:21032

P:21032
T:21033

P:21033
T:21034

P:21034
T:21035

P:21035
T:21036

P:21036
T:21037

P:21037
T:21038

P:21038
T:21039

P:21039
T:21040

P:21040
T:21041

P:21041
T:21042

P:21042
T:21043

P:21043
T:21044

P:21044
T:21045

P:21045
T:21046

P:21046
T:21047

P:21047
T:21048

P:21048
T:21049

P:21049
T:21050

P:21050
T:21051

P:21051
T:21052

P:21052
T:21053

P:21053
T:21054

P:21054
T:21055

P:21055
T:21056

P:21056
T:21057

P:21057
T:21058

P:21058
T:21059

P:21059
T:21060

P:21060
T:21061

P:21061
T:21062

P:21062
T:21063

P:21063
T:21064

P:21064
T:21065

P:21065
T:21066

P:21066
T:21067

P:21067
T:21068

P:21068
T:21069

P:21069
T:21070

P:21070
T:21071

P:21071
T:21072

P:21072
T:21073

P:21073
T:21074

P:21074
T:21075

P:21075
T:21076

P:21076
T:21077

P:21077
T:21078

P:21078
T:21079

P:21079
T:21080

P:21080
T:21081

P:21081
T:21082

P:21082
T:21083

P:21083
T:21084

P:21084
T:21085

P:21085
T:21086

P:21086
T:21087

P:21087
T:21088

P:21088
T:21089

P:21089
T:21090

P:21090
T:21091

P:21091
T:21092

P:21092
T:21093

P:21093
T:21094

P:21094
T:21095

P:21095
T:21096

P:21096
T:21097

P:21097
T:21098

P:21098
T:21099

P:21099
T:21100

P:21100
T:21101

P:21101
T:21102

P:21102
T:21103

P:21103
T:21104

P:21104
T:21105

FAIL 21105 GOT:(1 4 7 10) EXP:(1 2 3 4 5 6 7 8 9 10)
T:21106

P:21106
T:21107

P:21107
T:21108

P:21108
T:21109

P:21109
T:21110

P:21110
T:21111

P:21111
T:21112

P:21112
T:21113

P:21113
T:21114

FAIL 21114 GOT:(1 4 7 10) EXP:(1 2 3 4 5 6 7 8 9 10)
T:21115

P:21115
T:21116

P:21116
T:21117

P:21117
T:21118

P:21118
T:21119

P:21119
T:21120

P:21120
T:21121

P:21121
T:21122

P:21122
T:21123

P:21123
T:21124

P:21124
T:21125

P:21125
T:21126

P:21126
T:21127

P:21127
T:21128

P:21128
T:21129

P:21129
T:21130

P:21130
T:21131

P:21131
T:21132

P:21132
T:21133

P:21133
T:21134

P:21134
T:21135

P:21135
T:21136

P:21136
T:21137

P:21137
T:21138

P:21138
T:21139

P:21139
T:21140

P:21140
T:21141

P:21141
T:21142

P:21142
T:21143

P:21143
T:21144

P:21144
T:21145

P:21145
T:21146

P:21146
T:21147

P:21147
T:21148

P:21148
T:21149

P:21149
T:21150

P:21150
T:21151

P:21151
T:21152

P:21152
T:21153

P:21153
T:21154

P:21154
T:21155

P:21155
T:21156

P:21156
T:21157

P:21157
T:21158

P:21158
T:21159

P:21159
T:21160

P:21160
T:21161

P:21161
T:21162

P:21162
T:21163

P:21163
T:21164

P:21164
T:21165

P:21165
T:21166

P:21166
T:21167

P:21167
T:21168

P:21168
T:21169

P:21169
T:21170

P:21170
T:21171

P:21171
T:21172

P:21172
T:21173

P:21173
T:21174

P:21174
T:21175

P:21175
T:21176

P:21176
T:21177

P:21177
  Handler-stack helpers emitted (push/pop)
T:21178

P:21178
T:21179

P:21179
T:21180

P:21180
T:21181

P:21181
T:21182

P:21182
T:21183

P:21183
T:21184

P:21184
T:21185

P:21185
T:21186

P:21186
T:21187

P:21187
T:21188

P:21188
T:21189

P:21189
T:21190

P:21190
T:21191

P:21191
T:21192

P:21192
T:21193

P:21193
T:21194

P:21194
T:21195

P:21195
T:21196

P:21196
T:21197

P:21197
T:21198

P:21198
T:21199

P:21199
T:21200

P:21200
T:21201

P:21201
T:21202

P:21202
T:21203

P:21203
T:21204

P:21204
T:21205

P:21205
T:21206

P:21206
T:21207

P:21207
T:21208

P:21208
T:21209

P:21209
T:21210

P:21210
T:21211

P:21211
T:21212

P:21212
T:21213

P:21213
T:21214

P:21214
T:21215

P:21215
T:21216

P:21216
T:21217

P:21217
T:21218

P:21218
T:21219

P:21219
T:21220

P:21220
T:21221

P:21221
T:21222

P:21222
T:21223

P:21223
T:21224

P:21224
T:21225

P:21225
T:21226

P:21226
T:21227

P:21227
T:21228

P:21228
T:21229

P:21229
T:21230

P:21230
T:21231

P:21231
T:21232

P:21232
T:21233

P:21233
T:21234

P:21234
T:21235

P:21235
T:21236

P:21236
T:21237

P:21237
T:21238

P:21238
T:21239

P:21239
T:21240

P:21240
T:21241

P:21241
T:21242

P:21242
T:21243

P:21243
T:21244

P:21244
T:21245

P:21245
T:21246

P:21246
T:21247

P:21247
T:21248

P:21248
T:21249

P:21249
T:21250

P:21250
T:21251

P:21251
T:21252

P:21252
T:21253

FAIL 21253 GOT:NIL EXP:GOOD
T:21254

P:21254
T:21255

P:21255
T:21256

P:21256
T:21257

P:21257
T:21258

P:21258
T:21259

P:21259
T:21260

P:21260
T:21261

P:21261
T:21262

P:21262
T:21263

P:21263
T:21264

P:21264
T:21265

P:21265
T:21266

P:21266
T:21267

P:21267
T:21268

P:21268
T:21269

P:21269
T:21270

P:21270
T:21271

P:21271
T:21272

P:21272
T:21273

P:21273
T:21274

P:21274
T:21275

P:21275
T:21276

P:21276
T:21277

P:21277
T:21278

P:21278
T:21279

P:21279
T:21280

P:21280
T:21281

P:21281
T:21282

P:21282
T:21283

P:21283
T:21284

P:21284
T:21285

FAIL 21285 GOT:(A A B B C C D D) EXP:(A Z B Z C Z D Z)
T:21286

FAIL 21286 GOT:(A B C D) EXP:(A Z B Z C Z D Z)
T:21287

P:21287
T:21288

P:21288
T:21289

P:21289
T:21290

P:21290
T:21291

P:21291
T:21292

P:21292
T:21293

P:21293
T:21294

P:21294
T:21295

P:21295
T:21296

P:21296
T:21297

P:21297
T:21298

P:21298
T:21299

P:21299
T:21300

P:21300
T:21301

P:21301
T:21302

P:21302
T:21303

P:21303
T:21304

P:21304
T:21305

P:21305
T:21306

P:21306
T:21307

P:21307
T:21308

P:21308
T:21309

P:21309
T:21310

P:21310
T:21311

P:21311
T:21312

P:21312
T:21313

P:21313
T:21314

P:21314
T:21315

P:21315
T:21316

P:21316
T:21317

P:21317
T:21318

P:21318
T:21319

P:21319
T:21320

P:21320
T:21321

P:21321
T:21322

P:21322
T:21323

P:21323
T:21324

P:21324
T:21325

P:21325
T:21326

P:21326
T:21327

P:21327
T:21328

P:21328
T:21329

P:21329
T:21330

P:21330
T:21331

P:21331
T:21332

P:21332
T:21333

P:21333
T:21334

P:21334
T:21335

P:21335
T:21336

P:21336
T:21337

P:21337
T:21338

P:21338
T:21339

P:21339
T:21340

P:21340
T:21341

P:21341
T:21342

P:21342
T:21343

P:21343
T:21344

P:21344
T:21345

P:21345
T:21346

P:21346
T:21347

P:21347
T:21348

P:21348
T:21349

P:21349
T:21350

P:21350
T:21351

P:21351
T:21352

P:21352
T:21353

P:21353
T:21354

P:21354
T:21355

P:21355
T:21356

P:21356
T:21357

P:21357

1056/1082 DONE
