ANSI-TEST

P:57001

P:57002

P:57003

P:57120

P:57200

P:57300

P:3001

P:3002

P:3003

P:3004

P:3005

P:3091

P:3092

P:3110

P:3111

P:3093

P:3094

P:3095

P:3096

P:3097

P:1399

P:1401

P:1402

P:1403

P:1404

P:1405

P:1410

P:1411

P:1412

P:1413

P:1415

P:1416

P:1417

P:1418

P:1420

P:1421

P:1425

P:1426

P:1427

P:1428

P:1428

P:1429

P:1429

P:1430

P:1431

P:1433

P:1434

P:1435

P:1436

P:1440

P:1441

P:1442

P:1443

P:1501

P:1502

P:1503

P:1504

P:1505

P:1510

P:1511

P:1512

P:1520

P:1521

P:1530

P:1531

P:1532

P:1540

P:1541

P:1542

P:1543

P:1550

P:1551

P:1552

P:1560

P:1561

P:1562

P:1570

P:1571

P:1200

P:1201

P:1202

P:1203

P:1204

P:1205

P:1210

P:1211

P:1212

P:1220

P:1221

P:1222

P:1223

P:1230

P:1231

P:1232

P:1235

P:1236

P:1237

P:1240

P:1241

P:1242

P:1243

P:1250

P:1251

P:1252

P:1255

P:1256

P:1257

P:1260

P:1261

P:1262

P:1265

P:1266

P:1267

P:1270

P:1271

P:1272

P:1275

P:1276

P:1280

P:1281

P:1282

P:1300

P:1301

P:1302

P:1305

P:1306

P:1307

P:1310

P:1311

P:1312

P:1315

P:1316

P:1317

P:1318

P:1320

P:1321

P:500

P:501

P:502

P:503

P:510

P:511

P:515

P:516

P:520

P:521

P:522

P:530

P:531

P:532

P:533

P:534

P:540

P:541

P:542

P:543

P:544

P:550

P:551

P:552

P:553

P:600

P:601

P:602

P:610

P:611

P:620

P:625

P:650

P:651

P:670

P:671

P:672

P:700

P:701

P:702

P:710

P:711

P:712

P:713

P:1000

P:1001

P:1002

P:1010

P:1011

P:1700

P:1701

P:1702

P:1703

P:1704

P:1710

P:1711

P:1712

P:1720

P:1721

P:1722

P:1800

P:1801

P:1802

P:1810

P:1811

P:1812

P:1900

P:1901

P:1910

P:1915

P:2000

P:2099

P:2098

P:2001

P:2002

P:2010

P:2011

P:2012

P:2020

P:2021

P:2022

P:2030

P:2031

P:2040

P:2041

P:2050

P:2060

P:2070

P:2080

P:750

P:751

P:752

P:753

P:754

P:755

P:2100

P:2101

P:2102

P:2110

P:2111

P:2120

P:2121

P:2130

P:2131

P:2132

P:2150

P:2151

P:2160

P:2161

P:2162

P:2170

P:2171

P:2180

P:2250

P:2251

P:2260

P:2261

P:2262

P:2263

P:2270

P:2271

P:2275

P:2280

P:2281

P:2300

P:2301

P:2302
T:2300

P:2300
T:2301

P:2301
T:2302

P:2302
T:2380

P:2380
T:2381

P:2381
T:2382

P:2382
T:2383

P:2383
T:2384

P:2384
T:2385

P:2385
T:2386

P:2386
T:2387

P:2387
T:2388

P:2388
T:3900

P:3900
T:3901

P:3901
T:3902

P:3902
T:3903

P:3903
T:3904

P:3904
T:3905

P:3905
T:3906

P:3906
T:3907

P:3907
T:3908

P:3908
T:3909

P:3909
T:3910

P:3910
T:3911

P:3911
T:3912

P:3912
T:3913

P:3913
T:3914

P:3914
T:3915

P:3915
T:3916

P:3916
T:3917

P:3917
T:3918

P:3918
T:3919

P:3919
T:3920

P:3920
T:3921

P:3921
T:3922

P:3922
T:3923

P:3923
T:3924

P:3924
T:3925

P:3925
T:3926

P:3926
hello
P:2200
42
P:2201
42
P:2202
1 2 3
P:2203
(1 . 2)
P:2204
NIL
P:2205


P:2206
T:2210

P:2210
T:2211

P:2211
T:2212

P:2212

P:2400

P:2401

P:2402

P:2403

P:2450

FAIL 2700

P:2701

FAIL 2702

P:2703

P:2710

P:2711

P:2712

P:2713

P:2714

P:2600

P:2601

P:2610

P:2620

P:2621

P:2630

P:2631

P:2500

P:2501

P:2502

P:2503

P:2504

P:2400

P:2402

P:2403

P:2404
T:99999

P:99999

P:2405

P:2406

P:NIL

P:2407

P:2408

P:2409

P:2410

P:2411

P:2412

P:2413

P:2416

P:8240

P:8241

P:8242

P:8243

P:8244

P:8245

P:8246

P:8247

P:8248

P:8249

P:8250

P:8251

P:8252

P:8253

P:8254

P:8255

P:8320

P:8321

P:8327

P:8328

P:8329

P:8330

P:8331

P:8332

P:8333

P:8334

P:8335

P:8336

P:8337

P:8338

P:8339

P:8340

P:8341

P:8342

P:8343

P:8344

P:8322

P:8323

P:8324

P:8325

P:8326

P:8180

P:8181

P:8182
  Handler-stack helpers emitted (push/pop)
  Handler-stack helpers emitted (push/pop)
  Handler-stack helpers emitted (push/pop)

P:8183
  Handler-stack helpers emitted (push/pop)

P:8184

P:8185
  Handler-stack helpers emitted (push/pop)
  Handler-stack helpers emitted (push/pop)

P:8186

P:8420

P:8427

P:8428

P:8429
T:8401

P:8401
T:8402

P:8402
T:8300

P:8300
T:8301

P:8301
T:8302

P:8302
T:8303

P:8303
T:8304

P:8304
T:8305

P:8305
T:8306

P:8306
T:8307

P:8307
T:8308

P:8308
T:8309

P:8309
T:8310

P:8310
T:8311

P:8311
T:8312

P:8312

P:9000

P:9001

P:8780

P:8781

P:8782

P:8783

P:8784
  Handler-stack helpers emitted (push/pop)

P:8640

P:8641

P:8642

P:8643

P:8644

P:8645

P:8646
  Handler-stack helpers emitted (push/pop)

P:8690

P:8692

P:8697

P:8698
  Handler-stack helpers emitted (push/pop)

P:8699
  Handler-stack helpers emitted (push/pop)
  Handler-stack helpers emitted (push/pop)

P:8684
  Handler-stack helpers emitted (push/pop)

P:8685
  Handler-stack helpers emitted (push/pop)

P:8686
  Handler-stack helpers emitted (push/pop)

P:8687
  Handler-stack helpers emitted (push/pop)
  Handler-stack helpers emitted (push/pop)
  Handler-stack helpers emitted (push/pop)

P:8679
  Handler-stack helpers emitted (push/pop)
  Handler-stack helpers emitted (push/pop)
  Handler-stack helpers emitted (push/pop)

P:8681
  Handler-stack helpers emitted (push/pop)
  Handler-stack helpers emitted (push/pop)

P:8682
  Handler-stack helpers emitted (push/pop)
  Handler-stack helpers emitted (push/pop)

P:8683
  Handler-stack helpers emitted (push/pop)

P:8694
  Handler-stack helpers emitted (push/pop)
  Handler-stack helpers emitted (push/pop)

P:8696

P:8660

FAIL 8661

P:8662

P:8663

P:8700

P:8701

P:8710

P:8711

P:8713

P:8714

P:8716
  Handler-stack helpers emitted (push/pop)

P:8980
  Handler-stack helpers emitted (push/pop)

P:8981

P:9700

P:9701

P:9702

P:9703

P:9704

P:9705

P:9706

P:9707

P:9708

P:9709

P:9710

P:9711

P:9712

P:9713

P:9714

P:9715

P:9716

P:9717

P:9718

P:9719

P:9720

P:9721

P:9722

P:9723

P:9724

P:9725

P:9726

P:9727

P:9728

P:9729

P:9730

P:9731

P:9732

P:9733

P:9287

P:9288

P:9289

P:9290

P:9291

P:9292

P:9293

P:9294

P:8840

P:8841

P:8842

P:8843

P:8844

P:8845

P:8846

P:8847

P:8848

P:8849

P:8850

P:8851

P:8852

P:8853

P:8854

P:8855

P:8856

P:8857

P:8858

P:8859

P:8860
  Handler-stack helpers emitted (push/pop)

P:8861
  Handler-stack helpers emitted (push/pop)

P:8862
  Handler-stack helpers emitted (push/pop)

P:8863

P:9752

P:9760

P:9761

P:9762

FAIL 9763

P:9010

P:9020

P:9030

P:9031

P:9032

P:9033

P:9034

P:9035

P:9036

P:9037

P:9038

P:9901

P:9902

P:9903

P:9904

P:9905

P:9906

P:9907

P:9910

P:9911

P:9912

P:9920

P:9921

P:9922

P:9930

P:9931

P:9932

P:9933

P:9934
T:9935

P:9935

P:9936

P:9937

P:9938

P:9939

P:9980

P:9981

P:9982

P:9983

P:9940

P:9941

P:9942

P:9943

P:9944

P:9945

P:9946

P:9947

P:9948

P:9949

P:9950

P:9951

P:9952

FAIL 9960

P:9961

P:9962

P:9963

P:9964

P:9970

P:9971

P:9972

P:9480

P:9481

P:9482

P:9483

P:9484

P:9485

P:9486

P:9487

P:9488

P:9489

P:9801

P:9802

P:9803

P:9804

P:9811

P:9812

P:9813

P:9814

P:9815

P:9820

P:9821

P:9822

P:9823

P:9824

P:9831

P:9837

P:9838

P:9835

P:9836

P:9980

P:9982

P:9983

P:9997

P:9984

P:9985

P:9986

P:9987

P:9988

P:9989

P:9990

P:9991

P:9992

P:9993

P:9994

P:8720

P:8721

P:8722

P:9996

P:9998

P:9999

P:8620

P:8621

P:8622

P:8623

P:8624

P:8625

P:8626

P:8627

P:8628

P:8629

P:8640

P:8641

P:8642

P:8643
  Handler-stack helpers emitted (push/pop)
  Handler-stack helpers emitted (push/pop)

P:8650
  Handler-stack helpers emitted (push/pop)
  Handler-stack helpers emitted (push/pop)

P:8651
  Handler-stack helpers emitted (push/pop)
  Handler-stack helpers emitted (push/pop)

P:8652
  Handler-stack helpers emitted (push/pop)
  Handler-stack helpers emitted (push/pop)

P:8653
T:9560

P:9560
T:9561

P:9561
T:9565

P:9565
T:9566

P:9566
  Handler-stack helpers emitted (push/pop)
T:9562

P:9562
T:9563

P:9563
  Handler-stack helpers emitted (push/pop)
T:9564

P:9564
  Handler-stack helpers emitted (push/pop)
T:9570

P:9570
T:9571

P:9571
  Handler-stack helpers emitted (push/pop)
T:9572

P:9572
T:9574

P:9574
T:9575

P:9575
  Handler-stack helpers emitted (push/pop)
  Handler-stack helpers emitted (push/pop)
T:9573

FAIL 9573 GOT:(NIL A NIL) EXP:(0 A A)
T:9120

P:9120
T:9121

P:9121
T:9122

P:9122
T:9123

P:9123
T:9124

P:9124
T:9040

P:9040
T:9041

P:9041
T:9042

P:9042
T:9043

P:9043
T:9044

P:9044
T:9045

P:9045
T:9046

P:9046
T:9047

P:9047
T:9048

P:9048
T:9049

P:9049
T:9050

P:9050
T:9051

P:9051
T:9052

P:9052
T:9053

FAIL 9053 GOT:"X" EXP:T
T:9054

P:9054
T:9055

P:9055
T:9056

P:9056
T:9057

P:9057
  WARN: implicit global *READTABLE*
  Handler-stack helpers emitted (push/pop)
T:9520

P:9520
T:9521

P:9521
T:9522

P:9522
T:9524

P:9524
T:9526

FAIL 9526 GOT:NIL EXP:GOOD
T:9525

P:9525
T:9523

FAIL 9523 GOT:CRASHED EXP:GOOD
  Handler-stack helpers emitted (push/pop)
  WARN: implicit global *CATCH-ACTIVE*
  WARN: implicit global *CURRENT-CONDITION*
  Handler-stack helpers emitted (push/pop)
T:8440

P:8440
  Handler-stack helpers emitted (push/pop)
  WARN: implicit global *CATCH-ACTIVE*
  WARN: implicit global *CURRENT-CONDITION*
  Handler-stack helpers emitted (push/pop)
T:8441

P:8441
  Handler-stack helpers emitted (push/pop)
  WARN: implicit global *CATCH-ACTIVE*
  WARN: implicit global *CURRENT-CONDITION*
  Handler-stack helpers emitted (push/pop)
T:8442

P:8442
  WARN: implicit global *CURRENT-CONDITION*
  WARN: implicit global *CATCH-ACTIVE*
  WARN: implicit global *CATCH-TAG*
  WARN: implicit global *CATCH-VALUE*
  Handler-stack helpers emitted (push/pop)
  WARN: implicit global *CATCH-ACTIVE*
  WARN: implicit global *CURRENT-CONDITION*
  Handler-stack helpers emitted (push/pop)
T:8443

P:8443
  Handler-stack helpers emitted (push/pop)
T:8444

P:8444
  Handler-stack helpers emitted (push/pop)
T:8445

P:8445
  WARN: implicit global *CATCH-ACTIVE*
  WARN: implicit global *CURRENT-CONDITION*
  Handler-stack helpers emitted (push/pop)
  Handler-stack helpers emitted (push/pop)
T:8446

P:8446
  Handler-stack helpers emitted (push/pop)
T:8447

P:8447
  WARN: implicit global *CATCH-ACTIVE*
  WARN: implicit global *CURRENT-CONDITION*
  Handler-stack helpers emitted (push/pop)
T:8500

P:8500
  WARN: implicit global *CATCH-ACTIVE*
  WARN: implicit global *CURRENT-CONDITION*
  Handler-stack helpers emitted (push/pop)
T:8501

P:8501
  WARN: cannot compile #<?>, using nil
  WARN: cannot compile #<?>, using nil
  WARN: implicit global setq *CATCH-TAG*
  WARN: implicit global setq *CATCH-VALUE*
  WARN: implicit global setq *CATCH-ACTIVE*
  WARN: implicit global *CURRENT-CONDITION*
  Handler-stack helpers emitted (push/pop)
T:8502

P:8502
  WARN: implicit global *CATCH-ACTIVE*
  WARN: implicit global *CURRENT-CONDITION*
  Handler-stack helpers emitted (push/pop)
T:8503

P:8503
  WARN: implicit global *CATCH-ACTIVE*
  WARN: implicit global *CURRENT-CONDITION*
  Handler-stack helpers emitted (push/pop)
T:8504

P:8504
  Handler-stack helpers emitted (push/pop)
T:9539

P:9539
T:9160

P:9160
T:9161

P:9161
T:9162

P:9162
T:9163

P:9163
T:9164

P:9164
T:9165

P:9165
T:9166

P:9166
T:9167

P:9167
T:9168

P:9168
T:9169

P:9169
T:8880

P:8880
T:8881

P:8881
T:8882

FAIL 8882 GOT:(0 NIL NIL) EXP:(2 7 9)
T:8883

P:8883
T:8884

P:8884
T:8887

P:8887
T:8820

P:8820
T:8821

P:8821
T:8822

P:8822
T:8823

P:8823
T:8824

P:8824
T:8260

P:8260
T:8261

P:8261
T:8262

P:8262
T:8263

P:8263
T:8264

P:8264
T:8265

P:8265
T:8266

P:8266
T:8267

P:8267
T:8270

P:8270
T:8271

P:8271
T:8272

P:8272
T:8273

P:8273
T:8275

P:8275
T:8200

P:8200
T:8201

P:8201
T:8202

P:8202
T:8203

P:8203
T:8204

P:8204
T:8205

P:8205
T:8206

P:8206
T:8207

P:8207
T:9180

P:9180
T:9181

P:9181
T:9182

P:9182
T:9183

P:9183
T:9184

P:9184
T:9185

P:9185
T:9186

P:9186
T:9187

P:9187
T:9188

P:9188
T:9189

P:9189
T:9190

P:9190
T:9191

P:9191
T:9192

P:9192
T:9193

P:9193
T:9194

P:9194
T:9195

P:9195
T:9196

P:9196
T:9197

P:9197
T:9198

P:9198
T:9199

P:9199
T:9200

P:9200
T:9201

P:9201
T:9202

P:9202
T:9203

P:9203
T:9204

P:9204
T:9205

P:9205
T:9206

P:9206
T:9207

P:9207
T:9208

P:9208
T:9209

P:9209
T:9210

FAIL 9210 GOT:(QUOTE X) EXP:(QUOTE X)
T:9211

FAIL 9211 GOT:BACKQUOTE EXP:QUASIQUOTE
T:9212

P:9212
T:9213

FAIL 9213 GOT:(A (B C) D) EXP:(A (B C) D)
T:9214

P:9214
T:9215

P:9215
T:9216

P:9216
T:9217

P:9217
  Handler-stack helpers emitted (push/pop)
T:9218

P:9218
T:9219

P:9219
T:9220

P:9220
T:9221

P:9221
T:9222

P:9222
T:9223

P:9223
T:9224

P:9224
T:9225

P:9225
T:9226

P:9226
T:9227

P:9227
T:9228

P:9228
T:9229

P:9229
T:9230

P:9230
T:9231

P:9231
T:9232

P:9232
T:9233

P:9233
T:9234

P:9234
T:9235

P:9235
T:9236

P:9236
T:9237

P:9237
T:9238

P:9238
T:9239

P:9239
T:9240

P:9240
T:9241

P:9241
T:9242

P:9242
T:9243

P:9243
T:9244

P:9244
T:9245

P:9245
T:9246

P:9246
T:9247

P:9247
T:9248

P:9248
T:9249

P:9249
T:9250

P:9250
T:9251

P:9251
T:9252

P:9252
T:9253

P:9253
T:9254

P:9254
T:9255

P:9255
T:9256

P:9256
T:9257

P:9257
T:9258

P:9258
T:9259

P:9259
T:9260

FAIL 9260 GOT:NIL EXP:GOOD
T:9261

FAIL 9261 GOT:NIL EXP:GOOD
T:9262

FAIL 9262 GOT:NIL EXP:1
T:9263

FAIL 9263 GOT:NIL EXP:2
T:9264

P:9264
  Handler-stack helpers emitted (push/pop)
T:9265

P:9265
T:9266

P:9266
T:9267

FAIL 9267 GOT:NIL EXP:(T aZ)
T:9268

FAIL 9268 GOT:NIL EXP:GOOD
T:9540

P:9540
T:9541

P:9541
T:9542

P:9542

T:9543

P:9543
T:9544

P:9544
T:9545

P:9545
T:9546

P:9546
T:9200

P:9200
T:9204

P:9204
T:9205

P:9205
T:9210

P:9210
T:9211

P:9211
T:9232

P:9232
T:9233

P:9233
T:9234

P:9234
T:9237

P:9237
T:9213

P:9213
T:9214

P:9214
T:9215

P:9215
T:9206

P:9206
T:9207

P:9207
T:9208

P:9208
T:9260

P:9260
T:9261

P:9261
T:9262

P:9262
T:9263

P:9263
T:9264

P:9264
T:9265

P:9265
T:9266

P:9266
T:9267

P:9267

P:5001

P:5002

P:5010

P:5011

P:5012

P:5013

P:5014

P:5020

P:5021

P:5022

P:5030

P:5031

P:5040

P:5041

P:5042

P:5050

P:5051

P:5060

P:5061

P:5062

P:5070

P:5071

P:5072

P:5080

P:5081

P:5090

P:5095

P:5100

P:5110

P:5120

P:5125

P:5130

P:5140

P:5141

P:5142

P:5143

P:5150

P:5151

P:5160

P:5170

P:5171

P:5180

P:5190

P:5200

P:5210

P:5220

P:5230

P:5231

P:5240

P:5241

P:5250

P:5260

P:5270

P:5271

P:5500

P:5501

P:5502

P:5510

P:5511

P:5512

P:5513

P:5514

P:5520

P:5521

P:5522

P:5523

P:5524

P:5525

P:5530

P:5531

P:5540

P:5541

P:5542

P:5550

P:5551

P:5560

P:5561

P:5570

P:5571

P:5572

P:5580

P:5581

P:5582

P:5583

P:5590

P:5591

P:5592

P:5593

P:5594

P:5595

P:5600

P:5601

P:5602

P:5603

P:5604

P:5605

P:5606

P:5607

P:5608

P:5609

P:56200

P:56201

P:56202

P:56203

P:56204

P:56250

P:56260

P:56261

P:56262

P:56263

P:56264

P:56265

P:56266
OPEN-OK;
P:56300
READ-OK;
P:56301
  Handler-stack helpers emitted (push/pop)
EVAL-LITERAL-OK;
P:56302
  Handler-stack helpers emitted (push/pop)
S4A-CALL;S4A-OK;
P:56303
READ-CAR=WRITE-STRING-SERIAL;  Handler-stack helpers emitted (push/pop)
PROBE-1-LOADED;S4B-OK;
P:56304
  Handler-stack helpers emitted (push/pop)
S5-EVAL-LIST=OK;
P:56305
  Handler-stack helpers emitted (push/pop)
S6-FORMAT=X=42;
P:56306
BEFORE-LOAD;  Handler-stack helpers emitted (push/pop)
AFTER-LOAD;BOUNDP=T;VAL=X=42;
P:56307
SUITE-WROTE;F1-OP=DEFVAR;  Handler-stack helpers emitted (push/pop)
F1-OK;F2-OP=DEFUN;  WARN: implicit global *PROBE-SUITE-ENTRIES*
  Handler-stack helpers emitted (push/pop)
F2-OK;F3-OP=DEFMACRO;  Handler-stack helpers emitted (push/pop)
  Handler-stack helpers emitted (push/pop)
F3-OK;F4-OP=PROBE-DEFTEST;  Handler-stack helpers emitted (push/pop)
F4-OK;F5-OP=PROBE-DEFTEST;  Handler-stack helpers emitted (push/pop)
F5-OK;ALL-FORMS-OK;ENTRIES-BOUND=T;
P:56308

P:56309

P:56310

P:56311

P:56312

P:56320

FAIL 56321

P:56322

P:56323

P:56324
CL-EXTERNAL-COUNT=978;
P:56330
FIND-CAR=EXTERNAL;
P:56331
DES-COUNT=978;
P:56332

P:56333

P:56334

P:56400

P:56401

P:56402

P:56403

P:56404

P:56405

P:56406

P:56407

P:56410

P:56411

P:56412
  Handler-stack helpers emitted (push/pop)

P:56413

P:56414

P:56415

P:56420

P:56421

P:56422

P:56423

P:56424

P:56430

FAIL 56431

P:56432

FAIL 56433

FAIL 56434

FAIL 56435

P:56440

P:56441

P:56442

P:56443

P:56444

P:56445

P:56446

P:56447

P:56450

P:56448

P:56449

P:56451

P:56460

P:56461

P:56462

P:56463

P:56464

P:56470

P:56471

P:56472

P:56473

P:56474

P:56475

P:56476

FAIL 56480

FAIL 56481

FAIL 56482

FAIL 56483

FAIL 56484

FILE-READ:(A B C)

FAIL 56485

FAIL 56486

FAIL 56487

FAIL 56488
  Handler-stack helpers emitted (push/pop)
  Handler-stack helpers emitted (push/pop)
  Handler-stack helpers emitted (push/pop)
  Handler-stack helpers emitted (push/pop)
  Handler-stack helpers emitted (push/pop)
  Handler-stack helpers emitted (push/pop)
  Handler-stack helpers emitted (push/pop)

P:56490

FAIL 56491

FAIL 56492

FAIL 56493

P:5610

P:5611

P:5615

P:5620

P:5621

P:5622

P:5623

P:5624

P:5630

P:5631

FAIL 5640

P:5690

P:5691

P:5692

P:5693

ANSI-TOTAL=17625
T:11353

P:11353
T:11354

P:11354
T:11355

P:11355
T:11356

P:11356
T:11357

P:11357
T:11358

P:11358
T:11359

P:11359
T:11360

P:11360
T:11361

P:11361
T:11362

P:11362
T:11363

P:11363
T:11364

P:11364
T:11365

P:11365
T:11366

P:11366
T:11367

P:11367
T:11368

P:11368
T:11369

P:11369
T:11370

P:11370
T:11371

P:11371
T:11372

P:11372
T:11373

P:11373
T:11374

P:11374
T:11375

P:11375
T:11376

P:11376
T:11377

P:11377
T:11378

P:11378
T:11379

P:11379
T:11380

P:11380
T:11381

P:11381
T:11382

P:11382
T:11383

P:11383
T:11384

P:11384
T:11385

P:11385
T:11386

P:11386
T:11387

P:11387
T:11388

P:11388
T:11389

P:11389
T:11390

P:11390
T:11391

P:11391
T:11392

P:11392
T:11393

P:11393
T:11394

P:11394
T:11395

P:11395
T:11396

P:11396
T:11397

P:11397
T:11398

P:11398
T:11399

P:11399
T:11400

P:11400
T:11401

P:11401
T:11402

P:11402

FAIL 11403
  COND:#(TYPE-ERROR NIL)
T:11404

P:11404
T:11405

P:11405
T:11406

P:11406
T:11407

P:11407
T:11408

P:11408
T:11409

P:11409
T:11410

FAIL 11410
  COND:#(TYPE-ERROR NIL)
T:11411

P:11411
T:11412

P:11412
T:11413

P:11413
T:11414

P:11414
T:11415

P:11415
T:11416

P:11416
T:11417

P:11417
T:11418

P:11418
T:11419

P:11419
T:11420

P:11420
T:11421

P:11421
T:11422

P:11422
T:11423

P:11423
T:11424

P:11424
T:11425

P:11425
T:11426

P:11426
T:11427

P:11427
T:11428

P:11428
T:11429

P:11429
T:11430

P:11430
T:11431

P:11431
T:11432

P:11432
T:11433

P:11433
T:11434

P:11434
T:11435

P:11435
T:11436

P:11436
T:11437

P:11437
T:11438

P:11438
T:11439

P:11439
T:11440

P:11440
T:11441

P:11441
T:11442

P:11442
T:11443

P:11443
T:11444

P:11444
T:11445

P:11445
T:11446

P:11446
T:11447

P:11447
T:11448

P:11448
T:11449

P:11449
T:11450

P:11450
T:11451

P:11451
T:11452

P:11452
T:11453

P:11453
T:11454

P:11454
T:11455

P:11455
T:11456

P:11456
T:11457

P:11457
T:11458

P:11458
T:11459

P:11459
T:11460

P:11460
T:11461

P:11461
T:11462

P:11462
T:11463

P:11463
T:11464

P:11464
T:11465

P:11465
T:11466

P:11466
T:11467

P:11467
T:11468

P:11468
T:11469

P:11469
T:11470

P:11470
T:11471

P:11471
T:11472

P:11472
T:11473

P:11473
T:11474

P:11474
T:11475

P:11475
T:11476

P:11476
T:11477

P:11477
T:11478

P:11478
T:11479

P:11479
T:11480

P:11480
T:11481

P:11481
T:11482

P:11482
T:11483

P:11483
T:11484

P:11484
T:11485

P:11485
T:11486

P:11486
T:11487

P:11487
T:11488

P:11488
T:11489

P:11489
T:11490

P:11490
T:11491

P:11491
T:11492

P:11492
T:11493

P:11493
T:11494

P:11494
T:11495

P:11495
T:11496

P:11496
T:11497

P:11497
T:11498

P:11498
T:11499

P:11499
T:11500

P:11500
T:11501

P:11501
T:11502

P:11502
T:11503

P:11503
T:11504

P:11504
T:11505

P:11505
T:11506

P:11506
T:11507

P:11507
T:11508

P:11508
T:11509

P:11509
T:11510

P:11510
T:11511

P:11511
T:11512

P:11512
T:11513

P:11513
T:11514

P:11514
T:11515

P:11515
T:11516

P:11516
T:11517

P:11517
T:11518

P:11518
T:11519

P:11519
T:11520

P:11520
T:11521

P:11521
T:11522

P:11522
T:11523

P:11523
T:11524

P:11524
T:11525

P:11525
T:11526

P:11526
T:11527

P:11527
T:11528

P:11528
T:11529

P:11529
T:11530

P:11530
T:11531

P:11531
T:11532

P:11532
T:11533

P:11533
T:11534

P:11534
T:11535

P:11535
T:11536

P:11536
T:11537

P:11537
T:11538

P:11538
T:11539

P:11539
T:11540

FAIL 11540 GOT:NIL EXP:T
T:11541

P:11541
T:11542

P:11542
T:11543

P:11543
T:11544

P:11544
T:11545

P:11545
T:11546

P:11546
T:11547

P:11547
T:11548

P:11548
T:11549

P:11549
T:11550

P:11550
T:11551

P:11551
T:11552

P:11552
T:11553

P:11553
T:11554

P:11554
T:11555

P:11555
T:11556

P:11556
T:11557

P:11557
T:11558

P:11558
T:11559

P:11559
T:11560

P:11560
T:11561

P:11561
T:11562

P:11562
T:11563

P:11563
T:11564

P:11564
T:11565

P:11565
T:11566

P:11566
T:11567

P:11567
T:11568

P:11568
T:11569

P:11569
T:11570

P:11570
T:11571

P:11571
T:11572

P:11572
T:11573

P:11573
T:11574

P:11574
T:11575

P:11575
T:11576

P:11576
T:11577

FAIL 11577 GOT:NIL EXP:T
T:11578

P:11578
T:11579

P:11579
T:11580

P:11580
T:11581

P:11581
T:11582

P:11582
T:11583

P:11583
T:11584

P:11584
T:11585

P:11585
T:11586

P:11586
T:11587

P:11587
T:11588

P:11588
T:11589

P:11589
T:11590

P:11590
T:11591

P:11591
T:11592

P:11592
T:11593

P:11593
T:11594

P:11594
T:11595

P:11595
T:11596

P:11596
T:11597

P:11597
T:11598

P:11598
T:11599

P:11599
T:11600

P:11600
T:11601

P:11601
T:11602

P:11602
T:11603

P:11603

FAIL 11604 RIP/4=31116191817529 SITE/4=31116658253842 RAX/4=31116191817529 SI/4=31116191817529 UCTX/4=35181326929552
T:11605

P:11605
T:11606

P:11606
T:11607

P:11607
T:11608

P:11608
T:11609

P:11609
T:11610

P:11610
T:11611

P:11611
T:11612

P:11612
T:11613

P:11613
T:11614

P:11614
T:11615

P:11615
T:11616

P:11616
T:11617

P:11617
T:11618

P:11618
T:11619

P:11619
T:11620

P:11620
T:11621

P:11621
T:11622

P:11622
T:11623

P:11623
T:11624

P:11624
T:11625

P:11625
T:11626

P:11626
T:11627

P:11627
T:11628

P:11628
T:11629

P:11629
T:11630

P:11630
T:11631

P:11631
T:11632

P:11632
T:11633

P:11633
T:11634

P:11634
T:11635

P:11635
T:11636

P:11636
T:11637

P:11637
T:11638

P:11638
T:11639

P:11639
T:11640

P:11640
T:11641

P:11641
T:11642

P:11642
T:11643

P:11643
T:11644

P:11644
T:11645

P:11645
T:11646

P:11646
T:11647

P:11647
T:11648

P:11648
T:11649

P:11649
T:11650

P:11650
T:11651

P:11651
T:11652

P:11652
T:11653

P:11653
T:11654

P:11654
T:11655

P:11655
T:11656

FAIL 11656 GOT:255 EXP:10000
T:11657

P:11657
T:11658

P:11658
T:11659

P:11659
T:11660

P:11660
T:11661

P:11661
T:11662

P:11662

1055/1082 DONE
