ANSI-TEST

P:57001

P:57002

P:57003

P:57120

P:57200

P:57300

P:3001

P:3002

P:3003

P:3004

P:3005

P:3091

P:3092

P:3110

P:3111

P:3093

P:3094

P:3095

P:3096

P:3097

P:1399

P:1401

P:1402

P:1403

P:1404

P:1405

P:1410

P:1411

P:1412

P:1413

P:1415

P:1416

P:1417

P:1418

P:1420

P:1421

P:1425

P:1426

P:1427

P:1428

P:1428

P:1429

P:1429

P:1430

P:1431

P:1433

P:1434

P:1435

P:1436

P:1440

P:1441

P:1442

P:1443

P:1501

P:1502

P:1503

P:1504

P:1505

P:1510

P:1511

P:1512

P:1520

P:1521

P:1530

P:1531

P:1532

P:1540

P:1541

P:1542

P:1543

P:1550

P:1551

P:1552

P:1560

P:1561

P:1562

P:1570

P:1571

P:1200

P:1201

P:1202

P:1203

P:1204

P:1205

P:1210

P:1211

P:1212

P:1220

P:1221

P:1222

P:1223

P:1230

P:1231

P:1232

P:1235

P:1236

P:1237

P:1240

P:1241

P:1242

P:1243

P:1250

P:1251

P:1252

P:1255

P:1256

P:1257

P:1260

P:1261

P:1262

P:1265

P:1266

P:1267

P:1270

P:1271

P:1272

P:1275

P:1276

P:1280

P:1281

P:1282

P:1300

P:1301

P:1302

P:1305

P:1306

P:1307

P:1310

P:1311

P:1312

P:1315

P:1316

P:1317

P:1318

P:1320

P:1321

P:500

P:501

P:502

P:503

P:510

P:511

P:515

P:516

P:520

P:521

P:522

P:530

P:531

P:532

P:533

P:534

P:540

P:541

P:542

P:543

P:544

P:550

P:551

P:552

P:553

P:600

P:601

P:602

P:610

P:611

P:620

P:625

P:650

P:651

P:670

P:671

P:672

P:700

P:701

P:702

P:710

P:711

P:712

P:713

P:1000

P:1001

P:1002

P:1010

P:1011

P:1700

P:1701

P:1702

P:1703

P:1704

P:1710

P:1711

P:1712

P:1720

P:1721

P:1722

P:1800

P:1801

P:1802

P:1810

P:1811

P:1812

P:1900

P:1901

P:1910

P:1915

P:2000

P:2099

P:2098

P:2001

P:2002

P:2010

P:2011

P:2012

P:2020

P:2021

P:2022

P:2030

P:2031

P:2040

P:2041

P:2050

P:2060

P:2070

P:2080

P:750

P:751

P:752

P:753

P:754

P:755

P:2100

P:2101

P:2102

P:2110

P:2111

P:2120

P:2121

P:2130

P:2131

P:2132

P:2150

P:2151

P:2160

P:2161

P:2162

P:2170

P:2171

P:2180

P:2250

P:2251

P:2260

P:2261

P:2262

P:2263

P:2270

P:2271

P:2275

P:2280

P:2281

P:2300

P:2301

P:2302
T:2300

P:2300
T:2301

P:2301
T:2302

P:2302
T:2380

P:2380
T:2381

P:2381
T:2382

P:2382
T:2383

P:2383
T:2384

P:2384
T:2385

P:2385
T:2386

P:2386
T:2387

P:2387
T:2388

P:2388
T:3900

P:3900
T:3901

P:3901
T:3902

P:3902
T:3903

P:3903
T:3904

P:3904
T:3905

P:3905
T:3906

P:3906
T:3907

P:3907
T:3908

P:3908
T:3909

P:3909
T:3910

P:3910
T:3911

P:3911
T:3912

P:3912
T:3913

P:3913
T:3914

P:3914
T:3915

P:3915
T:3916

P:3916
T:3917

P:3917
T:3918

P:3918
T:3919

P:3919
T:3920

P:3920
T:3921

P:3921
T:3922

P:3922
T:3923

P:3923
T:3924

P:3924
T:3925

P:3925
T:3926

P:3926
hello
P:2200
42
P:2201
42
P:2202
1 2 3
P:2203
(1 . 2)
P:2204
NIL
P:2205


P:2206
T:2210

P:2210
T:2211

P:2211
T:2212

P:2212

P:2400

P:2401

P:2402

P:2403

P:2450

FAIL 2700

P:2701

FAIL 2702

P:2703

P:2710

P:2711

P:2712

P:2713

P:2714

P:2600

P:2601

P:2610

P:2620

P:2621

P:2630

P:2631

P:2500

P:2501

P:2502

P:2503

P:2504

P:2400

P:2402

P:2403

P:2404
T:99999

P:99999

P:2405

P:2406

P:NIL

P:2407

P:2408

P:2409

P:2410

P:2411

P:2412

P:2413

P:2416

P:8240

P:8241

P:8242

P:8243

P:8244

P:8245

P:8246

P:8247

P:8248

P:8249

P:8250

P:8251

P:8252

P:8253

P:8254

P:8255

P:8320

P:8321

P:8327

P:8328

P:8329

P:8330

P:8331

P:8332

P:8333

P:8334

P:8335

P:8336

P:8337

P:8338

P:8339

P:8340

P:8341

P:8342

P:8343

P:8344

P:8322

P:8323

P:8324

P:8325

P:8326

P:8180

P:8181

P:8182
  Handler-stack helpers emitted (push/pop)
  Handler-stack helpers emitted (push/pop)
  Handler-stack helpers emitted (push/pop)

P:8183
  Handler-stack helpers emitted (push/pop)

P:8184

P:8185
  Handler-stack helpers emitted (push/pop)
  Handler-stack helpers emitted (push/pop)

P:8186

P:8420

P:8427

P:8428

P:8429
T:8401

P:8401
T:8402

P:8402
T:8300

P:8300
T:8301

P:8301
T:8302

P:8302
T:8303

P:8303
T:8304

P:8304
T:8305

P:8305
T:8306

P:8306
T:8307

P:8307
T:8308

P:8308
T:8309

P:8309
T:8310

P:8310
T:8311

P:8311
T:8312

P:8312

P:9000

P:9001

P:8780

P:8781

P:8782

P:8783

P:8784
  Handler-stack helpers emitted (push/pop)

P:8640

P:8641

P:8642

P:8643

P:8644

P:8645

P:8646
  Handler-stack helpers emitted (push/pop)

P:8690

P:8692

P:8697

P:8698
  Handler-stack helpers emitted (push/pop)

P:8699
  Handler-stack helpers emitted (push/pop)
  Handler-stack helpers emitted (push/pop)

P:8684
  Handler-stack helpers emitted (push/pop)

P:8685
  Handler-stack helpers emitted (push/pop)

P:8686
  Handler-stack helpers emitted (push/pop)

P:8687
  Handler-stack helpers emitted (push/pop)
  Handler-stack helpers emitted (push/pop)
  Handler-stack helpers emitted (push/pop)

P:8679
  Handler-stack helpers emitted (push/pop)
  Handler-stack helpers emitted (push/pop)
  Handler-stack helpers emitted (push/pop)

P:8681
  Handler-stack helpers emitted (push/pop)
  Handler-stack helpers emitted (push/pop)

P:8682
  Handler-stack helpers emitted (push/pop)
  Handler-stack helpers emitted (push/pop)

P:8683
  Handler-stack helpers emitted (push/pop)

P:8694
  Handler-stack helpers emitted (push/pop)
  Handler-stack helpers emitted (push/pop)

P:8696

P:8660

FAIL 8661

P:8662

P:8663

P:8700

P:8701

P:8710

P:8711

P:8713

P:8714

P:8716
  Handler-stack helpers emitted (push/pop)

P:8980
  Handler-stack helpers emitted (push/pop)

P:8981

P:9700

P:9701

P:9702

P:9703

P:9704

P:9705

P:9706

P:9707

P:9708

P:9709

P:9710

P:9711

P:9712

P:9713

P:9714

P:9715

P:9716

P:9717

P:9718

P:9719

P:9720

P:9721

P:9722

P:9723

P:9724

P:9725

P:9726

P:9727

P:9728

P:9729

P:9730

P:9731

P:9732

P:9733

P:9287

P:9288

P:9289

P:9290

P:9291

P:9292

P:9293

P:9294

P:8840

P:8841

P:8842

P:8843

P:8844

P:8845

P:8846

P:8847

P:8848

P:8849

P:8850

P:8851

P:8852

P:8853

P:8854

P:8855

P:8856

P:8857

P:8858

P:8859

P:8860
  Handler-stack helpers emitted (push/pop)

P:8861
  Handler-stack helpers emitted (push/pop)

P:8862
  Handler-stack helpers emitted (push/pop)

P:8863

P:9752

P:9760

P:9761

P:9762

FAIL 9763

P:9010

P:9020

P:9030

P:9031

P:9032

P:9033

P:9034

P:9035

P:9036

P:9037

P:9038

P:9901

P:9902

P:9903

P:9904

P:9905

P:9906

P:9907

P:9910

P:9911

P:9912

P:9920

P:9921

P:9922

P:9930

P:9931

P:9932

P:9933

P:9934
T:9935

P:9935

P:9936

P:9937

P:9938

P:9939

P:9980

P:9981

P:9982

P:9983

P:9940

P:9941

P:9942

P:9943

P:9944

P:9945

P:9946

P:9947

P:9948

P:9949

P:9950

P:9951

P:9952

FAIL 9960

P:9961

P:9962

P:9963

P:9964

P:9970

P:9971

P:9972

P:9480

P:9481

P:9482

P:9483

P:9484

P:9485

P:9486

P:9487

P:9488

P:9489

P:9801

P:9802

P:9803

P:9804

P:9811

P:9812

P:9813

P:9814

P:9815

P:9820

P:9821

P:9822

P:9823

P:9824

P:9831

P:9837

P:9838

P:9835

P:9836

P:9980

P:9982

P:9983

P:9997

P:9984

P:9985

P:9986

P:9987

P:9988

P:9989

P:9990

P:9991

P:9992

P:9993

P:9994

P:8720

P:8721

P:8722

P:9996

P:9998

P:9999

P:8620

P:8621

P:8622

P:8623

P:8624

P:8625

P:8626

P:8627

P:8628

P:8629

P:8640

P:8641

P:8642

P:8643
  Handler-stack helpers emitted (push/pop)
  Handler-stack helpers emitted (push/pop)

P:8650
  Handler-stack helpers emitted (push/pop)
  Handler-stack helpers emitted (push/pop)

P:8651
  Handler-stack helpers emitted (push/pop)
  Handler-stack helpers emitted (push/pop)

P:8652
  Handler-stack helpers emitted (push/pop)
  Handler-stack helpers emitted (push/pop)

P:8653
T:9560

P:9560
T:9561

P:9561
T:9565

P:9565
T:9566

P:9566
  Handler-stack helpers emitted (push/pop)
T:9562

P:9562
T:9563

P:9563
  Handler-stack helpers emitted (push/pop)
T:9564

P:9564
  Handler-stack helpers emitted (push/pop)
T:9570

P:9570
T:9571

P:9571
  Handler-stack helpers emitted (push/pop)
T:9572

P:9572
T:9574

P:9574
T:9575

P:9575
  Handler-stack helpers emitted (push/pop)
  Handler-stack helpers emitted (push/pop)
T:9573

FAIL 9573 GOT:(NIL A NIL) EXP:(0 A A)
T:9120

P:9120
T:9121

P:9121
T:9122

P:9122
T:9123

P:9123
T:9124

P:9124
T:9040

P:9040
T:9041

P:9041
T:9042

P:9042
T:9043

P:9043
T:9044

P:9044
T:9045

P:9045
T:9046

P:9046
T:9047

P:9047
T:9048

P:9048
T:9049

P:9049
T:9050

P:9050
T:9051

P:9051
T:9052

P:9052
T:9053

FAIL 9053 GOT:"X" EXP:T
T:9054

P:9054
T:9055

P:9055
T:9056

P:9056
T:9057

P:9057
  WARN: implicit global *READTABLE*
  Handler-stack helpers emitted (push/pop)
T:9520

P:9520
T:9521

P:9521
T:9522

P:9522
T:9524

P:9524
T:9526

FAIL 9526 GOT:NIL EXP:GOOD
T:9525

P:9525
T:9523

FAIL 9523 GOT:CRASHED EXP:GOOD
  Handler-stack helpers emitted (push/pop)
  WARN: implicit global *CATCH-ACTIVE*
  WARN: implicit global *CURRENT-CONDITION*
  Handler-stack helpers emitted (push/pop)
T:8440

P:8440
  Handler-stack helpers emitted (push/pop)
  WARN: implicit global *CATCH-ACTIVE*
  WARN: implicit global *CURRENT-CONDITION*
  Handler-stack helpers emitted (push/pop)
T:8441

P:8441
  Handler-stack helpers emitted (push/pop)
  WARN: implicit global *CATCH-ACTIVE*
  WARN: implicit global *CURRENT-CONDITION*
  Handler-stack helpers emitted (push/pop)
T:8442

P:8442
  WARN: implicit global *CURRENT-CONDITION*
  WARN: implicit global *CATCH-ACTIVE*
  WARN: implicit global *CATCH-TAG*
  WARN: implicit global *CATCH-VALUE*
  Handler-stack helpers emitted (push/pop)
  WARN: implicit global *CATCH-ACTIVE*
  WARN: implicit global *CURRENT-CONDITION*
  Handler-stack helpers emitted (push/pop)
T:8443

P:8443
  Handler-stack helpers emitted (push/pop)
T:8444

P:8444
  Handler-stack helpers emitted (push/pop)
T:8445

P:8445
  WARN: implicit global *CATCH-ACTIVE*
  WARN: implicit global *CURRENT-CONDITION*
  Handler-stack helpers emitted (push/pop)
  Handler-stack helpers emitted (push/pop)
T:8446

P:8446
  Handler-stack helpers emitted (push/pop)
T:8447

P:8447
  WARN: implicit global *CATCH-ACTIVE*
  WARN: implicit global *CURRENT-CONDITION*
  Handler-stack helpers emitted (push/pop)
T:8500

P:8500
  WARN: implicit global *CATCH-ACTIVE*
  WARN: implicit global *CURRENT-CONDITION*
  Handler-stack helpers emitted (push/pop)
T:8501

P:8501
  WARN: cannot compile #<?>, using nil
  WARN: cannot compile #<?>, using nil
  WARN: implicit global setq *CATCH-TAG*
  WARN: implicit global setq *CATCH-VALUE*
  WARN: implicit global setq *CATCH-ACTIVE*
  WARN: implicit global *CURRENT-CONDITION*
  Handler-stack helpers emitted (push/pop)
T:8502

P:8502
  WARN: implicit global *CATCH-ACTIVE*
  WARN: implicit global *CURRENT-CONDITION*
  Handler-stack helpers emitted (push/pop)
T:8503

P:8503
  WARN: implicit global *CATCH-ACTIVE*
  WARN: implicit global *CURRENT-CONDITION*
  Handler-stack helpers emitted (push/pop)
T:8504

P:8504
  Handler-stack helpers emitted (push/pop)
T:9539

P:9539
T:9160

P:9160
T:9161

P:9161
T:9162

P:9162
T:9163

P:9163
T:9164

P:9164
T:9165

P:9165
T:9166

P:9166
T:9167

P:9167
T:9168

P:9168
T:9169

P:9169
T:8880

P:8880
T:8881

P:8881
T:8882

P:8882
T:8883

P:8883
T:8884

P:8884
T:8887

P:8887
T:8820

P:8820
T:8821

P:8821
T:8822

P:8822
T:8823

P:8823
T:8824

P:8824
T:8260

P:8260
T:8261

P:8261
T:8262

P:8262
T:8263

P:8263
T:8264

P:8264
T:8265

P:8265
T:8266

P:8266
T:8267

P:8267
T:8270

P:8270
T:8271

P:8271
T:8272

P:8272
T:8273

P:8273
T:8275

P:8275
T:8200

P:8200
T:8201

P:8201
T:8202

P:8202
T:8203

P:8203
T:8204

P:8204
T:8205

P:8205
T:8206

P:8206
T:8207

P:8207
T:9180

P:9180
T:9181

P:9181
T:9182

P:9182
T:9183

P:9183
T:9184

P:9184
T:9185

P:9185
T:9186

P:9186
T:9187

P:9187
T:9188

P:9188
T:9189

P:9189
T:9190

P:9190
T:9191

P:9191
T:9192

P:9192
T:9193

P:9193
T:9194

P:9194
T:9195

P:9195
T:9196

P:9196
T:9197

P:9197
T:9198

P:9198
T:9199

P:9199
T:9200

P:9200
T:9201

P:9201
T:9202

P:9202
T:9203

P:9203
T:9204

P:9204
T:9205

P:9205
T:9206

P:9206
T:9207

P:9207
T:9208

P:9208
T:9209

P:9209
T:9210

FAIL 9210 GOT:(QUOTE X) EXP:(QUOTE X)
T:9211

FAIL 9211 GOT:BACKQUOTE EXP:QUASIQUOTE
T:9212

P:9212
T:9213

FAIL 9213 GOT:(A (B C) D) EXP:(A (B C) D)
T:9214

P:9214
T:9215

P:9215
T:9216

P:9216
T:9217

P:9217
  Handler-stack helpers emitted (push/pop)
T:9218

P:9218
T:9219

P:9219
T:9220

P:9220
T:9221

P:9221
T:9222

P:9222
T:9223

P:9223
T:9224

P:9224
T:9225

P:9225
T:9226

P:9226
T:9227

P:9227
T:9228

P:9228
T:9229

P:9229
T:9230

P:9230
T:9231

P:9231
T:9232

P:9232
T:9233

P:9233
T:9234

P:9234
T:9235

P:9235
T:9236

P:9236
T:9237

P:9237
T:9238

P:9238
T:9239

P:9239
T:9240

P:9240
T:9241

P:9241
T:9242

P:9242
T:9243

P:9243
T:9244

P:9244
T:9245

P:9245
T:9246

P:9246
T:9247

P:9247
T:9248

P:9248
T:9249

P:9249
T:9250

P:9250
T:9251

P:9251
T:9252

P:9252
T:9253

P:9253
T:9254

P:9254
T:9255

P:9255
T:9256

P:9256
T:9257

P:9257
T:9258

P:9258
T:9259

P:9259
T:9260

FAIL 9260 GOT:NIL EXP:GOOD
T:9261

FAIL 9261 GOT:NIL EXP:GOOD
T:9262

FAIL 9262 GOT:NIL EXP:1
T:9263

FAIL 9263 GOT:NIL EXP:2
T:9264

P:9264
  Handler-stack helpers emitted (push/pop)
T:9265

P:9265
T:9266

P:9266
T:9267

FAIL 9267 GOT:NIL EXP:(T aZ)
T:9268

FAIL 9268 GOT:NIL EXP:GOOD
T:9540

P:9540
T:9541

P:9541
T:9542

P:9542

T:9543

P:9543
T:9544

P:9544
T:9545

P:9545
T:9546

P:9546
T:9200

P:9200
T:9204

P:9204
T:9205

P:9205
T:9210

P:9210
T:9211

P:9211
T:9232

P:9232
T:9233

P:9233
T:9234

P:9234
T:9237

P:9237
T:9213

P:9213
T:9214

P:9214
T:9215

P:9215
T:9206

P:9206
T:9207

P:9207
T:9208

P:9208
T:9260

P:9260
T:9261

P:9261
T:9262

P:9262
T:9263

P:9263
T:9264

P:9264
T:9265

P:9265
T:9266

P:9266
T:9267

P:9267

P:5001

P:5002

P:5010

P:5011

P:5012

P:5013

P:5014

P:5020

P:5021

P:5022

P:5030

P:5031

P:5040

P:5041

P:5042

P:5050

P:5051

P:5060

P:5061

P:5062

P:5070

P:5071

P:5072

P:5080

P:5081

P:5090

P:5095

P:5100

P:5110

P:5120

P:5125

P:5130

P:5140

P:5141

P:5142

P:5143

P:5150

P:5151

P:5160

P:5170

P:5171

P:5180

P:5190

P:5200

P:5210

P:5220

P:5230

P:5231

P:5240

P:5241

P:5250

P:5260

P:5270

P:5271

P:5500

P:5501

P:5502

P:5510

P:5511

P:5512

P:5513

P:5514

P:5520

P:5521

P:5522

P:5523

P:5524

P:5525

P:5530

P:5531

P:5540

P:5541

P:5542

P:5550

P:5551

P:5560

P:5561

P:5570

P:5571

P:5572

P:5580

P:5581

P:5582

P:5583

P:5590

P:5591

P:5592

P:5593

P:5594

P:5595

P:5600

P:5601

P:5602

P:5603

P:5604

P:5605

P:5606

P:5607

P:5608

P:5609

P:56200

P:56201

P:56202

P:56203

P:56204

P:56250

P:56260

P:56261

P:56262

P:56263

P:56264

P:56265

P:56266
OPEN-OK;
P:56300
READ-OK;
P:56301
  Handler-stack helpers emitted (push/pop)
EVAL-LITERAL-OK;
P:56302
  Handler-stack helpers emitted (push/pop)
S4A-CALL;S4A-OK;
P:56303
READ-CAR=WRITE-STRING-SERIAL;  Handler-stack helpers emitted (push/pop)
PROBE-1-LOADED;S4B-OK;
P:56304
  Handler-stack helpers emitted (push/pop)
S5-EVAL-LIST=OK;
P:56305
  Handler-stack helpers emitted (push/pop)
S6-FORMAT=X=42;
P:56306
BEFORE-LOAD;  Handler-stack helpers emitted (push/pop)
AFTER-LOAD;BOUNDP=T;VAL=X=42;
P:56307
SUITE-WROTE;F1-OP=DEFVAR;  Handler-stack helpers emitted (push/pop)
F1-OK;F2-OP=DEFUN;  WARN: implicit global *PROBE-SUITE-ENTRIES*
  Handler-stack helpers emitted (push/pop)
F2-OK;F3-OP=DEFMACRO;  Handler-stack helpers emitted (push/pop)
  Handler-stack helpers emitted (push/pop)
F3-OK;F4-OP=PROBE-DEFTEST;  Handler-stack helpers emitted (push/pop)
F4-OK;F5-OP=PROBE-DEFTEST;  Handler-stack helpers emitted (push/pop)
F5-OK;ALL-FORMS-OK;ENTRIES-BOUND=T;
P:56308

P:56309

P:56310

P:56311

P:56312

P:56320

FAIL 56321

P:56322

P:56323

P:56324
CL-EXTERNAL-COUNT=978;
P:56330
FIND-CAR=EXTERNAL;
P:56331
DES-COUNT=978;
P:56332

P:56333

P:56334

P:56400

P:56401

P:56402

P:56403

P:56404

P:56405

P:56406

P:56407

P:56410

P:56411

P:56412
  Handler-stack helpers emitted (push/pop)

P:56413

P:56414

P:56415

P:56420

P:56421

P:56422

P:56423

P:56424

P:56430

FAIL 56431

P:56432

FAIL 56433

FAIL 56434

FAIL 56435

P:56440

P:56441

P:56442

P:56443

P:56444

P:56445

P:56446

P:56447

P:56450

P:56448

P:56449

P:56451

P:56460

P:56461

P:56462

P:56463

P:56464

P:56470

P:56471

P:56472

P:56473

P:56474

P:56475

P:56476

FAIL 56480

FAIL 56481

FAIL 56482

FAIL 56483

FAIL 56484

FILE-READ:(A B C)

FAIL 56485

FAIL 56486

FAIL 56487

FAIL 56488
  Handler-stack helpers emitted (push/pop)
  Handler-stack helpers emitted (push/pop)
  Handler-stack helpers emitted (push/pop)
  Handler-stack helpers emitted (push/pop)
  Handler-stack helpers emitted (push/pop)
  Handler-stack helpers emitted (push/pop)
  Handler-stack helpers emitted (push/pop)

P:56490

FAIL 56491

FAIL 56492

FAIL 56493

P:5610

P:5611

P:5615

P:5620

P:5621

P:5622

P:5623

P:5624

P:5630

P:5631

FAIL 5640

P:5690

P:5691

P:5692

P:5693

ANSI-TOTAL=17625
T:25488

P:25488
T:25489

P:25489
T:25490

P:25490
T:25491

P:25491
T:25492

P:25492
T:25493

P:25493
T:25494

P:25494
T:25495

P:25495
T:25496

P:25496

FAIL 25497
  COND:#(PROGRAM-ERROR NIL)
T:25500

P:25500
T:25501

P:25501
T:25502

P:25502
T:25503

P:25503
T:25504

P:25504
T:25505

P:25505
T:25506

P:25506
T:25507

P:25507
T:25508

P:25508
T:25509

P:25509
T:25510

P:25510
T:25511

P:25511
T:25512

P:25512
T:25513

P:25513
T:25514

P:25514
T:25515

P:25515
T:25516

P:25516
T:25517

P:25517
T:25518

P:25518
T:25519

P:25519
T:25520

P:25520
T:25521

P:25521
T:25522

P:25522
T:25523

P:25523
T:25524

P:25524
T:25525

P:25525
T:25526

P:25526
T:25527

P:25527
T:25528

P:25528
T:25529

P:25529
T:25530

P:25530
T:25531

P:25531
T:25532

P:25532
T:25533

P:25533
T:25534

P:25534
T:25535

P:25535
T:25536

P:25536
T:25537

P:25537
T:25538

P:25538
T:25539

P:25539
T:25540

P:25540
T:25541

P:25541
T:25542

P:25542
T:25543

P:25543
T:25544

P:25544
T:25545

P:25545
T:25546

P:25546
T:25547

P:25547
T:25548

P:25548
T:25549

P:25549
T:25550

P:25550
T:25551

P:25551
T:25552

P:25552
T:25553

P:25553
T:25554

P:25554
T:25555

P:25555
T:25556

P:25556
T:25557

P:25557
T:25558

P:25558
T:25559

P:25559
T:25560

P:25560
T:25561

P:25561
T:25562

P:25562
Found element of LIST not in ATOM: (A . B)
Found element of LIST not in ATOM: (1 2 3)
T:25563

FAIL 25563 GOT:1610469 EXP:0
T:25564

P:25564
T:25565

P:25565
T:25566

P:25566
T:25567

P:25567
T:25568

P:25568
T:25569

P:25569
T:25570

FAIL 25570 GOT:(ARITHMETIC-ERROR ARRAY ATOM BASE-STRING BIGNUM BIT BIT-VECTOR BOOLEAN BROADCAST-STREAM BUILT-IN-CLASS CELL-ERROR CHARACTER CLASS COMPILED-FUNCTION COMPLEX CONCATENATED-STREAM CONDITION CONS CONTROL-ERROR DIVISION-BY-ZERO DOUBLE-FLOAT ECHO-STREAM END-OF-FILE ERROR FILE-ERROR FILE-STREAM FIXNUM FLOAT FLOATING-POINT-INEXACT FLOATING-POINT-INVALID-OPERATION FLOATING-POINT-OVERFLOW FLOATING-POINT-UNDERFLOW FUNCTION GENERIC-FUNCTION HASH-TABLE INTEGER KEYWORD LIST LOGICAL-PATHNAME LONG-FLOAT METHOD METHOD-COMBINATION NULL NUMBER PACKAGE PACKAGE-ERROR PARSE-ERROR PATHNAME PRINT-NOT-READABLE PROGRAM-ERROR RANDOM-STATE RATIO RATIONAL READER-ERROR READTABLE REAL RESTART SEQUENCE SERIOUS-CONDITION SHORT-FLOAT SIMPLE-ARRAY SIMPLE-BASE-STRING SIMPLE-BIT-VECTOR SIMPLE-CONDITION SIMPLE-ERROR SIMPLE-STRING SIMPLE-TYPE-ERROR SIMPLE-VECTOR SIMPLE-WARNING SINGLE-FLOAT STANDARD-CLASS STANDARD-GENERIC-FUNCTION STANDARD-METHOD STANDARD-OBJECT STORAGE-CONDITION STREAM STREAM-ERROR STRING STRING-STREAM STRUCTURE-CLASS STRUCTURE-OBJECT STYLE-WARNING SYMBOL SYNONYM-STREAM TWO-WAY-STREAM TYPE-ERROR UNBOUND-SLOT UNBOUND-VARIABLE UNDEFINED-FUNCTION VECTOR WARNING) EXP:NIL
T:25571

P:25571
T:25572

FAIL 25572 GOT:NIL EXP:T
T:25573

FAIL 25573 GOT:NIL EXP:T
T:25574

P:25574
T:25575

P:25575
T:25576

P:25576
T:25577

P:25577
T:25578

P:25578
T:25579

P:25579
T:25580

P:25580
T:25581

P:25581
T:25582

P:25582
T:25583

P:25583
T:25584

P:25584
T:25585

P:25585
T:25586

P:25586
T:25587

P:25587
T:25588

P:25588
T:25589

FAIL 25589 GOT:NIL EXP:T
T:25590

P:25590
T:25591

FAIL 25591 GOT:(T 123!) EXP:(T 123!)
T:25592

P:25592
T:25593

FAIL 25593 GOT:(T ! 123!) EXP:(T ! 123!)
T:25594

P:25594
T:25595

FAIL 25595 GOT:NIL EXP:T
T:25596

P:25596
T:25597

P:25597
T:25598

P:25598
T:25599

P:25599
T:25600

P:25600
T:25601

P:25601
T:25602

P:25602
T:25603

P:25603
T:25604

P:25604
T:25605

FAIL 25605 GOT:NIL EXP:T
T:25606

P:25606
T:25607

P:25607
T:25608

P:25608
T:25609

P:25609
T:25610

P:25610
T:25611

P:25611
T:25612

P:25612
T:25613

FAIL 25613 GOT:NIL EXP:T
T:25614

P:25614
T:25615

P:25615
T:25616

P:25616
T:25617

P:25617
T:25618

P:25618
T:25619

P:25619
T:25620

P:25620
T:25621

P:25621
T:25622

P:25622
T:25623

P:25623
T:25624

P:25624
T:25625

P:25625
T:25626

P:25626

FAIL 25627
  COND:#(PROGRAM-ERROR NIL)

FAIL 25628
  COND:#(PROGRAM-ERROR NIL)

FAIL 25629
  COND:#(PROGRAM-ERROR NIL)
T:25630

P:25630
T:25631

P:25631
T:25632

P:25632
T:25633

P:25633
T:25634

P:25634
T:25635

P:25635
T:25636

P:25636
T:25637

P:25637
T:25638

P:25638
T:25639

P:25639
T:25640

P:25640
T:25641

P:25641
T:25642

P:25642
T:25643

P:25643
T:25644

P:25644
T:25645

P:25645
T:25646

P:25646
T:25647

P:25647
T:25648

P:25648
T:25649

P:25649
T:25650

P:25650
T:25651

FAIL 25651 GOT:X EXP:X
T:25652

P:25652
T:25653

P:25653
T:25654

P:25654
T:25655

P:25655
T:25656

P:25656
T:25657

P:25657
T:25658

P:25658
T:25659

P:25659
T:25660

P:25660
T:25661

P:25661
T:25662

P:25662
T:25663

P:25663
T:25664

P:25664
T:25665

P:25665
T:25666

P:25666
T:25667

P:25667
T:25668

P:25668
T:25669

P:25669
T:25670

FAIL 25670 GOT:NIL EXP:T
T:25671

P:25671
T:25672

P:25672
T:25673

FAIL 25673 GOT:NIL EXP:T
T:25674

P:25674
T:25675

P:25675
T:25676

P:25676
T:25677

P:25677
T:25678

P:25678
T:25679

P:25679
T:25680

P:25680
T:25681

P:25681
T:25682

FAIL 25682 GOT:X EXP:X
T:25683

P:25683
T:25684

P:25684
T:25685

P:25685
T:25686

P:25686
T:25687

P:25687
T:25688

P:25688
T:25689

P:25689
T:25690

P:25690
T:25691

P:25691
T:25692

P:25692
T:25693

P:25693
T:25694

P:25694
T:25695

P:25695
T:25696

P:25696
T:25697

P:25697
T:25698

P:25698
T:25699

P:25699
T:25700

P:25700
T:25701

FAIL 25701 GOT:NIL EXP:T
T:25702

FAIL 25702 GOT:(A 1) EXP:(A 1)
T:25703

FAIL 25703 GOT:(a 3) EXP:(A 3)
T:25704

P:25704
T:25705

P:25705
T:25706

P:25706
T:25707

P:25707
T:25708

P:25708
T:25709

P:25709
T:25710

P:25710
T:25711

P:25711
T:25712

FAIL 25712 GOT:NIL EXP:T
T:25713

P:25713
T:25714

P:25714
T:25715

P:25715
T:25716

P:25716
T:25717

FAIL 25717 GOT:((#\t "t" T) (#\T "T" T)) EXP:NIL
T:25718

FAIL 25718 GOT:((#\t "t" T) (#\T "T" T)) EXP:NIL
T:25719

FAIL 25719 GOT:((#\t "t" T) (#\T "T" T)) EXP:NIL
T:25720

FAIL 25720 GOT:((#\t #\T "t" T) (#\T #\t "T" T)) EXP:NIL
T:25721

FAIL 25721 GOT:(123 5) EXP:(123 5)
T:25722

FAIL 25722 GOT:(1234 5) EXP:(1234 5)
T:25723

FAIL 25723 GOT:(:1234 6) EXP:(:1234 6)
T:25724

FAIL 25724 GOT:(#<S20028091219689199> 2) EXP:(#<S20028091219689199> 2)
T:25725

P:25725

FAIL 25726
  COND:#(SIMPLE-ERROR ((FORMAT-CONTROL . "elt: index out of range") (FORMAT-ARGUMENTS)))
T:25727

P:25727
T:25728

FAIL 25728 GOT:NIL EXP:T
T:25729

P:25729
T:25730

P:25730
T:25731

P:25731
T:25732

P:25732
T:25733

P:25733
T:25734

P:25734
T:25735

P:25735
T:25736

P:25736
T:25737

P:25737
T:25738

P:25738
T:25739

P:25739
T:25740

P:25740
T:25741

P:25741
T:25742

P:25742
T:25743

P:25743
T:25744

P:25744
T:25745

P:25745
T:25746

P:25746
T:25747

P:25747
T:25748

P:25748
T:25749

FAIL 25749 GOT:((17 1) (! 1)) EXP:((17 1) (! 1))
T:25750

FAIL 25750 GOT:((17 1) (!? 2)) EXP:((17 1) (!? 2))
T:25751

FAIL 25751 GOT:((FOO 1) (! 1)) EXP:((FOO 1) (! 1))

FAIL 25752
  COND:#(READER-ERROR ((STREAM)))
T:25753

FAIL 25753 GOT:((#\a (T "a")) (#\b (T "b")) (#\c (T "c")) (#\d (T "d")) (#\e (T "e")) (#\f (T "f")) (#\g (T "g")) (#\h (T "h")) (#\i (T "i")) (#\j (T "j")) (#\k (T "k")) (#\l (T "l")) (#\m (T "m")) (#\n (T "n")) (#\o (T "o")) (#\p (T "p")) (#\q (T "q")) (#\r (T "r")) (#\s (T "s")) (#\t (T "t")) (#\u (T "u")) (#\v (T "v")) (#\w (T "w")) (#\x (T "x")) (#\y (T "y")) (#\z (T "z")) (#\A (T "A")) (#\B (T "B")) (#\C ...) ...) EXP:NIL
T:25754

FAIL 25754 GOT:((#\a (T Z z Z)) (#\b (T Z z Z)) (#\c (T Z z Z)) (#\d (T Z z Z)) (#\e (T Z z Z)) (#\f (T Z z Z)) (#\g (T Z z Z)) (#\h (T Z z Z)) (#\i (T Z z Z)) (#\j (T Z z Z)) (#\k (T Z z Z)) (#\l (T Z z Z)) (#\m (T Z z Z)) (#\n (T Z z Z)) (#\o (T Z z Z)) (#\p (T Z z Z)) (#\q (T Z z Z)) (#\r (T Z z Z)) (... ...) ...) EXP:NIL
T:25755

FAIL 25755 GOT:((#\
 (T 0 0 2)) (#\  (T 0 0 2))) EXP:NIL
T:25756

FAIL 25756 GOT:((#\; (T #(READER-ERROR ((STREAM))) 3 #(READER-ERROR ((STREAM))))) (#\
 (T #(READER-ERROR ((STREAM))) 0 0)) (#\  (T #(READER-ERROR ((STREAM))) 0 0))) EXP:NIL
T:25757

FAIL 25757 GOT:((#\; (T NIL)) (#\
 (T NIL)) (#\  (T NIL))) EXP:NIL
T:25758

FAIL 25758 GOT:((#\; (T #(READER-ERROR ((STREAM))) #(READER-ERROR ((STREAM))) #(READER-ERROR ((STREAM))))) (#\
 (T 0 0 0)) (#\  (T 0 0 0))) EXP:NIL
T:25759

FAIL 25759 GOT:((#\a (T #(READER-ERROR ((STREAM))) #(READER-ERROR ((STREAM))) #(READER-ERROR ((STREAM))))) (#\b (T #(READER-ERROR ((STREAM))) #(READER-ERROR ((STREAM))) #(READER-ERROR ((STREAM))))) (#\c (T #(READER-ERROR ((STREAM))) #(READER-ERROR ((STREAM))) #(READER-ERROR ((STREAM))))) (#\d (T #(READER-ERROR ((STREAM))) #(READER-ERROR ((STREAM))) #(READER-ERROR ((STREAM))))) (#\e (T #(READER-ERROR ((STREAM))) #(READER-ERROR ((STREAM))) #(READER-ERROR ((STREAM))))) (#\f (T #(READER-ERROR ((STREAM))) #(READER-ERROR ((STREAM))) #(READER-ERROR ((STREAM))))) (#\g (T #(READER-ERROR ((STREAM))) #(READER-ERROR ((STREAM))) #(READER-ERROR ((STREAM))))) (#\h (T #(READER-ERROR ((STREAM))) #(READER-ERROR ((...))) ...)) ...) EXP:NIL
  WARN: implicit global X
  Handler-stack helpers emitted (push/pop)
  Handler-stack helpers emitted (push/pop)
  Handler-stack helpers emitted (push/pop)
  Handler-stack helpers emitted (push/pop)
  Handler-stack helpers emitted (push/pop)
  Handler-stack helpers emitted (push/pop)
  Handler-stack helpers emitted (push/pop)
  Handler-stack helpers emitted (push/pop)
  Handler-stack helpers emitted (push/pop)
  Handler-stack helpers emitted (push/pop)
  Handler-stack helpers emitted (push/pop)
  Handler-stack helpers emitted (push/pop)
  Handler-stack helpers emitted (push/pop)
  Handler-stack helpers emitted (push/pop)
  Handler-stack helpers emitted (push/pop)
  Handler-stack helpers emitted (push/pop)
  Handler-stack helpers emitted (push/pop)
  Handler-stack helpers emitted (push/pop)
  Handler-stack helpers emitted (push/pop)
  Handler-stack helpers emitted (push/pop)
  Handler-stack helpers emitted (push/pop)
  Handler-stack helpers emitted (push/pop)
  Handler-stack helpers emitted (push/pop)
  Handler-stack helpers emitted (push/pop)
  Handler-stack helpers emitted (push/pop)
  Handler-stack helpers emitted (push/pop)
  Handler-stack helpers emitted (push/pop)
  Handler-stack helpers emitted (push/pop)
  Handler-stack helpers emitted (push/pop)
  Handler-stack helpers emitted (push/pop)
  Handler-stack helpers emitted (push/pop)
  Handler-stack helpers emitted (push/pop)
  Handler-stack helpers emitted (push/pop)
  Handler-stack helpers emitted (push/pop)
  Handler-stack helpers emitted (push/pop)
  Handler-stack helpers emitted (push/pop)
  Handler-stack helpers emitted (push/pop)
  Handler-stack helpers emitted (push/pop)
  Handler-stack helpers emitted (push/pop)
  Handler-stack helpers emitted (push/pop)
  Handler-stack helpers emitted (push/pop)
  Handler-stack helpers emitted (push/pop)
  Handler-stack helpers emitted (push/pop)
  Handler-stack helpers emitted (push/pop)
  Handler-stack helpers emitted (push/pop)
  Handler-stack helpers emitted (push/pop)
  Handler-stack helpers emitted (push/pop)
  Handler-stack helpers emitted (push/pop)
  Handler-stack helpers emitted (push/pop)
  Handler-stack helpers emitted (push/pop)
  Handler-stack helpers emitted (push/pop)
  Handler-stack helpers emitted (push/pop)
  Handler-stack helpers emitted (push/pop)
  Handler-stack helpers emitted (push/pop)
  Handler-stack helpers emitted (push/pop)
  Handler-stack helpers emitted (push/pop)
  Handler-stack helpers emitted (push/pop)
  Handler-stack helpers emitted (push/pop)
  Handler-stack helpers emitted (push/pop)
  Handler-stack helpers emitted (push/pop)
  Handler-stack helpers emitted (push/pop)
  Handler-stack helpers emitted (push/pop)
  Handler-stack helpers emitted (push/pop)
  Handler-stack helpers emitted (push/pop)
  Handler-stack helpers emitted (push/pop)
  Handler-stack helpers emitted (push/pop)
  Handler-stack helpers emitted (push/pop)
  Handler-stack helpers emitted (push/pop)
  Handler-stack helpers emitted (push/pop)
  Handler-stack helpers emitted (push/pop)
  Handler-stack helpers emitted (push/pop)
  Handler-stack helpers emitted (push/pop)
  Handler-stack helpers emitted (push/pop)
  Handler-stack helpers emitted (push/pop)
  Handler-stack helpers emitted (push/pop)
  Handler-stack helpers emitted (push/pop)
  Handler-stack helpers emitted (push/pop)
  Handler-stack helpers emitted (push/pop)
  Handler-stack helpers emitted (push/pop)
  Handler-stack helpers emitted (push/pop)
  Handler-stack helpers emitted (push/pop)
  Handler-stack helpers emitted (push/pop)
  Handler-stack helpers emitted (push/pop)
  Handler-stack helpers emitted (push/pop)
  Handler-stack helpers emitted (push/pop)
  Handler-stack helpers emitted (push/pop)
  Handler-stack helpers emitted (push/pop)
  Handler-stack helpers emitted (push/pop)
  Handler-stack helpers emitted (push/pop)
  Handler-stack helpers emitted (push/pop)
  Handler-stack helpers emitted (push/pop)
  Handler-stack helpers emitted (push/pop)
  Handler-stack helpers emitted (push/pop)
  Handler-stack helpers emitted (push/pop)
  Handler-stack helpers emitted (push/pop)
  Handler-stack helpers emitted (push/pop)
  Handler-stack helpers emitted (push/pop)
  Handler-stack helpers emitted (push/pop)
  Handler-stack helpers emitted (push/pop)
  Handler-stack helpers emitted (push/pop)
  Handler-stack helpers emitted (push/pop)
  Handler-stack helpers emitted (push/pop)
  Handler-stack helpers emitted (push/pop)
  Handler-stack helpers emitted (push/pop)
  Handler-stack helpers emitted (push/pop)
  Handler-stack helpers emitted (push/pop)
  Handler-stack helpers emitted (push/pop)
  Handler-stack helpers emitted (push/pop)
  Handler-stack helpers emitted (push/pop)
  Handler-stack helpers emitted (push/pop)
  Handler-stack helpers emitted (push/pop)
  Handler-stack helpers emitted (push/pop)
  Handler-stack helpers emitted (push/pop)
  Handler-stack helpers emitted (push/pop)
  Handler-stack helpers emitted (push/pop)
  Handler-stack helpers emitted (push/pop)
  Handler-stack helpers emitted (push/pop)
  Handler-stack helpers emitted (push/pop)
  Handler-stack helpers emitted (push/pop)
  Handler-stack helpers emitted (push/pop)
  Handler-stack helpers emitted (push/pop)
  Handler-stack helpers emitted (push/pop)
  Handler-stack helpers emitted (push/pop)
  Handler-stack helpers emitted (push/pop)
  Handler-stack helpers emitted (push/pop)
  Handler-stack helpers emitted (push/pop)
  Handler-stack helpers emitted (push/pop)
  Handler-stack helpers emitted (push/pop)
  Handler-stack helpers emitted (push/pop)
  Handler-stack helpers emitted (push/pop)
  Handler-stack helpers emitted (push/pop)
  Handler-stack helpers emitted (push/pop)
  Handler-stack helpers emitted (push/pop)
  Handler-stack helpers emitted (push/pop)
  Handler-stack helpers emitted (push/pop)
  Handler-stack helpers emitted (push/pop)
  Handler-stack helpers emitted (push/pop)
  Handler-stack helpers emitted (push/pop)
  Handler-stack helpers emitted (push/pop)
  Handler-stack helpers emitted (push/pop)
  Handler-stack helpers emitted (push/pop)
  Handler-stack helpers emitted (push/pop)
  Handler-stack helpers emitted (push/pop)
  Handler-stack helpers emitted (push/pop)
  Handler-stack helpers emitted (push/pop)
  Handler-stack helpers emitted (push/pop)
  Handler-stack helpers emitted (push/pop)
  Handler-stack helpers emitted (push/pop)
  Handler-stack helpers emitted (push/pop)
  Handler-stack helpers emitted (push/pop)
  Handler-stack helpers emitted (push/pop)
  Handler-stack helpers emitted (push/pop)
  Handler-stack helpers emitted (push/pop)
  Handler-stack helpers emitted (push/pop)
  Handler-stack helpers emitted (push/pop)
  Handler-stack helpers emitted (push/pop)
  Handler-stack helpers emitted (push/pop)
  Handler-stack helpers emitted (push/pop)
  Handler-stack helpers emitted (push/pop)
  Handler-stack helpers emitted (push/pop)
  Handler-stack helpers emitted (push/pop)
  Handler-stack helpers emitted (push/pop)
  Handler-stack helpers emitted (push/pop)
  Handler-stack helpers emitted (push/pop)
  Handler-stack helpers emitted (push/pop)
  Handler-stack helpers emitted (push/pop)
  Handler-stack helpers emitted (push/pop)
  Handler-stack helpers emitted (push/pop)
  Handler-stack helpers emitted (push/pop)
  Handler-stack helpers emitted (push/pop)
  Handler-stack helpers emitted (push/pop)
  Handler-stack helpers emitted (push/pop)
  Handler-stack helpers emitted (push/pop)
  Handler-stack helpers emitted (push/pop)
  Handler-stack helpers emitted (push/pop)
  Handler-stack helpers emitted (push/pop)
  Handler-stack helpers emitted (push/pop)
  Handler-stack helpers emitted (push/pop)
  Handler-stack helpers emitted (push/pop)
  Handler-stack helpers emitted (push/pop)
  Handler-stack helpers emitted (push/pop)
  Handler-stack helpers emitted (push/pop)
  Handler-stack helpers emitted (push/pop)
  Handler-stack helpers emitted (push/pop)
  Handler-stack helpers emitted (push/pop)
  Handler-stack helpers emitted (push/pop)
  Handler-stack helpers emitted (push/pop)
  Handler-stack helpers emitted (push/pop)
  Handler-stack helpers emitted (push/pop)
  Handler-stack helpers emitted (push/pop)
  Handler-stack helpers emitted (push/pop)
  Handler-stack helpers emitted (push/pop)
  Handler-stack helpers emitted (push/pop)
  Handler-stack helpers emitted (push/pop)
  Handler-stack helpers emitted (push/pop)
  Handler-stack helpers emitted (push/pop)
  Handler-stack helpers emitted (push/pop)
  Handler-stack helpers emitted (push/pop)
  Handler-stack helpers emitted (push/pop)
  Handler-stack helpers emitted (push/pop)
  Handler-stack helpers emitted (push/pop)
  Handler-stack helpers emitted (push/pop)
  Handler-stack helpers emitted (push/pop)
  Handler-stack helpers emitted (push/pop)
  Handler-stack helpers emitted (push/pop)
  Handler-stack helpers emitted (push/pop)
  Handler-stack helpers emitted (push/pop)
  Handler-stack helpers emitted (push/pop)
  Handler-stack helpers emitted (push/pop)
  Handler-stack helpers emitted (push/pop)
  Handler-stack helpers emitted (push/pop)
  Handler-stack helpers emitted (push/pop)
  Handler-stack helpers emitted (push/pop)
  Handler-stack helpers emitted (push/pop)
  Handler-stack helpers emitted (push/pop)
  Handler-stack helpers emitted (push/pop)
  Handler-stack helpers emitted (push/pop)
  Handler-stack helpers emitted (push/pop)
  Handler-stack helpers emitted (push/pop)
  Handler-stack helpers emitted (push/pop)
  Handler-stack helpers emitted (push/pop)
  Handler-stack helpers emitted (push/pop)
  Handler-stack helpers emitted (push/pop)
  Handler-stack helpers emitted (push/pop)
  Handler-stack helpers emitted (push/pop)
  Handler-stack helpers emitted (push/pop)
  Handler-stack helpers emitted (push/pop)
  Handler-stack helpers emitted (push/pop)
  Handler-stack helpers emitted (push/pop)
  Handler-stack helpers emitted (push/pop)
  Handler-stack helpers emitted (push/pop)
  Handler-stack helpers emitted (push/pop)
  Handler-stack helpers emitted (push/pop)
  Handler-stack helpers emitted (push/pop)
  Handler-stack helpers emitted (push/pop)
  Handler-stack helpers emitted (push/pop)
  Handler-stack helpers emitted (push/pop)
  Handler-stack helpers emitted (push/pop)
  Handler-stack helpers emitted (push/pop)
  Handler-stack helpers emitted (push/pop)
  Handler-stack helpers emitted (push/pop)
  Handler-stack helpers emitted (push/pop)
  Handler-stack helpers emitted (push/pop)
  Handler-stack helpers emitted (push/pop)
  Handler-stack helpers emitted (push/pop)
  Handler-stack helpers emitted (push/pop)
  Handler-stack helpers emitted (push/pop)
  Handler-stack helpers emitted (push/pop)
  Handler-stack helpers emitted (push/pop)
  Handler-stack helpers emitted (push/pop)
  Handler-stack helpers emitted (push/pop)
  Handler-stack helpers emitted (push/pop)
  Handler-stack helpers emitted (push/pop)
  Handler-stack helpers emitted (push/pop)
  Handler-stack helpers emitted (push/pop)
  Handler-stack helpers emitted (push/pop)
  Handler-stack helpers emitted (push/pop)
  Handler-stack helpers emitted (push/pop)
  Handler-stack helpers emitted (push/pop)
  Handler-stack helpers emitted (push/pop)
  Handler-stack helpers emitted (push/pop)
  Handler-stack helpers emitted (push/pop)
  Handler-stack helpers emitted (push/pop)
  Handler-stack helpers emitted (push/pop)
  Handler-stack helpers emitted (push/pop)
  Handler-stack helpers emitted (push/pop)
  Handler-stack helpers emitted (push/pop)
  Handler-stack helpers emitted (push/pop)
  Handler-stack helpers emitted (push/pop)
  Handler-stack helpers emitted (push/pop)
  Handler-stack helpers emitted (push/pop)
  Handler-stack helpers emitted (push/pop)
  Handler-stack helpers emitted (push/pop)
  WARN: implicit global X
  Handler-stack helpers emitted (push/pop)
  Handler-stack helpers emitted (push/pop)
  Handler-stack helpers emitted (push/pop)
  Handler-stack helpers emitted (push/pop)
  Handler-stack helpers emitted (push/pop)
  Handler-stack helpers emitted (push/pop)
T:25760

FAIL 25760 GOT:((#\a (T #(UNDEFINED-FUNCTION ((NAME . "COMMA"))) #(UNDEFINED-FUNCTION ((NAME . "COMMA"))) #(UNDEFINED-FUNCTION ((NAME . "COMMA"))))) (#\b (T #(UNDEFINED-FUNCTION ((NAME . "COMMA"))) #(UNDEFINED-FUNCTION ((NAME . "COMMA"))) #(UNDEFINED-FUNCTION ((NAME . "COMMA"))))) (#\c (T #(UNDEFINED-FUNCTION ((NAME . "COMMA"))) #(UNDEFINED-FUNCTION ((NAME . "COMMA"))) #(UNDEFINED-FUNCTION ((NAME . "COMMA"))))) (#\d (T #(UNDEFINED-FUNCTION ((NAME . "COMMA"))) #(UNDEFINED-FUNCTION ((NAME . "COMMA"))) #(UNDEFINED-FUNCTION ((NAME . "COMMA"))))) (#\e (T #(UNDEFINED-FUNCTION ((NAME . "COMMA"))) #(UNDEFINED-FUNCTION ((NAME . "COMMA"))) #(UNDEFINED-FUNCTION ((NAME . "COMMA"))))) (#\f (T #(UNDEFINED-FUNCTION ((NAME . "COMMA"))) #(UNDEFINED-FUNCTION ((NAME . "COMMA"))) #(UNDEFINED-FUNCTION ((NAME . "COMMA"))))) (#\g (T #(UNDEFINED-FUNCTION ((NAME . "COMMA"))) #(UNDEFINED-FUNCTION ((NAME . "COMMA"))) #(UNDEFINED-FUNCTION (...)))) ...) EXP:NIL
  Handler-stack helpers emitted (push/pop)
  Handler-stack helpers emitted (push/pop)
  Handler-stack helpers emitted (push/pop)
  Handler-stack helpers emitted (push/pop)
  Handler-stack helpers emitted (push/pop)
  Handler-stack helpers emitted (push/pop)
  Handler-stack helpers emitted (push/pop)
  Handler-stack helpers emitted (push/pop)
  Handler-stack helpers emitted (push/pop)
  Handler-stack helpers emitted (push/pop)
  Handler-stack helpers emitted (push/pop)
  Handler-stack helpers emitted (push/pop)
  Handler-stack helpers emitted (push/pop)
  Handler-stack helpers emitted (push/pop)
  Handler-stack helpers emitted (push/pop)
  Handler-stack helpers emitted (push/pop)
  Handler-stack helpers emitted (push/pop)
  Handler-stack helpers emitted (push/pop)
  Handler-stack helpers emitted (push/pop)
  Handler-stack helpers emitted (push/pop)
  Handler-stack helpers emitted (push/pop)
  Handler-stack helpers emitted (push/pop)
  Handler-stack helpers emitted (push/pop)
  Handler-stack helpers emitted (push/pop)
  Handler-stack helpers emitted (push/pop)
  Handler-stack helpers emitted (push/pop)
  Handler-stack helpers emitted (push/pop)
  Handler-stack helpers emitted (push/pop)
  Handler-stack helpers emitted (push/pop)
  Handler-stack helpers emitted (push/pop)
  Handler-stack helpers emitted (push/pop)
  Handler-stack helpers emitted (push/pop)
  Handler-stack helpers emitted (push/pop)
  Handler-stack helpers emitted (push/pop)
  Handler-stack helpers emitted (push/pop)
  Handler-stack helpers emitted (push/pop)
  Handler-stack helpers emitted (push/pop)
  Handler-stack helpers emitted (push/pop)
  Handler-stack helpers emitted (push/pop)
  Handler-stack helpers emitted (push/pop)
  Handler-stack helpers emitted (push/pop)
  Handler-stack helpers emitted (push/pop)
  Handler-stack helpers emitted (push/pop)
  Handler-stack helpers emitted (push/pop)
  Handler-stack helpers emitted (push/pop)
  Handler-stack helpers emitted (push/pop)
  Handler-stack helpers emitted (push/pop)
  Handler-stack helpers emitted (push/pop)
  Handler-stack helpers emitted (push/pop)
  Handler-stack helpers emitted (push/pop)
  Handler-stack helpers emitted (push/pop)
  Handler-stack helpers emitted (push/pop)
  Handler-stack helpers emitted (push/pop)
  Handler-stack helpers emitted (push/pop)
  Handler-stack helpers emitted (push/pop)
  Handler-stack helpers emitted (push/pop)
  Handler-stack helpers emitted (push/pop)
  Handler-stack helpers emitted (push/pop)
  Handler-stack helpers emitted (push/pop)
  Handler-stack helpers emitted (push/pop)
  Handler-stack helpers emitted (push/pop)
  Handler-stack helpers emitted (push/pop)
  Handler-stack helpers emitted (push/pop)
  Handler-stack helpers emitted (push/pop)
  Handler-stack helpers emitted (push/pop)
  Handler-stack helpers emitted (push/pop)
  Handler-stack helpers emitted (push/pop)
  Handler-stack helpers emitted (push/pop)
  Handler-stack helpers emitted (push/pop)
  Handler-stack helpers emitted (push/pop)
  Handler-stack helpers emitted (push/pop)
  Handler-stack helpers emitted (push/pop)
  Handler-stack helpers emitted (push/pop)
  Handler-stack helpers emitted (push/pop)
  Handler-stack helpers emitted (push/pop)
  Handler-stack helpers emitted (push/pop)
  Handler-stack helpers emitted (push/pop)
  Handler-stack helpers emitted (push/pop)
  Handler-stack helpers emitted (push/pop)
  Handler-stack helpers emitted (push/pop)
  Handler-stack helpers emitted (push/pop)
  Handler-stack helpers emitted (push/pop)
  Handler-stack helpers emitted (push/pop)
  Handler-stack helpers emitted (push/pop)
  Handler-stack helpers emitted (push/pop)
  Handler-stack helpers emitted (push/pop)
  Handler-stack helpers emitted (push/pop)
  Handler-stack helpers emitted (push/pop)
  Handler-stack helpers emitted (push/pop)
  Handler-stack helpers emitted (push/pop)
  Handler-stack helpers emitted (push/pop)
  WARN: implicit global X
  Handler-stack helpers emitted (push/pop)
  Handler-stack helpers emitted (push/pop)
T:25761

FAIL 25761 GOT:((#\a (T #(SIMPLE-ERROR ((FORMAT-CONTROL . "end of file") (FORMAT-ARGUMENTS))) #(UNDEFINED-FUNCTION ((NAME . "COMMA"))))) (#\b (T #(SIMPLE-ERROR ((FORMAT-CONTROL . "end of file") (FORMAT-ARGUMENTS))) #(UNDEFINED-FUNCTION ((NAME . "COMMA"))))) (#\c (T #(SIMPLE-ERROR ((FORMAT-CONTROL . "end of file") (FORMAT-ARGUMENTS))) #(UNDEFINED-FUNCTION ((NAME . "COMMA"))))) (#\d (T #(SIMPLE-ERROR ((FORMAT-CONTROL . "end of file") (FORMAT-ARGUMENTS))) #(UNDEFINED-FUNCTION ((NAME . "COMMA"))))) (#\e (T #(SIMPLE-ERROR ((FORMAT-CONTROL . "end of file") (FORMAT-ARGUMENTS))) #(UNDEFINED-FUNCTION ((NAME . "COMMA"))))) (#\f (T #(SIMPLE-ERROR ((FORMAT-CONTROL . "end of file") (FORMAT-ARGUMENTS))) #(UNDEFINED-FUNCTION ((NAME . "COMMA"))))) (#\g (T #(SIMPLE-ERROR ((FORMAT-CONTROL . "end of file") (FORMAT-ARGUMENTS))) #(UNDEFINED-FUNCTION ((NAME . "COMMA"))))) (#\h (T #(SIMPLE-ERROR ((FORMAT-CONTROL . "end of file") (FORMAT-ARGUMENTS))) #(UNDEFINED-FUNCTION ((NAME . "COMMA"))))) (#\i (T #(SIMPLE-ERROR ...) ...)) ...) EXP:NIL
T:25762

FAIL 25762 GOT:((#\a (T GOOD (FUNCTION X) #(X) GOOD #() "" GOOD #\X 1 1)) (#\b (T GOOD (FUNCTION X) #(X) GOOD #() "" GOOD #\X 1 1)) (#\c (T GOOD (FUNCTION X) #(X) GOOD #() "" GOOD #\X 1 1)) (#\d (T GOOD (FUNCTION X) #(X) GOOD #() "" GOOD #\X 1 1)) (#\e (T GOOD (FUNCTION X) #(X) GOOD #() "" GOOD #\X 1 1)) (#\f (T GOOD (FUNCTION X) #(X) GOOD #() "" GOOD #\X 1 1)) (#\g (T GOOD (FUNCTION X) #(X) GOOD #() "" GOOD #\X 1 1)) (#\h (T GOOD (FUNCTION ...) ...)) ...) EXP:NIL
  Handler-stack helpers emitted (push/pop)
  Handler-stack helpers emitted (push/pop)
T:25763

FAIL 25763 GOT:((#\a (T C R 1 ((%ALLOC-MDA 0 (QUOTE NIL) NIL NIL 0 T (LET ((#<S582345919498164407> (MAKE-ARRAY 1))) (ASET #<S582345919498164407> 0 (QUOTE 1)) #<S582345919498164407>)) (%ALLOC-MDA 0 (QUOTE NIL) NIL NIL 0 T (LET ((#<S582345919498164407> (MAKE-ARRAY 1))) (ASET #<S582345919498164407> 0 (QUOTE 1)) #<S582345919498164407>))) (5 3) (#(%COMPLEX-MARKER 1 2) #(%COMPLEX-MARKER 2 1)) (122 4049) (#(%CLOS-INSTANCE PATHNAME NIL NIL NIL NIL NIL NIL) #(%CLOS-INSTANCE PATHNAME NIL NIL NIL NIL NIL NIL)) (21 40) (16637 64772))) (#\b (T C R 1 (#<?52> #<?52>) (5 3) (#(%COMPLEX-MARKER 1 2) #(%COMPLEX-MARKER 2 1)) (122 4049) (#(%CLOS-INSTANCE PATHNAME NIL NIL NIL NIL NIL NIL) #(%CLOS-INSTANCE PATHNAME NIL NIL NIL NIL NIL NIL)) (21 40) (16637 64772))) (#\c (T C R 1 (... ...) ...)) ...) EXP:NIL
T:25764

P:25764
T:25765

P:25765
T:25766

P:25766
T:25767

FAIL 25767 GOT:(. 2) EXP:(. 2)
T:25768

FAIL 25768 GOT:(.. 3) EXP:(.. 3)
T:25769

FAIL 25769 GOT:(.. 3) EXP:(.. 3)
T:25770

FAIL 25770 GOT:(... 4) EXP:(... 4)
T:25771

FAIL 25771 GOT:(... 4) EXP:(... 4)
T:25772

FAIL 25772 GOT:(... 4) EXP:(... 4)
T:25773

FAIL 25773 GOT:(. 3) EXP:(. 3)
T:25774

FAIL 25774 GOT:(.. 4) EXP:(.. 4)
T:25775

P:25775
T:25776

P:25776
T:25777

P:25777
T:25778

P:25778
T:25779

P:25779
T:25780

P:25780
T:25781

P:25781
T:25782

P:25782
T:25783

P:25783
T:25784

FAIL 25784 GOT:NIL EXP:T
T:25785

P:25785
T:25786

P:25786
  WARN: implicit global *CATCH-ACTIVE*
  WARN: implicit global *CURRENT-CONDITION*
  Handler-stack helpers emitted (push/pop)
T:25787

P:25787
  WARN: implicit global *CATCH-ACTIVE*
  WARN: implicit global *CURRENT-CONDITION*
  Handler-stack helpers emitted (push/pop)
T:25788

P:25788
T:25789

P:25789

1056/1082 DONE
