ANSI-TEST

P:57001

P:57002

P:57003

P:57120

P:57200

P:57300

P:3001

P:3002

P:3003

P:3004

P:3005

P:3091

P:3092

P:3110

P:3111

P:3093

P:3094

P:3095

P:3096

P:3097

P:1399

P:1401

P:1402

P:1403

P:1404

P:1405

P:1410

P:1411

P:1412

P:1413

P:1415

P:1416

P:1417

P:1418

P:1420

P:1421

P:1425

P:1426

P:1427

P:1428

P:1428

P:1429

P:1429

P:1430

P:1431

P:1433

P:1434

P:1435

P:1436

P:1440

P:1441

P:1442

P:1443

P:1501

P:1502

P:1503

P:1504

P:1505

P:1510

P:1511

P:1512

P:1520

P:1521

P:1530

P:1531

P:1532

P:1540

P:1541

P:1542

P:1543

P:1550

P:1551

P:1552

P:1560

P:1561

P:1562

P:1570

P:1571

P:1200

P:1201

P:1202

P:1203

P:1204

P:1205

P:1210

P:1211

P:1212

P:1220

P:1221

P:1222

P:1223

P:1230

P:1231

P:1232

P:1235

P:1236

P:1237

P:1240

P:1241

P:1242

P:1243

P:1250

P:1251

P:1252

P:1255

P:1256

P:1257

P:1260

P:1261

P:1262

P:1265

P:1266

P:1267

P:1270

P:1271

P:1272

P:1275

P:1276

P:1280

P:1281

P:1282

P:1300

P:1301

P:1302

P:1305

P:1306

P:1307

P:1310

P:1311

P:1312

P:1315

P:1316

P:1317

P:1318

P:1320

P:1321

P:500

P:501

P:502

P:503

P:510

P:511

P:515

P:516

P:520

P:521

P:522

P:530

P:531

P:532

P:533

P:534

P:540

P:541

P:542

P:543

P:544

P:550

P:551

P:552

P:553

P:600

P:601

P:602

P:610

P:611

P:620

P:625

P:650

P:651

P:670

P:671

P:672

P:700

P:701

P:702

P:710

P:711

P:712

P:713

P:1000

P:1001

P:1002

P:1010

P:1011

P:1700

P:1701

P:1702

P:1703

P:1704

P:1710

P:1711

P:1712

P:1720

P:1721

P:1722

P:1800

P:1801

P:1802

P:1810

P:1811

P:1812

P:1900

P:1901

P:1910

P:1915

P:2000

P:2099

P:2098

P:2001

P:2002

P:2010

P:2011

P:2012

P:2020

P:2021

P:2022

P:2030

P:2031

P:2040

P:2041

P:2050

P:2060

P:2070

P:2080

P:750

P:751

P:752

P:753

P:754

P:755

P:2100

P:2101

P:2102

P:2110

P:2111

P:2120

P:2121

P:2130

P:2131

P:2132

P:2150

P:2151

P:2160

P:2161

P:2162

P:2170

P:2171

P:2180

P:2250

P:2251

P:2260

P:2261

P:2262

P:2263

P:2270

P:2271

P:2275

P:2280

P:2281

P:2300

P:2301

P:2302
T:2300

P:2300
T:2301

P:2301
T:2302

P:2302
T:2380

P:2380
T:2381

P:2381
T:2382

P:2382
T:2383

P:2383
T:2384

P:2384
T:2385

P:2385
T:2386

P:2386
T:2387

P:2387
T:2388

P:2388
T:3900

P:3900
T:3901

P:3901
T:3902

P:3902
T:3903

P:3903
T:3904

P:3904
T:3905

P:3905
T:3906

P:3906
T:3907

P:3907
T:3908

P:3908
T:3909

P:3909
T:3910

P:3910
T:3911

P:3911
T:3912

P:3912
T:3913

P:3913
T:3914

P:3914
T:3915

P:3915
T:3916

P:3916
T:3917

P:3917
T:3918

P:3918
T:3919

P:3919
T:3920

P:3920
T:3921

P:3921
T:3922

P:3922
T:3923

P:3923
T:3924

P:3924
T:3925

P:3925
T:3926

P:3926
hello
P:2200
42
P:2201
42
P:2202
1 2 3
P:2203
(1 . 2)
P:2204
NIL
P:2205


P:2206
T:2210

P:2210
T:2211

P:2211
T:2212

P:2212

P:2400

P:2401

P:2402

P:2403

P:2450

FAIL 2700

P:2701

FAIL 2702

P:2703

P:2710

P:2711

P:2712

P:2713

P:2714

P:2600

P:2601

P:2610

P:2620

P:2621

P:2630

P:2631

P:2500

P:2501

P:2502

P:2503

P:2504

P:2400

P:2402

P:2403

P:2404
T:99999

P:99999

P:2405

P:2406

P:NIL

P:2407

P:2408

P:2409

P:2410

P:2411

P:2412

P:2413

P:2416

P:8240

P:8241

P:8242

P:8243

P:8244

P:8245

P:8246

P:8247

P:8248

P:8249

P:8250

P:8251

P:8252

P:8253

P:8254

P:8255

P:8320

P:8321

P:8327

P:8328

P:8329

P:8330

P:8331

P:8332

P:8333

P:8334

P:8335

P:8336

P:8337

P:8338

P:8339

P:8340

P:8341

P:8342

P:8343

P:8344

P:8322

P:8323

P:8324

P:8325

P:8326

P:8180

P:8181

P:8182
  Handler-stack helpers emitted (push/pop)
  Handler-stack helpers emitted (push/pop)
  Handler-stack helpers emitted (push/pop)

P:8183
  Handler-stack helpers emitted (push/pop)

P:8184

P:8185
  Handler-stack helpers emitted (push/pop)
  Handler-stack helpers emitted (push/pop)

P:8186

P:8420

P:8427

P:8428

P:8429
T:8401

P:8401
T:8402

P:8402
T:8300

P:8300
T:8301

P:8301
T:8302

P:8302
T:8303

P:8303
T:8304

P:8304
T:8305

P:8305
T:8306

P:8306
T:8307

P:8307
T:8308

P:8308
T:8309

P:8309
T:8310

P:8310
T:8311

P:8311
T:8312

P:8312

P:9000

P:9001

P:8780

P:8781

P:8782

P:8783

P:8784
  Handler-stack helpers emitted (push/pop)

P:8640

P:8641

P:8642

P:8643

P:8644

P:8645

P:8646
  Handler-stack helpers emitted (push/pop)

P:8690

P:8692

P:8697

P:8698
  Handler-stack helpers emitted (push/pop)

P:8699
  Handler-stack helpers emitted (push/pop)
  Handler-stack helpers emitted (push/pop)

P:8684
  Handler-stack helpers emitted (push/pop)

P:8685
  Handler-stack helpers emitted (push/pop)

P:8686
  Handler-stack helpers emitted (push/pop)

P:8687
  Handler-stack helpers emitted (push/pop)
  Handler-stack helpers emitted (push/pop)
  Handler-stack helpers emitted (push/pop)

P:8679
  Handler-stack helpers emitted (push/pop)
  Handler-stack helpers emitted (push/pop)
  Handler-stack helpers emitted (push/pop)

P:8681
  Handler-stack helpers emitted (push/pop)
  Handler-stack helpers emitted (push/pop)

P:8682
  Handler-stack helpers emitted (push/pop)
  Handler-stack helpers emitted (push/pop)

P:8683
  Handler-stack helpers emitted (push/pop)

P:8694
  Handler-stack helpers emitted (push/pop)
  Handler-stack helpers emitted (push/pop)

P:8696

P:8660

FAIL 8661

P:8662

P:8663

P:8700

P:8701

P:8710

P:8711

P:8713

P:8714

P:8716
  Handler-stack helpers emitted (push/pop)

P:8980
  Handler-stack helpers emitted (push/pop)

P:8981

P:9700

P:9701

P:9702

P:9703

P:9704

P:9705

P:9706

P:9707

P:9708

P:9709

P:9710

P:9711

P:9712

P:9713

P:9714

P:9715

P:9716

P:9717

P:9718

P:9719

P:9720

P:9721

P:9722

P:9723

P:9724

P:9725

P:9726

P:9727

P:9728

P:9729

P:9730

P:9731

P:9732

P:9733

P:9287

P:9288

P:9289

P:9290

P:9291

P:9292

P:9293

P:9294

P:8840

P:8841

P:8842

P:8843

P:8844

P:8845

P:8846

P:8847

P:8848

P:8849

P:8850

P:8851

P:8852

P:8853

P:8854

P:8855

P:8856

P:8857

P:8858

P:8859

P:8860
  Handler-stack helpers emitted (push/pop)

P:8861
  Handler-stack helpers emitted (push/pop)

P:8862
  Handler-stack helpers emitted (push/pop)

P:8863

P:9752

P:9760

P:9761

P:9762

FAIL 9763

P:9010

P:9020

P:9030

P:9031

P:9032

P:9033

P:9034

P:9035

P:9036

P:9037

P:9038

P:9901

P:9902

P:9903

P:9904

P:9905

P:9906

P:9907

P:9910

P:9911

P:9912

P:9920

P:9921

P:9922

P:9930

P:9931

P:9932

P:9933

P:9934
T:9935

P:9935

P:9936

P:9937

P:9938

P:9939

P:9980

P:9981

P:9982

P:9983

P:9940

P:9941

P:9942

P:9943

P:9944

P:9945

P:9946

P:9947

P:9948

P:9949

P:9950

P:9951

P:9952

FAIL 9960

P:9961

P:9962

P:9963

P:9964

P:9970

P:9971

P:9972

P:9480

P:9481

P:9482

P:9483

P:9484

P:9485

P:9486

P:9487

P:9488

P:9489

P:9801

P:9802

P:9803

P:9804

P:9811

P:9812

P:9813

P:9814

P:9815

P:9820

P:9821

P:9822

P:9823

P:9824

P:9831

P:9837

P:9838

P:9835

P:9836

P:9980

P:9982

P:9983

P:9997

P:9984

P:9985

P:9986

P:9987

P:9988

P:9989

P:9990

P:9991

P:9992

P:9993

P:9994

P:8720

P:8721

P:8722

P:9996

P:9998

P:9999

P:8620

P:8621

P:8622

P:8623

P:8624

P:8625

P:8626

P:8627

P:8628

P:8629

P:8640

P:8641

P:8642

P:8643
  Handler-stack helpers emitted (push/pop)
  Handler-stack helpers emitted (push/pop)

P:8650
  Handler-stack helpers emitted (push/pop)
  Handler-stack helpers emitted (push/pop)

P:8651
  Handler-stack helpers emitted (push/pop)
  Handler-stack helpers emitted (push/pop)

P:8652
  Handler-stack helpers emitted (push/pop)
  Handler-stack helpers emitted (push/pop)

P:8653
T:9560

P:9560
T:9561

P:9561
T:9565

P:9565
T:9566

P:9566
  Handler-stack helpers emitted (push/pop)
T:9562

P:9562
T:9563

P:9563
  Handler-stack helpers emitted (push/pop)
T:9564

P:9564
  Handler-stack helpers emitted (push/pop)
T:9570

P:9570
T:9571

P:9571
  Handler-stack helpers emitted (push/pop)
T:9572

P:9572
T:9574

P:9574
T:9575

P:9575
  Handler-stack helpers emitted (push/pop)
  Handler-stack helpers emitted (push/pop)
T:9573

FAIL 9573 GOT:(NIL A NIL) EXP:(0 A A)
T:9120

P:9120
T:9121

P:9121
T:9122

P:9122
T:9123

P:9123
T:9124

P:9124
T:9040

P:9040
T:9041

P:9041
T:9042

P:9042
T:9043

P:9043
T:9044

P:9044
T:9045

P:9045
T:9046

P:9046
T:9047

P:9047
T:9048

P:9048
T:9049

P:9049
T:9050

P:9050
T:9051

P:9051
T:9052

P:9052
T:9053

FAIL 9053 GOT:"X" EXP:T
T:9054

P:9054
T:9055

P:9055
T:9056

P:9056
T:9057

P:9057
  WARN: implicit global *READTABLE*
  Handler-stack helpers emitted (push/pop)
T:9520

P:9520
T:9521

P:9521
T:9522

P:9522
T:9524

P:9524
T:9526

FAIL 9526 GOT:NIL EXP:GOOD
T:9525

P:9525
T:9523

FAIL 9523 GOT:CRASHED EXP:GOOD
  Handler-stack helpers emitted (push/pop)
  WARN: implicit global *CATCH-ACTIVE*
  WARN: implicit global *CURRENT-CONDITION*
  Handler-stack helpers emitted (push/pop)
T:8440

P:8440
  Handler-stack helpers emitted (push/pop)
  WARN: implicit global *CATCH-ACTIVE*
  WARN: implicit global *CURRENT-CONDITION*
  Handler-stack helpers emitted (push/pop)
T:8441

P:8441
  Handler-stack helpers emitted (push/pop)
  WARN: implicit global *CATCH-ACTIVE*
  WARN: implicit global *CURRENT-CONDITION*
  Handler-stack helpers emitted (push/pop)
T:8442

P:8442
  WARN: implicit global *CURRENT-CONDITION*
  WARN: implicit global *CATCH-ACTIVE*
  WARN: implicit global *CATCH-TAG*
  WARN: implicit global *CATCH-VALUE*
  Handler-stack helpers emitted (push/pop)
  WARN: implicit global *CATCH-ACTIVE*
  WARN: implicit global *CURRENT-CONDITION*
  Handler-stack helpers emitted (push/pop)
T:8443

P:8443
  Handler-stack helpers emitted (push/pop)
T:8444

P:8444
  Handler-stack helpers emitted (push/pop)
T:8445

P:8445
  WARN: implicit global *CATCH-ACTIVE*
  WARN: implicit global *CURRENT-CONDITION*
  Handler-stack helpers emitted (push/pop)
  Handler-stack helpers emitted (push/pop)
T:8446

P:8446
  Handler-stack helpers emitted (push/pop)
T:8447

P:8447
  WARN: implicit global *CATCH-ACTIVE*
  WARN: implicit global *CURRENT-CONDITION*
  Handler-stack helpers emitted (push/pop)
T:8500

P:8500
  WARN: implicit global *CATCH-ACTIVE*
  WARN: implicit global *CURRENT-CONDITION*
  Handler-stack helpers emitted (push/pop)
T:8501

P:8501
  WARN: cannot compile #<?>, using nil
  WARN: cannot compile #<?>, using nil
  WARN: implicit global setq *CATCH-TAG*
  WARN: implicit global setq *CATCH-VALUE*
  WARN: implicit global setq *CATCH-ACTIVE*
  WARN: implicit global *CURRENT-CONDITION*
  Handler-stack helpers emitted (push/pop)
T:8502

P:8502
  WARN: implicit global *CATCH-ACTIVE*
  WARN: implicit global *CURRENT-CONDITION*
  Handler-stack helpers emitted (push/pop)
T:8503

P:8503
  WARN: implicit global *CATCH-ACTIVE*
  WARN: implicit global *CURRENT-CONDITION*
  Handler-stack helpers emitted (push/pop)
T:8504

P:8504
  Handler-stack helpers emitted (push/pop)
T:9539

P:9539
T:9160

P:9160
T:9161

P:9161
T:9162

P:9162
T:9163

P:9163
T:9164

P:9164
T:9165

P:9165
T:9166

P:9166
T:9167

P:9167
T:9168

P:9168
T:9169

P:9169
T:8880

P:8880
T:8881

P:8881
T:8882

P:8882
T:8883

P:8883
T:8884

FAIL 8884 GOT:(0 #(NIL NIL NIL NIL)) EXP:(2 #(7 9 NIL NIL))
T:8887

P:8887
T:8820

P:8820
T:8821

P:8821
T:8822

P:8822
T:8823

P:8823
T:8824

P:8824
T:8260

P:8260
T:8261

P:8261
T:8262

P:8262
T:8263

P:8263
T:8264

P:8264
T:8265

P:8265
T:8266

P:8266
T:8267

P:8267
T:8270

P:8270
T:8271

P:8271
T:8272

P:8272
T:8273

P:8273
T:8275

P:8275
T:8200

P:8200
T:8201

P:8201
T:8202

P:8202
T:8203

P:8203
T:8204

P:8204
T:8205

P:8205
T:8206

P:8206
T:8207

P:8207
T:9180

P:9180
T:9181

P:9181
T:9182

P:9182
T:9183

P:9183
T:9184

P:9184
T:9185

P:9185
T:9186

P:9186
T:9187

P:9187
T:9188

P:9188
T:9189

P:9189
T:9190

P:9190
T:9191

P:9191
T:9192

P:9192
T:9193

P:9193
T:9194

P:9194
T:9195

P:9195
T:9196

P:9196
T:9197

P:9197
T:9198

P:9198
T:9199

P:9199
T:9200

P:9200
T:9201

P:9201
T:9202

P:9202
T:9203

P:9203
T:9204

P:9204
T:9205

P:9205
T:9206

P:9206
T:9207

P:9207
T:9208

P:9208
T:9209

P:9209
T:9210

FAIL 9210 GOT:(QUOTE X) EXP:(QUOTE X)
T:9211

FAIL 9211 GOT:BACKQUOTE EXP:QUASIQUOTE
T:9212

P:9212
T:9213

FAIL 9213 GOT:(A (B C) D) EXP:(A (B C) D)
T:9214

P:9214
T:9215

P:9215
T:9216

P:9216
T:9217

P:9217
  Handler-stack helpers emitted (push/pop)
T:9218

P:9218
T:9219

P:9219
T:9220

P:9220
T:9221

P:9221
T:9222

P:9222
T:9223

P:9223
T:9224

P:9224
T:9225

P:9225
T:9226

P:9226
T:9227

P:9227
T:9228

P:9228
T:9229

P:9229
T:9230

P:9230
T:9231

P:9231
T:9232

P:9232
T:9233

P:9233
T:9234

P:9234
T:9235

P:9235
T:9236

P:9236
T:9237

P:9237
T:9238

P:9238
T:9239

P:9239
T:9240

P:9240
T:9241

P:9241
T:9242

P:9242
T:9243

P:9243
T:9244

P:9244
T:9245

P:9245
T:9246

P:9246
T:9247

P:9247
T:9248

P:9248
T:9249

P:9249
T:9250

P:9250
T:9251

P:9251
T:9252

P:9252
T:9253

P:9253
T:9254

P:9254
T:9255

P:9255
T:9256

P:9256
T:9257

P:9257
T:9258

P:9258
T:9259

P:9259
T:9260

FAIL 9260 GOT:NIL EXP:GOOD
T:9261

FAIL 9261 GOT:NIL EXP:GOOD
T:9262

FAIL 9262 GOT:NIL EXP:1
T:9263

FAIL 9263 GOT:NIL EXP:2
T:9264

P:9264
  Handler-stack helpers emitted (push/pop)
T:9265

P:9265
T:9266

P:9266
T:9267

FAIL 9267 GOT:NIL EXP:(T aZ)
T:9268

FAIL 9268 GOT:NIL EXP:GOOD
T:9540

P:9540
T:9541

P:9541
T:9542

P:9542

T:9543

P:9543
T:9544

P:9544
T:9545

P:9545
T:9546

P:9546
T:9200

P:9200
T:9204

P:9204
T:9205

P:9205
T:9210

P:9210
T:9211

P:9211
T:9232

P:9232
T:9233

P:9233
T:9234

P:9234
T:9237

P:9237
T:9213

P:9213
T:9214

P:9214
T:9215

P:9215
T:9206

P:9206
T:9207

P:9207
T:9208

P:9208
T:9260

P:9260
T:9261

P:9261
T:9262

P:9262
T:9263

P:9263
T:9264

P:9264
T:9265

P:9265
T:9266

P:9266
T:9267

P:9267

P:5001

P:5002

P:5010

P:5011

P:5012

P:5013

P:5014

P:5020

P:5021

P:5022

P:5030

P:5031

P:5040

P:5041

P:5042

P:5050

P:5051

P:5060

P:5061

P:5062

P:5070

P:5071

P:5072

P:5080

P:5081

P:5090

P:5095

P:5100

P:5110

P:5120

P:5125

P:5130

P:5140

P:5141

P:5142

P:5143

P:5150

P:5151

P:5160

P:5170

P:5171

P:5180

P:5190

P:5200

P:5210

P:5220

P:5230

P:5231

P:5240

P:5241

P:5250

P:5260

P:5270

P:5271

P:5500

P:5501

P:5502

P:5510

P:5511

P:5512

P:5513

P:5514

P:5520

P:5521

P:5522

P:5523

P:5524

P:5525

P:5530

P:5531

P:5540

P:5541

P:5542

P:5550

P:5551

P:5560

P:5561

P:5570

P:5571

P:5572

P:5580

P:5581

P:5582

P:5583

P:5590

P:5591

P:5592

P:5593

P:5594

P:5595

P:5600

P:5601

P:5602

P:5603

P:5604

P:5605

P:5606

P:5607

P:5608

P:5609

P:56200

P:56201

P:56202

P:56203

P:56204

P:56250

P:56260

P:56261

P:56262

P:56263

P:56264

P:56265

P:56266
OPEN-OK;
P:56300
READ-OK;
P:56301
  Handler-stack helpers emitted (push/pop)
EVAL-LITERAL-OK;
P:56302
  Handler-stack helpers emitted (push/pop)
S4A-CALL;S4A-OK;
P:56303
READ-CAR=WRITE-STRING-SERIAL;  Handler-stack helpers emitted (push/pop)
PROBE-1-LOADED;S4B-OK;
P:56304
  Handler-stack helpers emitted (push/pop)
S5-EVAL-LIST=OK;
P:56305
  Handler-stack helpers emitted (push/pop)
S6-FORMAT=X=42;
P:56306
BEFORE-LOAD;  Handler-stack helpers emitted (push/pop)
AFTER-LOAD;BOUNDP=T;VAL=X=42;
P:56307
SUITE-WROTE;F1-OP=DEFVAR;  Handler-stack helpers emitted (push/pop)
F1-OK;F2-OP=DEFUN;  WARN: implicit global *PROBE-SUITE-ENTRIES*
  Handler-stack helpers emitted (push/pop)
F2-OK;F3-OP=DEFMACRO;  Handler-stack helpers emitted (push/pop)
  Handler-stack helpers emitted (push/pop)
F3-OK;F4-OP=PROBE-DEFTEST;  Handler-stack helpers emitted (push/pop)
F4-OK;F5-OP=PROBE-DEFTEST;  Handler-stack helpers emitted (push/pop)
F5-OK;ALL-FORMS-OK;ENTRIES-BOUND=T;
P:56308

P:56309

P:56310

P:56311

P:56312

P:56320

FAIL 56321

P:56322

P:56323

P:56324
CL-EXTERNAL-COUNT=978;
P:56330
FIND-CAR=EXTERNAL;
P:56331
DES-COUNT=978;
P:56332

P:56333

P:56334

P:56400

P:56401

P:56402

P:56403

P:56404

P:56405

P:56406

P:56407

P:56410

P:56411

P:56412
  Handler-stack helpers emitted (push/pop)

P:56413

P:56414

P:56415

P:56420

P:56421

P:56422

P:56423

P:56424

P:56430

FAIL 56431

P:56432

FAIL 56433

FAIL 56434

FAIL 56435

P:56440

P:56441

P:56442

P:56443

P:56444

P:56445

P:56446

P:56447

P:56450

P:56448

P:56449

P:56451

P:56460

P:56461

P:56462

P:56463

P:56464

P:56470

P:56471

P:56472

P:56473

P:56474

P:56475

P:56476

FAIL 56480

FAIL 56481

FAIL 56482

FAIL 56483

FAIL 56484

FILE-READ:(A B C)

FAIL 56485

FAIL 56486

FAIL 56487

FAIL 56488
  Handler-stack helpers emitted (push/pop)
  Handler-stack helpers emitted (push/pop)
  Handler-stack helpers emitted (push/pop)
  Handler-stack helpers emitted (push/pop)
  Handler-stack helpers emitted (push/pop)
  Handler-stack helpers emitted (push/pop)
  Handler-stack helpers emitted (push/pop)

P:56490

FAIL 56491

FAIL 56492

FAIL 56493

P:5610

P:5611

P:5615

P:5620

P:5621

P:5622

P:5623

P:5624

P:5630

P:5631

FAIL 5640

P:5690

P:5691

P:5692

P:5693

ANSI-TOTAL=17625
T:24401

P:24401
T:24402

P:24402
T:24403

P:24403
T:24404

P:24404
T:24405

FAIL 24405 GOT:FAIL8 EXP:T
T:24406

FAIL 24406 GOT:NIL EXP:GOOD
T:24407

P:24407
T:24408

P:24408
T:24409

FAIL 24409 GOT:(BAR FOO Z Y X F B M L K J I G B A E A H D C BAR FOO X GOOD A Z M.1 DEFTEST %PROBE-IDENT-D %PROBE-IDENT-C %PROBE-IDENT-B %PROBE-IDENT-A P-LIST P-ADD PROBE-DEFTEST EXPECTED FORM NAME PROBE-RECORD *PROBE-SUITE-ENTRIES* *PROBE-FMT-VAL* WRITE-STRING-SERIAL Z ... .. . ABC D C B A X SET-READTABLE-CASE x %KWF-A-#<?> %KWF-Z-#<?> %KW-REST-  %KW-REST-#<?> PRB86-P COPY-PRB86 SET-PRB86-C PRB86-C SET-PRB86-B PRB86-B SET-PRB86-A PRB86-A MAKE-PRB86 %%STRUCT-CTOR-PRB86 PRB83-P COPY-PRB83 SET-PRB83-C PRB83-C SET-PRB83-B PRB83-B SET-PRB83-A PRB83-A MAKE-PRB83 %%STRUCT-CTOR-PRB83 P-C P-B P-A NIL ZEROP YES-OR-NO-P Y-OR-N-P WRITE-TO-STRING WRITE-STRING WRITE-SEQUENCE WRITE-LINE WRITE-CHAR WRITE-BYTE WRITE WITH-STANDARD-IO-SYNTAX WITH-SLOTS WITH-SIMPLE-RESTART WITH-PACKAGE-ITERATOR WITH-OUTPUT-TO-STRING WITH-OPEN-STREAM WITH-OPEN-FILE WITH-INPUT-FROM-STRING ... ...) EXP:NIL
T:24410

P:24410
T:24411

P:24411
T:24412

FAIL 24412 GOT:BAD EXP:NIL
T:24413

P:24413
T:24414

P:24414
T:24415

P:24415
T:24416

P:24416
T:24417

P:24417
T:24418

P:24418
T:24419

FAIL 24419 GOT:BAD EXP:GOOD
T:24420

P:24420
T:24421

P:24421
T:24422

P:24422
T:24423

P:24423
T:24424

FAIL 24424 GOT:(A B G I J K) EXP:(A B G I J K)
T:24425

P:24425
T:24426

P:24426
T:24427

P:24427
T:24428

P:24428
T:24429

P:24429
T:24430

P:24430
T:24431

FAIL 24431 GOT:BAD EXP:GOOD
T:24432

P:24432
T:24433

P:24433
T:24434

P:24434
T:24435

P:24435
T:24436

P:24436
T:24437

FAIL 24437 GOT:(A B G H I J K L M) EXP:(A B G H I J K L M)
T:24438

P:24438
T:24439

P:24439
T:24440

P:24440
T:24441

P:24441
T:24442

P:24442
T:24443

FAIL 24443 GOT:BAD EXP:GOOD
T:24444

P:24444
T:24445

P:24445
T:24446

P:24446
T:24447

P:24447
T:24448

P:24448
T:24449

FAIL 24449 GOT:T EXP:PACKAGE-ERROR
T:24450

FAIL 24450 GOT:T EXP:CAUGHT
T:24451

P:24451
T:24452

P:24452
T:24453

P:24453
T:24454

P:24454
T:24455

P:24455
T:24456

P:24456
T:24457

P:24457
T:24458

P:24458
T:24459

P:24459
T:24460

FAIL 24460 GOT:(T NIL) EXP:(T T)
T:24461

FAIL 24461 GOT:(T NIL) EXP:(T T)
T:24462

P:24462
T:24463

P:24463
T:24464

P:24464
T:24465

P:24465
T:24466

P:24466
T:24467

P:24467
T:24468

P:24468
T:24469

P:24469
T:24470

P:24470
T:24471

P:24471
T:24472

P:24472
T:24473

P:24473
T:24474

P:24474
T:24475

P:24475
T:24476

P:24476
T:24477

P:24477
T:24478

FAIL 24478 GOT:NIL EXP:T
T:24479

P:24479
T:24480

P:24480
T:24481

P:24481
T:24482

P:24482
T:24483

P:24483
T:24484

P:24484
T:24485

P:24485
T:24486

P:24486
T:24487

P:24487
T:24488

P:24488
T:24489

P:24489
T:24490

P:24490
T:24491

P:24491
T:24492

P:24492
T:24493

FAIL 24493 GOT:(NIL NIL) EXP:(FIND-SYMBOL.11 INTERNAL)
T:24494

P:24494
T:24495

P:24495
T:24496

P:24496
T:24497

P:24497
T:24498

P:24498
T:24499

P:24499
T:24500

P:24500
T:24501

P:24501
T:24502

FAIL 24502 GOT:(NIL NIL) EXP:(FOO INHERITED)
T:24503

FAIL 24503 GOT:(NIL NIL) EXP:(FOO INHERITED)
T:24504

P:24504
T:24505

P:24505
T:24506

P:24506
T:24507

P:24507
T:24508

P:24508
  Handler-stack helpers emitted (push/pop)
T:24509

P:24509
  Handler-stack helpers emitted (push/pop)
T:24510

P:24510
T:24511

P:24511
T:24512

P:24512
T:24513

FAIL 24513 GOT:((T) NIL T NIL) EXP:((T) T T NIL)
T:24514

P:24514
  Handler-stack helpers emitted (push/pop)
T:24515

P:24515
T:24516

P:24516
  Handler-stack helpers emitted (push/pop)
T:24517

P:24517
T:24518

P:24518
T:24519

P:24519
T:24520

FAIL 24520 GOT:((T) NIL T NIL) EXP:((T) T T NIL)
T:24521

P:24521
T:24522

P:24522
T:24523

FAIL 24523 GOT:NIL EXP:T
T:24524

FAIL 24524 GOT:NIL EXP:GOOD
T:24525

FAIL 24525 GOT:NIL EXP:GOOD
T:24526

P:24526
T:24527

FAIL 24527 GOT:NIL EXP:T
T:24528

P:24528
T:24529

P:24529
T:24530

FAIL 24530 GOT:NIL EXP:PACKAGE-ERROR
T:24531

P:24531
T:24532

P:24532
T:24533

P:24533
T:24534

P:24534
T:24535

P:24535
T:24536

P:24536
T:24537

P:24537
T:24538

P:24538
  Handler-stack helpers emitted (push/pop)
  Handler-stack helpers emitted (push/pop)
  Handler-stack helpers emitted (push/pop)
  Handler-stack helpers emitted (push/pop)
T:24539

P:24539
T:24540

P:24540
T:24541

FAIL 24541 GOT:NIL EXP:T
T:24542

P:24542
T:24543

P:24543
T:24544

FAIL 24544 GOT:NIL EXP:T
T:24545

P:24545
T:24546

P:24546
T:24547

P:24547
T:24548

P:24548
T:24549

P:24549
T:24550

P:24550
T:24551

P:24551
T:24552

P:24552
T:24553

P:24553
T:24554

P:24554
T:24555

P:24555
T:24556

P:24556
T:24557

P:24557
T:24558

P:24558
T:24559

P:24559
T:24560

P:24560
T:24561

P:24561
T:24562

P:24562
T:24563

P:24563
T:24564

FAIL 24564
  COND:#(FILE-ERROR ((PATHNAME . "/tmp/ansi-test/tests/cons/acons.lsp")))
T:24565

FAIL 24565
  COND:
FAIL 24565 RIP/4=32795659296569 SITE/4=32796125495314 RAX/4=32795659296569 SI/4=32795659296569 UCTX/4=35182525955248
T:24566

FAIL 24566
  COND:#(FILE-ERROR ((PATHNAME . "/tmp/ansi-test/tests/cons/acons.lsp")))
T:24567

FAIL 24567
  COND:
FAIL 24567 RIP/4=32795659296569 SITE/4=32796125495314 RAX/4=32795659296569 SI/4=32795659296569 UCTX/4=35182525955248
T:24568

P:24568
T:24569

P:24569
T:24570

P:24570
T:24571

P:24571
T:24572

P:24572
T:24573

P:24573
T:24574

P:24574
T:24575

P:24575
T:24576

P:24576
T:24577

P:24577
T:24578

P:24578
T:24579

P:24579
T:24580

P:24580
T:24581

P:24581
T:24582

P:24582
T:24583

P:24583
T:24584

P:24584
T:24585

P:24585
T:24586

P:24586
T:24587

P:24587
T:24588

P:24588
T:24589

P:24589
T:24590

P:24590
T:24591

P:24591
T:24592

P:24592
T:24593

P:24593
T:24594

P:24594
T:24595

P:24595
T:24596

P:24596
T:24597

P:24597
T:24598

P:24598
T:24599

P:24599
T:24600

P:24600
T:24601

P:24601
T:24602

P:24602
T:24603

P:24603
T:24604

P:24604
T:24605

P:24605
T:24606

P:24606
T:24607

P:24607
T:24608

P:24608
T:24609

P:24609
T:24610

P:24610
T:24611

P:24611
T:24612

P:24612
T:24613

P:24613
T:24614

P:24614
T:24615

P:24615
T:24616

P:24616
T:24617

P:24617
T:24618

P:24618
T:24619

P:24619
T:24620

P:24620
T:24621

P:24621
T:24622

P:24622
T:24623

P:24623
T:24624

P:24624
T:24625

P:24625
T:24626

P:24626
T:24627

P:24627
T:24628

P:24628
T:24629

P:24629
T:24630

P:24630
T:24631

P:24631
T:24632

P:24632
T:24633

P:24633
T:24634

P:24634
T:24635

P:24635
T:24636

P:24636
T:24637

P:24637
T:24638

P:24638
T:24639

P:24639
T:24640

P:24640
T:24641

P:24641
T:24642

P:24642
T:24643

P:24643
T:24644

P:24644
T:24645

P:24645
T:24646

P:24646
T:24647

P:24647
T:24648

P:24648
T:24649

P:24649
T:24650

P:24650
T:24651

P:24651
T:24652

P:24652
T:24653

P:24653
T:24654

P:24654
T:24655

P:24655
T:24656

P:24656
T:24657

P:24657
T:24658

P:24658
T:24659

P:24659
T:24660

P:24660
T:24661

P:24661
T:24662

P:24662
T:24663

P:24663
T:24664

FAIL 24664 GOT:NIL EXP:T
T:24665

P:24665
T:24666

P:24666
T:24667

P:24667
T:24668

P:24668
T:24669

P:24669
T:24670

P:24670
T:24671

P:24671
T:24672

P:24672
T:24673

P:24673
T:24674

P:24674
T:24675

FAIL 24675 GOT:NIL EXP:T
T:24676

P:24676
T:24677

P:24677
T:24678

P:24678
T:24679

P:24679
T:24680

P:24680
T:24681

P:24681

1055/1082 DONE
