ANSI-TEST

P:57001

P:57002

P:57003

P:57120

P:57200

P:57300

P:3001

P:3002

P:3003

P:3004

P:3005

P:3091

P:3092

P:3110

P:3111

P:3093

P:3094

P:3095

P:3096

P:3097

P:1399

P:1401

P:1402

P:1403

P:1404

P:1405

P:1410

P:1411

P:1412

P:1413

P:1415

P:1416

P:1417

P:1418

P:1420

P:1421

P:1425

P:1426

P:1427

P:1428

P:1428

P:1429

P:1429

P:1430

P:1431

P:1433

P:1434

P:1435

P:1436

P:1440

P:1441

P:1442

P:1443

P:1501

P:1502

P:1503

P:1504

P:1505

P:1510

P:1511

P:1512

P:1520

P:1521

P:1530

P:1531

P:1532

P:1540

P:1541

P:1542

P:1543

P:1550

P:1551

P:1552

P:1560

P:1561

P:1562

P:1570

P:1571

P:1200

P:1201

P:1202

P:1203

P:1204

P:1205

P:1210

P:1211

P:1212

P:1220

P:1221

P:1222

P:1223

P:1230

P:1231

P:1232

P:1235

P:1236

P:1237

P:1240

P:1241

P:1242

P:1243

P:1250

P:1251

P:1252

P:1255

P:1256

P:1257

P:1260

P:1261

P:1262

P:1265

P:1266

P:1267

P:1270

P:1271

P:1272

P:1275

P:1276

P:1280

P:1281

P:1282

P:1300

P:1301

P:1302

P:1305

P:1306

P:1307

P:1310

P:1311

P:1312

P:1315

P:1316

P:1317

P:1318

P:1320

P:1321

P:500

P:501

P:502

P:503

P:510

P:511

P:515

P:516

P:520

P:521

P:522

P:530

P:531

P:532

P:533

P:534

P:540

P:541

P:542

P:543

P:544

P:550

P:551

P:552

P:553

P:600

P:601

P:602

P:610

P:611

P:620

P:625

P:650

P:651

P:670

P:671

P:672

P:700

P:701

P:702

P:710

P:711

P:712

P:713

P:1000

P:1001

P:1002

P:1010

P:1011

P:1700

P:1701

P:1702

P:1703

P:1704

P:1710

P:1711

P:1712

P:1720

P:1721

P:1722

P:1800

P:1801

P:1802

P:1810

P:1811

P:1812

P:1900

P:1901

P:1910

P:1915

P:2000

P:2099

P:2098

P:2001

P:2002

P:2010

P:2011

P:2012

P:2020

P:2021

P:2022

P:2030

P:2031

P:2040

P:2041

P:2050

P:2060

P:2070

P:2080

P:750

P:751

P:752

P:753

P:754

P:755

P:2100

P:2101

P:2102

P:2110

P:2111

P:2120

P:2121

P:2130

P:2131

P:2132

P:2150

P:2151

P:2160

P:2161

P:2162

P:2170

P:2171

P:2180

P:2250

P:2251

P:2260

P:2261

P:2262

P:2263

P:2270

P:2271

P:2275

P:2280

P:2281

P:2300

P:2301

P:2302
T:2300

P:2300
T:2301

P:2301
T:2302

P:2302
T:2380

P:2380
T:2381

P:2381
T:2382

P:2382
T:2383

P:2383
T:2384

P:2384
T:2385

P:2385
T:2386

P:2386
T:2387

P:2387
T:2388

P:2388
T:3900

P:3900
T:3901

P:3901
T:3902

P:3902
T:3903

P:3903
T:3904

P:3904
T:3905

P:3905
T:3906

P:3906
T:3907

P:3907
T:3908

P:3908
T:3909

P:3909
T:3910

P:3910
T:3911

P:3911
T:3912

P:3912
T:3913

P:3913
T:3914

P:3914
T:3915

P:3915
T:3916

P:3916
T:3917

P:3917
T:3918

P:3918
T:3919

P:3919
T:3920

P:3920
T:3921

P:3921
T:3922

P:3922
T:3923

P:3923
T:3924

P:3924
T:3925

P:3925
T:3926

P:3926
hello
P:2200
42
P:2201
42
P:2202
1 2 3
P:2203
(1 . 2)
P:2204
NIL
P:2205


P:2206
T:2210

P:2210
T:2211

P:2211
T:2212

P:2212

P:2400

P:2401

P:2402

P:2403

P:2450

FAIL 2700

P:2701

FAIL 2702

P:2703

P:2710

P:2711

P:2712

P:2713

P:2714

P:2600

P:2601

P:2610

P:2620

P:2621

P:2630

P:2631

P:2500

P:2501

P:2502

P:2503

P:2504

P:2400

P:2402

P:2403

P:2404
T:99999

P:99999

P:2405

P:2406

P:NIL

P:2407

P:2408

P:2409

P:2410

P:2411

P:2412

P:2413

P:2416

P:8240

P:8241

P:8242

P:8243

P:8244

P:8245

P:8246

P:8247

P:8248

P:8249

P:8250

P:8251

P:8252

P:8253

P:8254

P:8255

P:8320

P:8321

P:8327

P:8328

P:8329

P:8330

P:8331

P:8332

P:8333

P:8334

P:8335

P:8336

P:8337

P:8338

P:8339

P:8340

P:8341

P:8342

P:8343

P:8344

P:8322

P:8323

P:8324

P:8325

P:8326

P:8180

P:8181

P:8182
  Handler-stack helpers emitted (push/pop)
  Handler-stack helpers emitted (push/pop)
  Handler-stack helpers emitted (push/pop)

P:8183
  Handler-stack helpers emitted (push/pop)

P:8184

P:8185
  Handler-stack helpers emitted (push/pop)
  Handler-stack helpers emitted (push/pop)

P:8186

P:8420

P:8427

P:8428

P:8429
T:8401

P:8401
T:8402

P:8402
T:8300

P:8300
T:8301

P:8301
T:8302

P:8302
T:8303

P:8303
T:8304

P:8304
T:8305

P:8305
T:8306

P:8306
T:8307

P:8307
T:8308

P:8308
T:8309

P:8309
T:8310

P:8310
T:8311

P:8311
T:8312

P:8312

P:9000

P:9001

P:8780

P:8781

P:8782

P:8783

P:8784
  Handler-stack helpers emitted (push/pop)

P:8640

P:8641

P:8642

P:8643

P:8644

P:8645

P:8646
  Handler-stack helpers emitted (push/pop)

P:8690

P:8692

P:8697

P:8698
  Handler-stack helpers emitted (push/pop)

P:8699
  Handler-stack helpers emitted (push/pop)
  Handler-stack helpers emitted (push/pop)

P:8684
  Handler-stack helpers emitted (push/pop)

P:8685
  Handler-stack helpers emitted (push/pop)

P:8686
  Handler-stack helpers emitted (push/pop)

P:8687
  Handler-stack helpers emitted (push/pop)
  Handler-stack helpers emitted (push/pop)
  Handler-stack helpers emitted (push/pop)

P:8679
  Handler-stack helpers emitted (push/pop)
  Handler-stack helpers emitted (push/pop)
  Handler-stack helpers emitted (push/pop)

P:8681
  Handler-stack helpers emitted (push/pop)
  Handler-stack helpers emitted (push/pop)

P:8682
  Handler-stack helpers emitted (push/pop)
  Handler-stack helpers emitted (push/pop)

P:8683
  Handler-stack helpers emitted (push/pop)

P:8694
  Handler-stack helpers emitted (push/pop)
  Handler-stack helpers emitted (push/pop)

P:8696

P:8660

FAIL 8661

P:8662

P:8663

P:8700

P:8701

P:8710

P:8711

P:8713

P:8714

P:8716
  Handler-stack helpers emitted (push/pop)

P:8980
  Handler-stack helpers emitted (push/pop)

P:8981

P:9700

P:9701

P:9702

P:9703

P:9704

P:9705

P:9706

P:9707

P:9708

P:9709

P:9710

P:9711

P:9712

P:9713

P:9714

P:9715

P:9716

P:9717

P:9718

P:9719

P:9720

P:9721

P:9722

P:9723

P:9724

P:9725

P:9726

P:9727

P:9728

P:9729

P:9730

P:9731

P:9732

P:9733

P:9287

P:9288

P:9289

P:9290

P:9291

P:9292

P:9293

P:9294

P:8840

P:8841

P:8842

P:8843

P:8844

P:8845

P:8846

P:8847

P:8848

P:8849

P:8850

P:8851

P:8852

P:8853

P:8854

P:8855

P:8856

P:8857

P:8858

P:8859

P:8860
  Handler-stack helpers emitted (push/pop)

P:8861
  Handler-stack helpers emitted (push/pop)

P:8862
  Handler-stack helpers emitted (push/pop)

P:8863

P:9752

P:9760

P:9761

P:9762

FAIL 9763

P:9010

P:9020

P:9030

P:9031

P:9032

P:9033

P:9034

P:9035

P:9036

P:9037

P:9038

P:9901

P:9902

P:9903

P:9904

P:9905

P:9906

P:9907

P:9910

P:9911

P:9912

P:9920

P:9921

P:9922

P:9930

P:9931

P:9932

P:9933

P:9934
T:9935

P:9935

P:9936

P:9937

P:9938

P:9939

P:9980

P:9981

P:9982

P:9983

P:9940

P:9941

P:9942

P:9943

P:9944

P:9945

P:9946

P:9947

P:9948

P:9949

P:9950

P:9951

P:9952

FAIL 9960

P:9961

P:9962

P:9963

P:9964

P:9970

P:9971

P:9972

P:9480

P:9481

P:9482

P:9483

P:9484

P:9485

P:9486

P:9487

P:9488

P:9489

P:9801

P:9802

P:9803

P:9804

P:9811

P:9812

P:9813

P:9814

P:9815

P:9820

P:9821

P:9822

P:9823

P:9824

P:9831

P:9837

P:9838

P:9835

P:9836

P:9980

P:9982

P:9983

P:9997

P:9984

P:9985

P:9986

P:9987

P:9988

P:9989

P:9990

P:9991

P:9992

P:9993

P:9994

P:8720

P:8721

P:8722

P:9996

P:9998

P:9999

P:8620

P:8621

P:8622

P:8623

P:8624

P:8625

P:8626

P:8627

P:8628

P:8629

P:8640

P:8641

P:8642

P:8643
  Handler-stack helpers emitted (push/pop)
  Handler-stack helpers emitted (push/pop)

P:8650
  Handler-stack helpers emitted (push/pop)
  Handler-stack helpers emitted (push/pop)

P:8651
  Handler-stack helpers emitted (push/pop)
  Handler-stack helpers emitted (push/pop)

P:8652
  Handler-stack helpers emitted (push/pop)
  Handler-stack helpers emitted (push/pop)

P:8653
T:9560

P:9560
T:9561

P:9561
T:9565

P:9565
T:9566

P:9566
  Handler-stack helpers emitted (push/pop)
T:9562

P:9562
T:9563

P:9563
  Handler-stack helpers emitted (push/pop)
T:9564

P:9564
  Handler-stack helpers emitted (push/pop)
T:9570

P:9570
T:9571

P:9571
  Handler-stack helpers emitted (push/pop)
T:9572

P:9572
T:9574

P:9574
T:9575

P:9575
  Handler-stack helpers emitted (push/pop)
  Handler-stack helpers emitted (push/pop)
T:9573

FAIL 9573 GOT:(NIL A NIL) EXP:(0 A A)
T:9120

P:9120
T:9121

P:9121
T:9122

P:9122
T:9123

P:9123
T:9124

P:9124
T:9040

P:9040
T:9041

P:9041
T:9042

P:9042
T:9043

P:9043
T:9044

P:9044
T:9045

P:9045
T:9046

P:9046
T:9047

P:9047
T:9048

P:9048
T:9049

P:9049
T:9050

P:9050
T:9051

P:9051
T:9052

P:9052
T:9053

FAIL 9053 GOT:"X" EXP:T
T:9054

P:9054
T:9055

P:9055
T:9056

P:9056
T:9057

P:9057
  WARN: implicit global *READTABLE*
  Handler-stack helpers emitted (push/pop)
T:9520

P:9520
T:9521

P:9521
T:9522

P:9522
T:9524

P:9524
T:9526

FAIL 9526 GOT:NIL EXP:GOOD
T:9525

P:9525
T:9523

FAIL 9523 GOT:CRASHED EXP:GOOD
  Handler-stack helpers emitted (push/pop)
  WARN: implicit global *CATCH-ACTIVE*
  WARN: implicit global *CURRENT-CONDITION*
  Handler-stack helpers emitted (push/pop)
T:8440

P:8440
  Handler-stack helpers emitted (push/pop)
  WARN: implicit global *CATCH-ACTIVE*
  WARN: implicit global *CURRENT-CONDITION*
  Handler-stack helpers emitted (push/pop)
T:8441

P:8441
  Handler-stack helpers emitted (push/pop)
  WARN: implicit global *CATCH-ACTIVE*
  WARN: implicit global *CURRENT-CONDITION*
  Handler-stack helpers emitted (push/pop)
T:8442

P:8442
  WARN: implicit global *CURRENT-CONDITION*
  WARN: implicit global *CATCH-ACTIVE*
  WARN: implicit global *CATCH-TAG*
  WARN: implicit global *CATCH-VALUE*
  Handler-stack helpers emitted (push/pop)
  WARN: implicit global *CATCH-ACTIVE*
  WARN: implicit global *CURRENT-CONDITION*
  Handler-stack helpers emitted (push/pop)
T:8443

P:8443
  Handler-stack helpers emitted (push/pop)
T:8444

P:8444
  Handler-stack helpers emitted (push/pop)
T:8445

P:8445
  WARN: implicit global *CATCH-ACTIVE*
  WARN: implicit global *CURRENT-CONDITION*
  Handler-stack helpers emitted (push/pop)
  Handler-stack helpers emitted (push/pop)
T:8446

P:8446
  Handler-stack helpers emitted (push/pop)
T:8447

P:8447
  WARN: implicit global *CATCH-ACTIVE*
  WARN: implicit global *CURRENT-CONDITION*
  Handler-stack helpers emitted (push/pop)
T:8500

P:8500
  WARN: implicit global *CATCH-ACTIVE*
  WARN: implicit global *CURRENT-CONDITION*
  Handler-stack helpers emitted (push/pop)
T:8501

P:8501
  WARN: cannot compile #<?>, using nil
  WARN: cannot compile #<?>, using nil
  WARN: implicit global setq *CATCH-TAG*
  WARN: implicit global setq *CATCH-VALUE*
  WARN: implicit global setq *CATCH-ACTIVE*
  WARN: implicit global *CURRENT-CONDITION*
  Handler-stack helpers emitted (push/pop)
T:8502

P:8502
  WARN: implicit global *CATCH-ACTIVE*
  WARN: implicit global *CURRENT-CONDITION*
  Handler-stack helpers emitted (push/pop)
T:8503

P:8503
  WARN: implicit global *CATCH-ACTIVE*
  WARN: implicit global *CURRENT-CONDITION*
  Handler-stack helpers emitted (push/pop)
T:8504

P:8504
  Handler-stack helpers emitted (push/pop)
T:9539

P:9539
T:9160

P:9160
T:9161

P:9161
T:9162

P:9162
T:9163

P:9163
T:9164

P:9164
T:9165

P:9165
T:9166

P:9166
T:9167

P:9167
T:9168

P:9168
T:9169

P:9169
T:8880

P:8880
T:8881

P:8881
T:8882

P:8882
T:8883

P:8883
T:8884

P:8884
T:8887

P:8887
T:8820

P:8820
T:8821

P:8821
T:8822

P:8822
T:8823

P:8823
T:8824

P:8824
T:8260

P:8260
T:8261

P:8261
T:8262

P:8262
T:8263

P:8263
T:8264

P:8264
T:8265

P:8265
T:8266

P:8266
T:8267

P:8267
T:8270

P:8270
T:8271

P:8271
T:8272

P:8272
T:8273

P:8273
T:8275

P:8275
T:8200

P:8200
T:8201

P:8201
T:8202

P:8202
T:8203

P:8203
T:8204

P:8204
T:8205

P:8205
T:8206

P:8206
T:8207

P:8207
T:9180

P:9180
T:9181

P:9181
T:9182

P:9182
T:9183

P:9183
T:9184

P:9184
T:9185

P:9185
T:9186

P:9186
T:9187

P:9187
T:9188

P:9188
T:9189

P:9189
T:9190

P:9190
T:9191

P:9191
T:9192

P:9192
T:9193

P:9193
T:9194

P:9194
T:9195

P:9195
T:9196

P:9196
T:9197

P:9197
T:9198

P:9198
T:9199

P:9199
T:9200

P:9200
T:9201

P:9201
T:9202

P:9202
T:9203

P:9203
T:9204

P:9204
T:9205

P:9205
T:9206

P:9206
T:9207

P:9207
T:9208

P:9208
T:9209

P:9209
T:9210

FAIL 9210 GOT:(QUOTE X) EXP:(QUOTE X)
T:9211

FAIL 9211 GOT:BACKQUOTE EXP:QUASIQUOTE
T:9212

P:9212
T:9213

FAIL 9213 GOT:(A (B C) D) EXP:(A (B C) D)
T:9214

P:9214
T:9215

P:9215
T:9216

P:9216
T:9217

P:9217
  Handler-stack helpers emitted (push/pop)
T:9218

P:9218
T:9219

P:9219
T:9220

P:9220
T:9221

P:9221
T:9222

P:9222
T:9223

P:9223
T:9224

P:9224
T:9225

P:9225
T:9226

P:9226
T:9227

P:9227
T:9228

P:9228
T:9229

P:9229
T:9230

P:9230
T:9231

P:9231
T:9232

P:9232
T:9233

P:9233
T:9234

P:9234
T:9235

P:9235
T:9236

P:9236
T:9237

P:9237
T:9238

P:9238
T:9239

P:9239
T:9240

P:9240
T:9241

P:9241
T:9242

P:9242
T:9243

P:9243
T:9244

P:9244
T:9245

P:9245
T:9246

P:9246
T:9247

P:9247
T:9248

P:9248
T:9249

P:9249
T:9250

P:9250
T:9251

P:9251
T:9252

P:9252
T:9253

P:9253
T:9254

P:9254
T:9255

P:9255
T:9256

P:9256
T:9257

P:9257
T:9258

P:9258
T:9259

P:9259
T:9260

FAIL 9260 GOT:NIL EXP:GOOD
T:9261

FAIL 9261 GOT:NIL EXP:GOOD
T:9262

FAIL 9262 GOT:NIL EXP:1
T:9263

FAIL 9263 GOT:NIL EXP:2
T:9264

P:9264
  Handler-stack helpers emitted (push/pop)
T:9265

P:9265
T:9266

P:9266
T:9267

FAIL 9267 GOT:NIL EXP:(T aZ)
T:9268

FAIL 9268 GOT:NIL EXP:GOOD
T:9540

P:9540
T:9541

P:9541
T:9542

P:9542

T:9543

P:9543
T:9544

P:9544
T:9545

P:9545
T:9546

P:9546
T:9200

P:9200
T:9204

P:9204
T:9205

P:9205
T:9210

P:9210
T:9211

P:9211
T:9232

P:9232
T:9233

P:9233
T:9234

P:9234
T:9237

P:9237
T:9213

P:9213
T:9214

P:9214
T:9215

P:9215
T:9206

P:9206
T:9207

P:9207
T:9208

P:9208
T:9260

P:9260
T:9261

P:9261
T:9262

P:9262
T:9263

P:9263
T:9264

P:9264
T:9265

P:9265
T:9266

P:9266
T:9267

P:9267

P:5001

P:5002

P:5010

P:5011

P:5012

P:5013

P:5014

P:5020

P:5021

P:5022

P:5030

P:5031

P:5040

P:5041

P:5042

P:5050

P:5051

P:5060

P:5061

P:5062

P:5070

P:5071

P:5072

P:5080

P:5081

P:5090

P:5095

P:5100

P:5110

P:5120

P:5125

P:5130

P:5140

P:5141

P:5142

P:5143

P:5150

P:5151

P:5160

P:5170

P:5171

P:5180

P:5190

P:5200

P:5210

P:5220

P:5230

P:5231

P:5240

P:5241

P:5250

P:5260

P:5270

P:5271

P:5500

P:5501

P:5502

P:5510

P:5511

P:5512

P:5513

P:5514

P:5520

P:5521

P:5522

P:5523

P:5524

P:5525

P:5530

P:5531

P:5540

P:5541

P:5542

P:5550

P:5551

P:5560

P:5561

P:5570

P:5571

P:5572

P:5580

P:5581

P:5582

P:5583

P:5590

P:5591

P:5592

P:5593

P:5594

P:5595

P:5600

P:5601

P:5602

P:5603

P:5604

P:5605

P:5606

P:5607

P:5608

P:5609

P:56200

P:56201

P:56202

P:56203

P:56204

P:56250

P:56260

P:56261

P:56262

P:56263

P:56264

P:56265

P:56266
OPEN-OK;
P:56300
READ-OK;
P:56301
  Handler-stack helpers emitted (push/pop)
EVAL-LITERAL-OK;
P:56302
  Handler-stack helpers emitted (push/pop)
S4A-CALL;S4A-OK;
P:56303
READ-CAR=WRITE-STRING-SERIAL;  Handler-stack helpers emitted (push/pop)
PROBE-1-LOADED;S4B-OK;
P:56304
  Handler-stack helpers emitted (push/pop)
S5-EVAL-LIST=OK;
P:56305
  Handler-stack helpers emitted (push/pop)
S6-FORMAT=X=42;
P:56306
BEFORE-LOAD;  Handler-stack helpers emitted (push/pop)
AFTER-LOAD;BOUNDP=T;VAL=X=42;
P:56307
SUITE-WROTE;F1-OP=DEFVAR;  Handler-stack helpers emitted (push/pop)
F1-OK;F2-OP=DEFUN;  WARN: implicit global *PROBE-SUITE-ENTRIES*
  Handler-stack helpers emitted (push/pop)
F2-OK;F3-OP=DEFMACRO;  Handler-stack helpers emitted (push/pop)
  Handler-stack helpers emitted (push/pop)
F3-OK;F4-OP=PROBE-DEFTEST;  Handler-stack helpers emitted (push/pop)
F4-OK;F5-OP=PROBE-DEFTEST;  Handler-stack helpers emitted (push/pop)
F5-OK;ALL-FORMS-OK;ENTRIES-BOUND=T;
P:56308

P:56309

P:56310

P:56311

P:56312

P:56320

FAIL 56321

P:56322

P:56323

P:56324
CL-EXTERNAL-COUNT=978;
P:56330
FIND-CAR=EXTERNAL;
P:56331
DES-COUNT=978;
P:56332

P:56333

P:56334

P:56400

P:56401

P:56402

P:56403

P:56404

P:56405

P:56406

P:56407

P:56410

P:56411

P:56412
  Handler-stack helpers emitted (push/pop)

P:56413

P:56414

P:56415

P:56420

P:56421

P:56422

P:56423

P:56424

P:56430

FAIL 56431

P:56432

FAIL 56433

FAIL 56434

FAIL 56435

P:56440

P:56441

P:56442

P:56443

P:56444

P:56445

P:56446

P:56447

P:56450

P:56448

P:56449

P:56451

P:56460

P:56461

P:56462

P:56463

P:56464

P:56470

P:56471

P:56472

P:56473

P:56474

P:56475

P:56476

FAIL 56480

FAIL 56481

FAIL 56482

FAIL 56483

FAIL 56484

FILE-READ:(A B C)

FAIL 56485

FAIL 56486

FAIL 56487

FAIL 56488
  Handler-stack helpers emitted (push/pop)
  Handler-stack helpers emitted (push/pop)
  Handler-stack helpers emitted (push/pop)
  Handler-stack helpers emitted (push/pop)
  Handler-stack helpers emitted (push/pop)
  Handler-stack helpers emitted (push/pop)
  Handler-stack helpers emitted (push/pop)

P:56490

FAIL 56491

FAIL 56492

FAIL 56493

P:5610

P:5611

P:5615

P:5620

P:5621

P:5622

P:5623

P:5624

P:5630

P:5631

FAIL 5640

P:5690

P:5691

P:5692

P:5693

ANSI-TOTAL=17625
T:20234

P:20234
T:20235

P:20235
T:20236

P:20236
T:20237

P:20237
T:20238

P:20238
T:20239

P:20239
T:20240

P:20240
T:20241

P:20241
T:20242

P:20242
T:20243

P:20243
T:20244

P:20244
T:20245

P:20245
T:20246

P:20246
T:20247

P:20247
T:20248

P:20248
T:20249

P:20249
T:20250

P:20250
T:20251

P:20251
T:20252

P:20252
T:20253

P:20253
T:20254

P:20254
T:20255

P:20255
T:20256

P:20256
T:20257

FAIL 20257 GOT:T EXP:NIL
T:20258

P:20258
T:20259

P:20259
T:20260

P:20260
T:20261

P:20261
T:20262

P:20262
T:20263

P:20263
T:20264

P:20264
T:20265

P:20265
T:20266

P:20266
T:20267

P:20267
T:20268

P:20268
T:20269

P:20269
T:20270

P:20270
T:20271

P:20271
T:20272

P:20272
T:20273

P:20273
T:20274

FAIL 20274 GOT:T EXP:NIL
T:20275

FAIL 20275 GOT:T EXP:NIL
T:20276

P:20276
T:20277

P:20277
T:20278

P:20278
T:20279

P:20279
T:20280

P:20280
T:20281

FAIL 20281 GOT:T EXP:NIL
T:20282

P:20282
T:20283

P:20283
T:20284

P:20284
T:20285

P:20285
T:20286

P:20286
T:20287

P:20287
T:20288

P:20288
T:20289

P:20289
T:20290

FAIL 20290 GOT:T EXP:NIL
T:20291

FAIL 20291 GOT:T EXP:NIL
T:20292

P:20292
T:20293

P:20293
T:20294

P:20294
T:20295

P:20295
T:20296

P:20296
T:20297

FAIL 20297 GOT:T EXP:NIL
T:20298

P:20298
T:20299

P:20299
T:20300

P:20300
T:20301

P:20301
T:20302

P:20302
T:20303

P:20303
T:20304

P:20304
T:20305

P:20305
T:20306

P:20306
T:20307

P:20307
T:20308

P:20308
T:20309

P:20309
T:20310

P:20310
T:20311

P:20311
T:20312

P:20312
T:20313

P:20313
T:20314

P:20314
T:20315

P:20315
T:20316

P:20316
T:20317

P:20317
T:20318

P:20318
T:20319

P:20319
T:20320

P:20320

FAIL 20321
  COND:#(FILE-ERROR ((PATHNAME . "/tmp/ansi-test/tests/cons/acons.lsp")))

FAIL 20322
  COND:#(PROGRAM-ERROR NIL)

FAIL 20323
  COND:#(PROGRAM-ERROR NIL)
T:20324

P:20324
T:20325

P:20325
T:20326

P:20326
T:20327

P:20327
T:20328

P:20328
T:20329

P:20329
T:20330

P:20330
T:20331

P:20331
T:20332

P:20332
T:20333

P:20333
T:20334

P:20334
T:20335

P:20335
  WARN: implicit global *CATCH-ACTIVE*
  WARN: implicit global *CURRENT-CONDITION*
  Handler-stack helpers emitted (push/pop)
T:20336

P:20336
T:20337

P:20337
T:20338

P:20338
T:20339

P:20339
T:20340

P:20340
T:20341

P:20341
T:20342

P:20342
T:20343

P:20343
T:20344

P:20344
T:20345

P:20345
T:20346

P:20346
T:20347

P:20347
T:20348

P:20348
T:20349

P:20349
T:20350

P:20350
T:20351

P:20351
T:20352

P:20352
T:20353

P:20353
T:20354

P:20354
T:20355

P:20355
T:20356

P:20356
T:20357

P:20357
T:20358

P:20358
T:20359

P:20359
T:20360

P:20360
T:20361

P:20361
T:20362

P:20362
T:20363

P:20363
T:20364

P:20364
T:20365

P:20365
T:20366

P:20366
T:20367

P:20367
T:20368

P:20368
T:20369

P:20369
T:20370

P:20370
T:20371

P:20371
T:20372

P:20372
T:20373

P:20373
T:20374

P:20374
T:20375

P:20375
T:20376

P:20376
T:20377

P:20377
T:20378

P:20378
T:20379

P:20379
T:20380

P:20380
T:20381

P:20381
T:20382

P:20382
T:20383

P:20383
T:20384

P:20384
T:20385

FAIL 20385 GOT:NIL EXP:T
T:20386

P:20386
T:20387

P:20387
T:20388

P:20388
T:20389

P:20389
T:20390

P:20390
T:20391

P:20391
T:20392

P:20392
T:20393

P:20393
T:20394

P:20394
T:20395

P:20395
T:20396

P:20396
T:20397

P:20397
T:20398

P:20398
T:20399

P:20399
T:20400

P:20400
T:20401

P:20401
T:20402

P:20402
T:20403

P:20403
T:20404

P:20404
T:20405

P:20405
T:20406

P:20406
T:20407

P:20407
T:20408

P:20408
T:20409

P:20409
T:20410

P:20410
T:20411

P:20411
T:20412

P:20412
T:20413

P:20413
T:20414

P:20414
T:20415

P:20415
T:20416

P:20416
T:20417

P:20417
T:20418

P:20418
T:20419

P:20419
T:20420

P:20420
T:20421

P:20421
T:20422

P:20422
T:20423

P:20423
T:20424

P:20424
T:20425

P:20425
T:20426

P:20426
T:20427

P:20427
T:20428

P:20428
T:20429

P:20429
T:20430

P:20430
T:20431

P:20431
T:20432

P:20432
T:20433

P:20433
T:20434

P:20434
T:20435

P:20435
T:20436

P:20436
T:20437

P:20437
T:20438

P:20438
T:20439

P:20439
T:20440

P:20440
T:20441

P:20441
T:20442

P:20442
T:20443

P:20443
T:20444

P:20444
T:20445

P:20445
T:20446

P:20446
T:20447

P:20447
T:20448

P:20448
T:20449

P:20449
T:20450

P:20450
T:20451

P:20451
T:20452

FAIL 20452 GOT:(#(A A A A A) 4 3 4 2 1) EXP:(#(A A A A A) 4 1 2 3 4)
T:20453

FAIL 20453 GOT:(#(A A A A A) 4 3 4 2 1) EXP:(#(A A A A A) 4 1 2 3 4)
T:20454

P:20454
T:20455

P:20455
T:20456

P:20456
T:20457

P:20457
T:20458

P:20458
T:20459

P:20459
T:20460

P:20460
T:20461

P:20461
T:20462

P:20462
T:20463

P:20463
T:20464

P:20464
T:20465

P:20465
T:20466

P:20466
T:20467

P:20467

FAIL 20468
  COND:#(PROGRAM-ERROR NIL)

FAIL 20469
  COND:#(PROGRAM-ERROR NIL)

FAIL 20470
  COND:#(PROGRAM-ERROR NIL)
T:20471

P:20471
T:20472

P:20472
T:20473

P:20473
T:20474

P:20474
T:20475

P:20475
T:20476

P:20476
T:20477

P:20477
T:20478

P:20478
T:20479

P:20479
T:20480

P:20480
T:20481

P:20481
T:20482

P:20482
T:20483

P:20483
T:20484

P:20484
T:20485

P:20485
T:20486

P:20486
T:20487

P:20487
T:20488

P:20488
T:20489

P:20489
T:20490

P:20490
T:20491

P:20491
T:20492

P:20492
T:20493

P:20493
T:20494

P:20494
T:20495

P:20495
T:20496

P:20496
T:20497

P:20497
T:20498

P:20498
T:20499

P:20499
T:20500

P:20500
T:20501

P:20501
T:20502

P:20502
T:20503

P:20503
T:20504

P:20504
T:20505

P:20505
T:20506

P:20506
T:20507

P:20507
T:20508

P:20508
T:20509

P:20509
T:20510

P:20510
T:20511

P:20511
T:20512

P:20512
T:20513

P:20513
T:20514

P:20514
T:20515

P:20515
T:20516

P:20516
T:20517

P:20517
T:20518

P:20518
T:20519

P:20519
T:20520

P:20520
T:20521

P:20521
T:20522

P:20522
T:20523

P:20523
T:20524

P:20524
T:20525

P:20525
T:20526

P:20526

1056/1082 DONE
