ANSI-TEST

P:57001

P:57002

P:57003

P:57120

P:57200

P:57300

P:3001

P:3002

P:3003

P:3004

P:3005

P:3091

P:3092

P:3110

P:3111

P:3093

P:3094

P:3095

P:3096

P:3097

P:1399

P:1401

P:1402

P:1403

P:1404

P:1405

P:1410

P:1411

P:1412

P:1413

P:1415

P:1416

P:1417

P:1418

P:1420

P:1421

P:1425

P:1426

P:1427

P:1428

P:1428

P:1429

P:1429

P:1430

P:1431

P:1433

P:1434

P:1435

P:1436

P:1440

P:1441

P:1442

P:1443

P:1501

P:1502

P:1503

P:1504

P:1505

P:1510

P:1511

P:1512

P:1520

P:1521

P:1530

P:1531

P:1532

P:1540

P:1541

P:1542

P:1543

P:1550

P:1551

P:1552

P:1560

P:1561

P:1562

P:1570

P:1571

P:1200

P:1201

P:1202

P:1203

P:1204

P:1205

P:1210

P:1211

P:1212

P:1220

P:1221

P:1222

P:1223

P:1230

P:1231

P:1232

P:1235

P:1236

P:1237

P:1240

P:1241

P:1242

P:1243

P:1250

P:1251

P:1252

P:1255

P:1256

P:1257

P:1260

P:1261

P:1262

P:1265

P:1266

P:1267

P:1270

P:1271

P:1272

P:1275

P:1276

P:1280

P:1281

P:1282

P:1300

P:1301

P:1302

P:1305

P:1306

P:1307

P:1310

P:1311

P:1312

P:1315

P:1316

P:1317

P:1318

P:1320

P:1321

P:500

P:501

P:502

P:503

P:510

P:511

P:515

P:516

P:520

P:521

P:522

P:530

P:531

P:532

P:533

P:534

P:540

P:541

P:542

P:543

P:544

P:550

P:551

P:552

P:553

P:600

P:601

P:602

P:610

P:611

P:620

P:625

P:650

P:651

P:670

P:671

P:672

P:700

P:701

P:702

P:710

P:711

P:712

P:713

P:1000

P:1001

P:1002

P:1010

P:1011

P:1700

P:1701

P:1702

P:1703

P:1704

P:1710

P:1711

P:1712

P:1720

P:1721

P:1722

P:1800

P:1801

P:1802

P:1810

P:1811

P:1812

P:1900

P:1901

P:1910

P:1915

P:2000

P:2099

P:2098

P:2001

P:2002

P:2010

P:2011

P:2012

P:2020

P:2021

P:2022

P:2030

P:2031

P:2040

P:2041

P:2050

P:2060

P:2070

P:2080

P:750

P:751

P:752

P:753

P:754

P:755

P:2100

P:2101

P:2102

P:2110

P:2111

P:2120

P:2121

P:2130

P:2131

P:2132

P:2150

P:2151

P:2160

P:2161

P:2162

P:2170

P:2171

P:2180

P:2250

P:2251

P:2260

P:2261

P:2262

P:2263

P:2270

P:2271

P:2275

P:2280

P:2281

P:2300

P:2301

P:2302
T:2300

P:2300
T:2301

P:2301
T:2302

P:2302
T:2380

P:2380
T:2381

P:2381
T:2382

P:2382
T:2383

P:2383
T:2384

P:2384
T:2385

P:2385
T:2386

P:2386
T:2387

P:2387
T:2388

P:2388
T:3900

P:3900
T:3901

P:3901
T:3902

P:3902
T:3903

P:3903
T:3904

P:3904
T:3905

P:3905
T:3906

P:3906
T:3907

P:3907
T:3908

P:3908
T:3909

P:3909
T:3910

P:3910
T:3911

P:3911
T:3912

P:3912
T:3913

P:3913
T:3914

P:3914
T:3915

P:3915
T:3916

P:3916
T:3917

P:3917
T:3918

P:3918
T:3919

P:3919
T:3920

P:3920
T:3921

P:3921
T:3922

P:3922
T:3923

P:3923
T:3924

P:3924
T:3925

P:3925
T:3926

P:3926
hello
P:2200
42
P:2201
42
P:2202
1 2 3
P:2203
(1 . 2)
P:2204
NIL
P:2205


P:2206
T:2210

P:2210
T:2211

P:2211
T:2212

P:2212

P:2400

P:2401

P:2402

P:2403

P:2450

FAIL 2700

P:2701

FAIL 2702

P:2703

P:2710

P:2711

P:2712

P:2713

P:2714

P:2600

P:2601

P:2610

P:2620

P:2621

P:2630

P:2631

P:2500

P:2501

P:2502

P:2503

P:2504

P:2400

P:2402

P:2403

P:2404
T:99999

P:99999

P:2405

P:2406

P:NIL

P:2407

P:2408

P:2409

P:2410

P:2411

P:2412

P:2413

P:2416

P:8240

P:8241

P:8242

P:8243

P:8244

P:8245

P:8246

P:8247

P:8248

P:8249

P:8250

P:8251

P:8252

P:8253

P:8254

P:8255

P:8320

P:8321

P:8327

P:8328

P:8329

P:8330

P:8331

P:8332

P:8333

P:8334

P:8335

P:8336

P:8337

P:8338

P:8339

P:8340

P:8341

P:8342

P:8343

P:8344

P:8322

P:8323

P:8324

P:8325

P:8326

P:8180

P:8181

P:8182
  Handler-stack helpers emitted (push/pop)
  Handler-stack helpers emitted (push/pop)
  Handler-stack helpers emitted (push/pop)

P:8183
  Handler-stack helpers emitted (push/pop)

P:8184

P:8185
  Handler-stack helpers emitted (push/pop)
  Handler-stack helpers emitted (push/pop)

P:8186

P:8420

P:8427

P:8428

P:8429
T:8401

P:8401
T:8402

P:8402
T:8300

P:8300
T:8301

P:8301
T:8302

P:8302
T:8303

P:8303
T:8304

P:8304
T:8305

P:8305
T:8306

P:8306
T:8307

P:8307
T:8308

P:8308
T:8309

P:8309
T:8310

P:8310
T:8311

P:8311
T:8312

P:8312

P:9000

P:9001

P:8780

P:8781

P:8782

P:8783

P:8784
  Handler-stack helpers emitted (push/pop)

P:8640

P:8641

P:8642

P:8643

P:8644

P:8645

P:8646
  Handler-stack helpers emitted (push/pop)

P:8690

P:8692

P:8697

P:8698
  Handler-stack helpers emitted (push/pop)

P:8699
  Handler-stack helpers emitted (push/pop)
  Handler-stack helpers emitted (push/pop)

P:8684
  Handler-stack helpers emitted (push/pop)

P:8685
  Handler-stack helpers emitted (push/pop)

P:8686
  Handler-stack helpers emitted (push/pop)

P:8687
  Handler-stack helpers emitted (push/pop)
  Handler-stack helpers emitted (push/pop)
  Handler-stack helpers emitted (push/pop)

P:8679
  Handler-stack helpers emitted (push/pop)
  Handler-stack helpers emitted (push/pop)
  Handler-stack helpers emitted (push/pop)

P:8681
  Handler-stack helpers emitted (push/pop)
  Handler-stack helpers emitted (push/pop)

P:8682
  Handler-stack helpers emitted (push/pop)
  Handler-stack helpers emitted (push/pop)

P:8683
  Handler-stack helpers emitted (push/pop)

P:8694
  Handler-stack helpers emitted (push/pop)
  Handler-stack helpers emitted (push/pop)

P:8696

P:8660

FAIL 8661

P:8662

P:8663

P:8700

P:8701

P:8710

P:8711

P:8713

P:8714

P:8716
  Handler-stack helpers emitted (push/pop)

P:8980
  Handler-stack helpers emitted (push/pop)

P:8981

P:9700

P:9701

P:9702

P:9703

P:9704

P:9705

P:9706

P:9707

P:9708

P:9709

P:9710

P:9711

P:9712

P:9713

P:9714

P:9715

P:9716

P:9717

P:9718

P:9719

P:9720

P:9721

P:9722

P:9723

P:9724

P:9725

P:9726

P:9727

P:9728

P:9729

P:9730

P:9731

P:9732

P:9733

P:9287

P:9288

P:9289

P:9290

P:9291

P:9292

P:9293

P:9294

P:8840

P:8841

P:8842

P:8843

P:8844

P:8845

P:8846

P:8847

P:8848

P:8849

P:8850

P:8851

P:8852

P:8853

P:8854

P:8855

P:8856

P:8857

P:8858

P:8859

P:8860
  Handler-stack helpers emitted (push/pop)

P:8861
  Handler-stack helpers emitted (push/pop)

P:8862
  Handler-stack helpers emitted (push/pop)

P:8863

P:9752

P:9760

P:9761

P:9762

FAIL 9763

P:9010

P:9020

P:9030

P:9031

P:9032

P:9033

P:9034

P:9035

P:9036

P:9037

P:9038

P:9901

P:9902

P:9903

P:9904

P:9905

P:9906

P:9907

P:9910

P:9911

P:9912

P:9920

P:9921

P:9922

P:9930

P:9931

P:9932

P:9933

P:9934
T:9935

P:9935

P:9936

P:9937

P:9938

P:9939

P:9980

P:9981

P:9982

P:9983

P:9940

P:9941

P:9942

P:9943

P:9944

P:9945

P:9946

P:9947

P:9948

P:9949

P:9950

P:9951

P:9952

FAIL 9960

P:9961

P:9962

P:9963

P:9964

P:9970

P:9971

P:9972

P:9480

P:9481

P:9482

P:9483

P:9484

P:9485

P:9486

P:9487

P:9488

P:9489

P:9801

P:9802

P:9803

P:9804

P:9811

P:9812

P:9813

P:9814

P:9815

P:9820

P:9821

P:9822

P:9823

P:9824

P:9831

P:9837

P:9838

P:9835

P:9836

P:9980

P:9982

P:9983

P:9997

P:9984

P:9985

P:9986

P:9987

P:9988

P:9989

P:9990

P:9991

P:9992

P:9993

P:9994

P:8720

P:8721

P:8722

P:9996

P:9998

P:9999

P:8620

P:8621

P:8622

P:8623

P:8624

P:8625

P:8626

P:8627

P:8628

P:8629

P:8640

P:8641

P:8642

P:8643
  Handler-stack helpers emitted (push/pop)
  Handler-stack helpers emitted (push/pop)

P:8650
  Handler-stack helpers emitted (push/pop)
  Handler-stack helpers emitted (push/pop)

P:8651
  Handler-stack helpers emitted (push/pop)
  Handler-stack helpers emitted (push/pop)

P:8652
  Handler-stack helpers emitted (push/pop)
  Handler-stack helpers emitted (push/pop)

P:8653
T:9560

P:9560
T:9561

P:9561
T:9565

P:9565
T:9566

P:9566
  Handler-stack helpers emitted (push/pop)
T:9562

P:9562
T:9563

P:9563
  Handler-stack helpers emitted (push/pop)
T:9564

P:9564
  Handler-stack helpers emitted (push/pop)
T:9570

P:9570
T:9571

P:9571
  Handler-stack helpers emitted (push/pop)
T:9572

P:9572
T:9574

P:9574
T:9575

P:9575
  Handler-stack helpers emitted (push/pop)
  Handler-stack helpers emitted (push/pop)
T:9573

FAIL 9573 GOT:(NIL A NIL) EXP:(0 A A)
T:9120

P:9120
T:9121

P:9121
T:9122

P:9122
T:9123

P:9123
T:9124

P:9124
T:9040

P:9040
T:9041

P:9041
T:9042

P:9042
T:9043

P:9043
T:9044

P:9044
T:9045

P:9045
T:9046

P:9046
T:9047

P:9047
T:9048

P:9048
T:9049

P:9049
T:9050

P:9050
T:9051

P:9051
T:9052

P:9052
T:9053

FAIL 9053 GOT:"X" EXP:T
T:9054

P:9054
T:9055

P:9055
T:9056

P:9056
T:9057

P:9057
  WARN: implicit global *READTABLE*
  Handler-stack helpers emitted (push/pop)
T:9520

P:9520
T:9521

P:9521
T:9522

P:9522
T:9524

P:9524
T:9526

FAIL 9526 GOT:NIL EXP:GOOD
T:9525

P:9525
T:9523

FAIL 9523 GOT:CRASHED EXP:GOOD
  Handler-stack helpers emitted (push/pop)
  WARN: implicit global *CATCH-ACTIVE*
  WARN: implicit global *CURRENT-CONDITION*
  Handler-stack helpers emitted (push/pop)
T:8440

P:8440
  Handler-stack helpers emitted (push/pop)
  WARN: implicit global *CATCH-ACTIVE*
  WARN: implicit global *CURRENT-CONDITION*
  Handler-stack helpers emitted (push/pop)
T:8441

P:8441
  Handler-stack helpers emitted (push/pop)
  WARN: implicit global *CATCH-ACTIVE*
  WARN: implicit global *CURRENT-CONDITION*
  Handler-stack helpers emitted (push/pop)
T:8442

P:8442
  WARN: implicit global *CURRENT-CONDITION*
  WARN: implicit global *CATCH-ACTIVE*
  WARN: implicit global *CATCH-TAG*
  WARN: implicit global *CATCH-VALUE*
  Handler-stack helpers emitted (push/pop)
  WARN: implicit global *CATCH-ACTIVE*
  WARN: implicit global *CURRENT-CONDITION*
  Handler-stack helpers emitted (push/pop)
T:8443

P:8443
  Handler-stack helpers emitted (push/pop)
T:8444

P:8444
  Handler-stack helpers emitted (push/pop)
T:8445

P:8445
  WARN: implicit global *CATCH-ACTIVE*
  WARN: implicit global *CURRENT-CONDITION*
  Handler-stack helpers emitted (push/pop)
  Handler-stack helpers emitted (push/pop)
T:8446

P:8446
  Handler-stack helpers emitted (push/pop)
T:8447

P:8447
  WARN: implicit global *CATCH-ACTIVE*
  WARN: implicit global *CURRENT-CONDITION*
  Handler-stack helpers emitted (push/pop)
T:8500

P:8500
  WARN: implicit global *CATCH-ACTIVE*
  WARN: implicit global *CURRENT-CONDITION*
  Handler-stack helpers emitted (push/pop)
T:8501

P:8501
  WARN: cannot compile #<?>, using nil
  WARN: cannot compile #<?>, using nil
  WARN: implicit global setq *CATCH-TAG*
  WARN: implicit global setq *CATCH-VALUE*
  WARN: implicit global setq *CATCH-ACTIVE*
  WARN: implicit global *CURRENT-CONDITION*
  Handler-stack helpers emitted (push/pop)
T:8502

P:8502
  WARN: implicit global *CATCH-ACTIVE*
  WARN: implicit global *CURRENT-CONDITION*
  Handler-stack helpers emitted (push/pop)
T:8503

P:8503
  WARN: implicit global *CATCH-ACTIVE*
  WARN: implicit global *CURRENT-CONDITION*
  Handler-stack helpers emitted (push/pop)
T:8504

P:8504
  Handler-stack helpers emitted (push/pop)
T:9539

P:9539
T:9160

P:9160
T:9161

P:9161
T:9162

P:9162
T:9163

P:9163
T:9164

P:9164
T:9165

P:9165
T:9166

P:9166
T:9167

P:9167
T:9168

P:9168
T:9169

P:9169
T:8880

P:8880
T:8881

P:8881
T:8882

P:8882
T:8883

P:8883
T:8884

P:8884
T:8887

P:8887
T:8820

P:8820
T:8821

P:8821
T:8822

P:8822
T:8823

P:8823
T:8824

P:8824
T:8260

P:8260
T:8261

P:8261
T:8262

P:8262
T:8263

P:8263
T:8264

P:8264
T:8265

P:8265
T:8266

P:8266
T:8267

P:8267
T:8270

P:8270
T:8271

P:8271
T:8272

P:8272
T:8273

P:8273
T:8275

P:8275
T:8200

P:8200
T:8201

P:8201
T:8202

P:8202
T:8203

P:8203
T:8204

P:8204
T:8205

P:8205
T:8206

P:8206
T:8207

P:8207
T:9180

P:9180
T:9181

P:9181
T:9182

P:9182
T:9183

P:9183
T:9184

P:9184
T:9185

P:9185
T:9186

P:9186
T:9187

P:9187
T:9188

P:9188
T:9189

P:9189
T:9190

P:9190
T:9191

P:9191
T:9192

P:9192
T:9193

P:9193
T:9194

P:9194
T:9195

P:9195
T:9196

P:9196
T:9197

P:9197
T:9198

P:9198
T:9199

P:9199
T:9200

P:9200
T:9201

P:9201
T:9202

P:9202
T:9203

P:9203
T:9204

P:9204
T:9205

P:9205
T:9206

P:9206
T:9207

P:9207
T:9208

P:9208
T:9209

P:9209
T:9210

FAIL 9210 GOT:(QUOTE X) EXP:(QUOTE X)
T:9211

FAIL 9211 GOT:BACKQUOTE EXP:QUASIQUOTE
T:9212

P:9212
T:9213

FAIL 9213 GOT:(A (B C) D) EXP:(A (B C) D)
T:9214

P:9214
T:9215

P:9215
T:9216

P:9216
T:9217

P:9217
  Handler-stack helpers emitted (push/pop)
T:9218

P:9218
T:9219

P:9219
T:9220

P:9220
T:9221

P:9221
T:9222

P:9222
T:9223

P:9223
T:9224

P:9224
T:9225

P:9225
T:9226

P:9226
T:9227

P:9227
T:9228

P:9228
T:9229

P:9229
T:9230

P:9230
T:9231

P:9231
T:9232

P:9232
T:9233

P:9233
T:9234

P:9234
T:9235

P:9235
T:9236

P:9236
T:9237

P:9237
T:9238

P:9238
T:9239

P:9239
T:9240

P:9240
T:9241

P:9241
T:9242

P:9242
T:9243

P:9243
T:9244

P:9244
T:9245

P:9245
T:9246

P:9246
T:9247

P:9247
T:9248

P:9248
T:9249

P:9249
T:9250

P:9250
T:9251

P:9251
T:9252

P:9252
T:9253

P:9253
T:9254

P:9254
T:9255

P:9255
T:9256

P:9256
T:9257

P:9257
T:9258

P:9258
T:9259

P:9259
T:9260

FAIL 9260 GOT:NIL EXP:GOOD
T:9261

FAIL 9261 GOT:NIL EXP:GOOD
T:9262

FAIL 9262 GOT:NIL EXP:1
T:9263

FAIL 9263 GOT:NIL EXP:2
T:9264

P:9264
  Handler-stack helpers emitted (push/pop)
T:9265

P:9265
T:9266

P:9266
T:9267

FAIL 9267 GOT:NIL EXP:(T aZ)
T:9268

FAIL 9268 GOT:NIL EXP:GOOD
T:9540

P:9540
T:9541

P:9541
T:9542

P:9542

T:9543

P:9543
T:9544

P:9544
T:9545

P:9545
T:9546

P:9546
T:9200

P:9200
T:9204

P:9204
T:9205

P:9205
T:9210

P:9210
T:9211

P:9211
T:9232

P:9232
T:9233

P:9233
T:9234

P:9234
T:9237

P:9237
T:9213

P:9213
T:9214

P:9214
T:9215

P:9215
T:9206

P:9206
T:9207

P:9207
T:9208

P:9208
T:9260

P:9260
T:9261

P:9261
T:9262

P:9262
T:9263

P:9263
T:9264

P:9264
T:9265

P:9265
T:9266

P:9266
T:9267

P:9267

P:5001

P:5002

P:5010

P:5011

P:5012

P:5013

P:5014

P:5020

P:5021

P:5022

P:5030

P:5031

P:5040

P:5041

P:5042

P:5050

P:5051

P:5060

P:5061

P:5062

P:5070

P:5071

P:5072

P:5080

P:5081

P:5090

P:5095

P:5100

P:5110

P:5120

P:5125

P:5130

P:5140

P:5141

P:5142

P:5143

P:5150

P:5151

P:5160

P:5170

P:5171

P:5180

P:5190

P:5200

P:5210

P:5220

P:5230

P:5231

P:5240

P:5241

P:5250

P:5260

P:5270

P:5271

P:5500

P:5501

P:5502

P:5510

P:5511

P:5512

P:5513

P:5514

P:5520

P:5521

P:5522

P:5523

P:5524

P:5525

P:5530

P:5531

P:5540

P:5541

P:5542

P:5550

P:5551

P:5560

P:5561

P:5570

P:5571

P:5572

P:5580

P:5581

P:5582

P:5583

P:5590

P:5591

P:5592

P:5593

P:5594

P:5595

P:5600

P:5601

P:5602

P:5603

P:5604

P:5605

P:5606

P:5607

P:5608

P:5609

P:56200

P:56201

P:56202

P:56203

P:56204

P:56250

P:56260

P:56261

P:56262

P:56263

P:56264

P:56265

P:56266
OPEN-OK;
P:56300
READ-OK;
P:56301
  Handler-stack helpers emitted (push/pop)
EVAL-LITERAL-OK;
P:56302
  Handler-stack helpers emitted (push/pop)
S4A-CALL;S4A-OK;
P:56303
READ-CAR=WRITE-STRING-SERIAL;  Handler-stack helpers emitted (push/pop)
PROBE-1-LOADED;S4B-OK;
P:56304
  Handler-stack helpers emitted (push/pop)
S5-EVAL-LIST=OK;
P:56305
  Handler-stack helpers emitted (push/pop)
S6-FORMAT=X=42;
P:56306
BEFORE-LOAD;  Handler-stack helpers emitted (push/pop)
AFTER-LOAD;BOUNDP=T;VAL=X=42;
P:56307
SUITE-WROTE;F1-OP=DEFVAR;  Handler-stack helpers emitted (push/pop)
F1-OK;F2-OP=DEFUN;  WARN: implicit global *PROBE-SUITE-ENTRIES*
  Handler-stack helpers emitted (push/pop)
F2-OK;F3-OP=DEFMACRO;  Handler-stack helpers emitted (push/pop)
  Handler-stack helpers emitted (push/pop)
F3-OK;F4-OP=PROBE-DEFTEST;  Handler-stack helpers emitted (push/pop)
F4-OK;F5-OP=PROBE-DEFTEST;  Handler-stack helpers emitted (push/pop)
F5-OK;ALL-FORMS-OK;ENTRIES-BOUND=T;
P:56308

P:56309

P:56310

P:56311

P:56312

P:56320

FAIL 56321

P:56322

P:56323

P:56324
CL-EXTERNAL-COUNT=978;
P:56330
FIND-CAR=EXTERNAL;
P:56331
DES-COUNT=978;
P:56332

P:56333

P:56334

P:56400

P:56401

P:56402

P:56403

P:56404

P:56405

P:56406

P:56407

P:56410

P:56411

P:56412
  Handler-stack helpers emitted (push/pop)

P:56413

P:56414

P:56415

P:56420

P:56421

P:56422

P:56423

P:56424

P:56430

FAIL 56431

P:56432

FAIL 56433

FAIL 56434

FAIL 56435

P:56440

P:56441

P:56442

P:56443

P:56444

P:56445

P:56446

P:56447

P:56450

P:56448

P:56449

P:56451

P:56460

P:56461

P:56462

P:56463

P:56464

P:56470

P:56471

P:56472

P:56473

P:56474

P:56475

P:56476

FAIL 56480

FAIL 56481

FAIL 56482

FAIL 56483

FAIL 56484

FILE-READ:(A B C)

FAIL 56485

FAIL 56486

FAIL 56487

FAIL 56488
  Handler-stack helpers emitted (push/pop)
  Handler-stack helpers emitted (push/pop)
  Handler-stack helpers emitted (push/pop)
  Handler-stack helpers emitted (push/pop)
  Handler-stack helpers emitted (push/pop)
  Handler-stack helpers emitted (push/pop)
  Handler-stack helpers emitted (push/pop)

P:56490

FAIL 56491

FAIL 56492

FAIL 56493

P:5610

P:5611

P:5615

P:5620

P:5621

P:5622

P:5623

P:5624

P:5630

P:5631

FAIL 5640

P:5690

P:5691

P:5692

P:5693

ANSI-TOTAL=17625
T:26894

P:26894
T:26895

P:26895
T:26896

P:26896
T:26897

P:26897
T:26898

P:26898
T:26899

P:26899
T:26900

P:26900
T:26901

P:26901
T:26902

P:26902
T:26903

P:26903
T:26904

P:26904
T:26905

P:26905
T:26906

P:26906
T:26907

P:26907
T:26908

P:26908
T:26909

P:26909
T:26910

P:26910
T:26911

P:26911
T:26912

P:26912
T:26913

P:26913
T:26914

P:26914
T:26915

P:26915
T:26916

P:26916
T:26917

P:26917
T:26918

P:26918
T:26919

P:26919
T:26920

P:26920
T:26921

P:26921
T:26922

P:26922
T:26923

P:26923
T:26924

P:26924
T:26925

P:26925
T:26926

P:26926
T:26927

P:26927
T:26928

P:26928
T:26929

P:26929
T:26930

P:26930
T:26931

P:26931
T:26932

P:26932
T:26933

P:26933
T:26934

P:26934
T:26935

P:26935
T:26936

P:26936
T:26937

P:26937
T:26938

P:26938
T:26939

P:26939
T:26940

P:26940
T:26941

P:26941
T:26942

P:26942
T:26943

P:26943
T:26944

P:26944

FAIL 26945
  COND:#(SIMPLE-ERROR ((FORMAT-CONTROL . "make-instance: invalid initarg ~S") (FORMAT-ARGUMENTS NIL)))
T:26946

P:26946
T:26947

P:26947
T:26948

P:26948
T:26949

P:26949
T:26950

P:26950
T:26951

P:26951
T:26952

P:26952
T:26953

P:26953
T:26954

P:26954
T:26955

P:26955
T:26956

P:26956
T:26957

P:26957
T:26958

P:26958
T:26959

P:26959
T:26960

P:26960
T:26961

P:26961
T:26962

P:26962
T:26963

P:26963
T:26964

P:26964
T:26965

P:26965
T:26966

P:26966
T:26967

P:26967
T:26968

P:26968
T:26969

P:26969
T:26970

P:26970
T:26971

P:26971
T:26972

P:26972
T:26973

P:26973
T:26974

P:26974
T:26975

P:26975
T:26976

P:26976
T:26977

P:26977
T:26978

P:26978
T:26979

P:26979
T:26980

P:26980
T:26981

P:26981
T:26982

P:26982
T:26983

P:26983
T:26984

P:26984
T:26985

P:26985
T:26986

P:26986
T:26987

P:26987
T:26988

P:26988

FAIL 26989
  COND:#(UNBOUND-SLOT ((NAME . S1-26) (INSTANCE . #(%CLOS-INSTANCE CLASS-26 -999))))
T:26990

FAIL 26990 GOT:(NIL T NIL T NIL T NIL T) EXP:(T T T T T T T T)
T:26991

P:26991
T:26992

P:26992
T:26993

P:26993
T:26994

P:26994
T:26995

P:26995
T:26996

P:26996
T:26997

P:26997
T:26998

P:26998
T:26999

P:26999
T:27000

P:27000
T:27001

P:27001
T:27002

P:27002
T:27003

P:27003
T:27004

P:27004
T:27005

P:27005
T:27006

P:27006
T:27007

P:27007
T:27008

P:27008
T:27009

P:27009
T:27010

P:27010
T:27011

P:27011
T:27012

P:27012
T:27013

P:27013
T:27014

P:27014
T:27015

P:27015
T:27016

P:27016
T:27017

P:27017
T:27018

P:27018
T:27019

P:27019
T:27020

P:27020
T:27021

P:27021
T:27022

P:27022
T:27023

P:27023
T:27024

P:27024
T:27025

P:27025
T:27026

P:27026
T:27027

P:27027
T:27028

P:27028
T:27029

P:27029
T:27030

P:27030
T:27031

P:27031
T:27032

P:27032
T:27033

P:27033
T:27034

P:27034
T:27035

P:27035
T:27036

P:27036
T:27037

P:27037
T:27038

P:27038
T:27039

P:27039
T:27040

P:27040
T:27041

P:27041
T:27042

P:27042
T:27043

P:27043
T:27044

P:27044
T:27045

FAIL 27045 GOT:(NIL X Y X X X X X) EXP:(NIL X Y X X X X Y)
T:27046

FAIL 27046 GOT:(NIL X Y X X X X X) EXP:(NIL X Y X X X X Y)
T:27047

P:27047
T:27048

P:27048
T:27049

FAIL 27049 GOT:(T T NIL NIL) EXP:(T NIL T NIL)
T:27050

FAIL 27050 GOT:(T T NIL NIL CLASS-0310B CLASS-0310B) EXP:(T NIL T NIL CLASS-0310B CLASS-0310A)
T:27051

FAIL 27051 GOT:(NIL NIL T T CLASS-0311 CLASS-0311 NIL T) EXP:(T NIL T NIL CLASS-0311 CLASS-0311 NIL T)
T:27052

P:27052
T:27053

P:27053
T:27054

P:27054
T:27055

P:27055
T:27056

P:27056
T:27057

P:27057
T:27058

P:27058
T:27059

P:27059
T:27060

P:27060
T:27061

P:27061
T:27062

P:27062
T:27063

FAIL 27063 GOT:NIL EXP:T
T:27064

FAIL 27064 GOT:NIL EXP:T
T:27065

P:27065
T:27066

P:27066
T:27067

P:27067
T:27068

P:27068
T:27069

P:27069
T:27070

P:27070
T:27071

P:27071
T:27072

FAIL 27072 GOT:NIL EXP:T
  WARN: implicit global *CATCH-ACTIVE*
  WARN: implicit global *CURRENT-CONDITION*
  Handler-stack helpers emitted (push/pop)
T:27073

FAIL 27073 GOT:NIL EXP:T
T:27074

P:27074
T:27075

P:27075
  Handler-stack helpers emitted (push/pop)
  Handler-stack helpers emitted (push/pop)
T:27076

P:27076
  Handler-stack helpers emitted (push/pop)
  Handler-stack helpers emitted (push/pop)
  Handler-stack helpers emitted (push/pop)
T:27077

P:27077
  Handler-stack helpers emitted (push/pop)
  Handler-stack helpers emitted (push/pop)
  Handler-stack helpers emitted (push/pop)
T:27078

FAIL 27078 GOT:8 EXP:GOOD
  Handler-stack helpers emitted (push/pop)
  Handler-stack helpers emitted (push/pop)
  Handler-stack helpers emitted (push/pop)
  Handler-stack helpers emitted (push/pop)
  Handler-stack helpers emitted (push/pop)
T:27079

FAIL 27079 GOT:#(%CLOS-INSTANCE G4130) EXP:GOOD

FILE-WEDGE FILE=defclass FIRST=27080 LAST=27079 REASON=zero-tests
T:27080

P:27080
T:27081

P:27081
T:27082

P:27082
T:27083

P:27083
T:27084

P:27084
T:27085

P:27085
T:27086

P:27086
T:27087

P:27087
T:27088

P:27088
T:27089

P:27089
T:27090

P:27090
T:27091

P:27091
T:27092

P:27092
T:27093

P:27093
T:27094

P:27094
T:27095

P:27095
T:27096

P:27096
T:27097

P:27097
T:27098

P:27098
T:27099

P:27099
T:27100

P:27100
T:27101

P:27101
T:27102

P:27102
T:27103

P:27103
T:27104

P:27104

FILE-WEDGE FILE=defgeneric-method-combination-aux FIRST=27105 LAST=27104 REASON=zero-tests
T:27105

P:27105
T:27106

P:27106
T:27107

P:27107
T:27108

P:27108
T:27109

P:27109
T:27110

P:27110
T:27111

P:27111
T:27112

P:27112
T:27113

P:27113
T:27114

P:27114
T:27115

P:27115
T:27116

P:27116
T:27117

P:27117
T:27118

P:27118
T:27119

P:27119
T:27120

P:27120
T:27121

P:27121
T:27122

P:27122
T:27123

P:27123
T:27124

P:27124
T:27125

P:27125
T:27126

P:27126
T:27127

P:27127
T:27128

P:27128
T:27129

P:27129
T:27130

P:27130
T:27131

P:27131
T:27132

P:27132
T:27133

P:27133
T:27134

P:27134
T:27135

P:27135
T:27136

P:27136
T:27137

P:27137
T:27138

P:27138
T:27139

P:27139
T:27140

P:27140
T:27141

P:27141
T:27142

P:27142
T:27143

P:27143
T:27144

P:27144
T:27145

P:27145
T:27146

P:27146
T:27147

P:27147
T:27148

P:27148
T:27149

P:27149
T:27150

P:27150
T:27151

P:27151
T:27152

P:27152
T:27153

P:27153
T:27154

P:27154
T:27155

P:27155
T:27156

P:27156
T:27157

P:27157
T:27158

P:27158
T:27159

P:27159
T:27160

P:27160
T:27161

P:27161
T:27162

P:27162
T:27163

P:27163
T:27164

P:27164
T:27165

P:27165
T:27166

P:27166
T:27167

P:27167
T:27168

P:27168
T:27169

P:27169
T:27170

P:27170
T:27171

P:27171
T:27172

P:27172
T:27173

P:27173
T:27174

P:27174

1056/1082 DONE
