ANSI-TEST

P:57001

P:57002

P:57003

P:57120

P:57200

P:57300

P:3001

P:3002

P:3003

P:3004

P:3005

P:3091

P:3092

P:3110

P:3111

P:3093

P:3094

P:3095

P:3096

P:3097

P:1399

P:1401

P:1402

P:1403

P:1404

P:1405

P:1410

P:1411

P:1412

P:1413

P:1415

P:1416

P:1417

P:1418

P:1420

P:1421

P:1425

P:1426

P:1427

P:1428

P:1428

P:1429

P:1429

P:1430

P:1431

P:1433

P:1434

P:1435

P:1436

P:1440

P:1441

P:1442

P:1443

P:1501

P:1502

P:1503

P:1504

P:1505

P:1510

P:1511

P:1512

P:1520

P:1521

P:1530

P:1531

P:1532

P:1540

P:1541

P:1542

P:1543

P:1550

P:1551

P:1552

P:1560

P:1561

P:1562

P:1570

P:1571

P:1200

P:1201

P:1202

P:1203

P:1204

P:1205

P:1210

P:1211

P:1212

P:1220

P:1221

P:1222

P:1223

P:1230

P:1231

P:1232

P:1235

P:1236

P:1237

P:1240

P:1241

P:1242

P:1243

P:1250

P:1251

P:1252

P:1255

P:1256

P:1257

P:1260

P:1261

P:1262

P:1265

P:1266

P:1267

P:1270

P:1271

P:1272

P:1275

P:1276

P:1280

P:1281

P:1282

P:1300

P:1301

P:1302

P:1305

P:1306

P:1307

P:1310

P:1311

P:1312

P:1315

P:1316

P:1317

P:1318

P:1320

P:1321

P:500

P:501

P:502

P:503

P:510

P:511

P:515

P:516

P:520

P:521

P:522

P:530

P:531

P:532

P:533

P:534

P:540

P:541

P:542

P:543

P:544

P:550

P:551

P:552

P:553

P:600

P:601

P:602

P:610

P:611

P:620

P:625

P:650

P:651

P:670

P:671

P:672

P:700

P:701

P:702

P:710

P:711

P:712

P:713

P:1000

P:1001

P:1002

P:1010

P:1011

P:1700

P:1701

P:1702

P:1703

P:1704

P:1710

P:1711

P:1712

P:1720

P:1721

P:1722

P:1800

P:1801

P:1802

P:1810

P:1811

P:1812

P:1900

P:1901

P:1910

P:1915

P:2000

P:2099

P:2098

P:2001

P:2002

P:2010

P:2011

P:2012

P:2020

P:2021

P:2022

P:2030

P:2031

P:2040

P:2041

P:2050

P:2060

P:2070

P:2080

P:750

P:751

P:752

P:753

P:754

P:755

P:2100

P:2101

P:2102

P:2110

P:2111

P:2120

P:2121

P:2130

P:2131

P:2132

P:2150

P:2151

P:2160

P:2161

P:2162

P:2170

P:2171

P:2180

P:2250

P:2251

P:2260

P:2261

P:2262

P:2263

P:2270

P:2271

P:2275

P:2280

P:2281

P:2300

P:2301

P:2302
T:2300

P:2300
T:2301

P:2301
T:2302

P:2302
T:2380

P:2380
T:2381

P:2381
T:2382

P:2382
T:2383

P:2383
T:2384

P:2384
T:2385

P:2385
T:2386

P:2386
T:2387

P:2387
T:2388

P:2388
T:3900

P:3900
T:3901

P:3901
T:3902

P:3902
T:3903

P:3903
T:3904

P:3904
T:3905

P:3905
T:3906

P:3906
T:3907

P:3907
T:3908

P:3908
T:3909

P:3909
T:3910

P:3910
T:3911

P:3911
T:3912

P:3912
T:3913

P:3913
T:3914

P:3914
T:3915

P:3915
T:3916

P:3916
T:3917

P:3917
T:3918

P:3918
T:3919

P:3919
T:3920

P:3920
T:3921

P:3921
T:3922

P:3922
T:3923

P:3923
T:3924

P:3924
T:3925

P:3925
T:3926

P:3926
hello
P:2200
42
P:2201
42
P:2202
1 2 3
P:2203
(1 . 2)
P:2204
NIL
P:2205


P:2206
T:2210

P:2210
T:2211

P:2211
T:2212

P:2212

P:2400

P:2401

P:2402

P:2403

P:2450

FAIL 2700

P:2701

FAIL 2702

P:2703

P:2710

P:2711

P:2712

P:2713

P:2714

P:2600

P:2601

P:2610

P:2620

P:2621

P:2630

P:2631

P:2500

P:2501

P:2502

P:2503

P:2504

P:2400

P:2402

P:2403

P:2404
T:99999

P:99999

P:2405

P:2406

P:NIL

P:2407

P:2408

P:2409

P:2410

P:2411

P:2412

P:2413

P:2416

P:8240

P:8241

P:8242

P:8243

P:8244

P:8245

P:8246

P:8247

P:8248

P:8249

P:8250

P:8251

P:8252

P:8253

P:8254

P:8255

P:8320

P:8321

P:8327

P:8328

P:8329

P:8330

P:8331

P:8332

P:8333

P:8334

P:8335

P:8336

P:8337

P:8338

P:8339

P:8340

P:8341

P:8342

P:8343

P:8344

P:8322

P:8323

P:8324

P:8325

P:8326

P:8180

P:8181

P:8182
  Handler-stack helpers emitted (push/pop)
  Handler-stack helpers emitted (push/pop)
  Handler-stack helpers emitted (push/pop)

P:8183
  Handler-stack helpers emitted (push/pop)

P:8184

P:8185
  Handler-stack helpers emitted (push/pop)
  Handler-stack helpers emitted (push/pop)

P:8186

P:8420

P:8427

P:8428

P:8429
T:8401

P:8401
T:8402

P:8402
T:8300

P:8300
T:8301

P:8301
T:8302

P:8302
T:8303

P:8303
T:8304

P:8304
T:8305

P:8305
T:8306

P:8306
T:8307

P:8307
T:8308

P:8308
T:8309

P:8309
T:8310

P:8310
T:8311

P:8311
T:8312

P:8312

P:9000

P:9001

P:8780

P:8781

P:8782

P:8783

P:8784
  Handler-stack helpers emitted (push/pop)

P:8640

P:8641

P:8642

P:8643

P:8644

P:8645

P:8646
  Handler-stack helpers emitted (push/pop)

P:8690

P:8692

P:8697

P:8698
  Handler-stack helpers emitted (push/pop)

P:8699
  Handler-stack helpers emitted (push/pop)
  Handler-stack helpers emitted (push/pop)

P:8684
  Handler-stack helpers emitted (push/pop)

P:8685
  Handler-stack helpers emitted (push/pop)

P:8686
  Handler-stack helpers emitted (push/pop)

P:8687
  Handler-stack helpers emitted (push/pop)
  Handler-stack helpers emitted (push/pop)
  Handler-stack helpers emitted (push/pop)

P:8679
  Handler-stack helpers emitted (push/pop)
  Handler-stack helpers emitted (push/pop)
  Handler-stack helpers emitted (push/pop)

P:8681
  Handler-stack helpers emitted (push/pop)
  Handler-stack helpers emitted (push/pop)

P:8682
  Handler-stack helpers emitted (push/pop)
  Handler-stack helpers emitted (push/pop)

P:8683
  Handler-stack helpers emitted (push/pop)

P:8694
  Handler-stack helpers emitted (push/pop)
  Handler-stack helpers emitted (push/pop)

P:8696

P:8660

FAIL 8661

P:8662

P:8663

P:8700

P:8701

P:8710

P:8711

P:8713

P:8714

P:8716
  Handler-stack helpers emitted (push/pop)

P:8980
  Handler-stack helpers emitted (push/pop)

P:8981

P:9700

P:9701

P:9702

P:9703

P:9704

P:9705

P:9706

P:9707

P:9708

P:9709

P:9710

P:9711

P:9712

P:9713

P:9714

P:9715

P:9716

P:9717

P:9718

P:9719

P:9720

P:9721

P:9722

P:9723

P:9724

P:9725

P:9726

P:9727

P:9728

P:9729

P:9730

P:9731

P:9732

P:9733

P:9287

P:9288

P:9289

P:9290

P:9291

P:9292

P:9293

P:9294

P:8840

P:8841

P:8842

P:8843

P:8844

P:8845

P:8846

P:8847

P:8848

P:8849

P:8850

P:8851

P:8852

P:8853

P:8854

P:8855

P:8856

P:8857

P:8858

P:8859

P:8860
  Handler-stack helpers emitted (push/pop)

P:8861
  Handler-stack helpers emitted (push/pop)

P:8862
  Handler-stack helpers emitted (push/pop)

P:8863

P:9752

P:9760

P:9761

P:9762

FAIL 9763

P:9010

P:9020

P:9030

P:9031

P:9032

P:9033

P:9034

P:9035

P:9036

P:9037

P:9038

P:9901

P:9902

P:9903

P:9904

P:9905

P:9906

P:9907

P:9910

P:9911

P:9912

P:9920

P:9921

P:9922

P:9930

P:9931

P:9932

P:9933

P:9934
T:9935

P:9935

P:9936

P:9937

P:9938

P:9939

P:9980

P:9981

P:9982

P:9983

P:9940

P:9941

P:9942

P:9943

P:9944

P:9945

P:9946

P:9947

P:9948

P:9949

P:9950

P:9951

P:9952

FAIL 9960

P:9961

P:9962

P:9963

P:9964

P:9970

P:9971

P:9972

P:9480

P:9481

P:9482

P:9483

P:9484

P:9485

P:9486

P:9487

P:9488

P:9489

P:9801

P:9802

P:9803

P:9804

P:9811

P:9812

P:9813

P:9814

P:9815

P:9820

P:9821

P:9822

P:9823

P:9824

P:9831

P:9837

P:9838

P:9835

P:9836

P:9980

P:9982

P:9983

P:9997

P:9984

P:9985

P:9986

P:9987

P:9988

P:9989

P:9990

P:9991

P:9992

P:9993

P:9994

P:8720

P:8721

P:8722

P:9996

P:9998

P:9999

P:8620

P:8621

P:8622

P:8623

P:8624

P:8625

P:8626

P:8627

P:8628

P:8629

P:8640

P:8641

P:8642

P:8643
  Handler-stack helpers emitted (push/pop)
  Handler-stack helpers emitted (push/pop)

P:8650
  Handler-stack helpers emitted (push/pop)
  Handler-stack helpers emitted (push/pop)

P:8651
  Handler-stack helpers emitted (push/pop)
  Handler-stack helpers emitted (push/pop)

P:8652
  Handler-stack helpers emitted (push/pop)
  Handler-stack helpers emitted (push/pop)

P:8653
T:9560

P:9560
T:9561

P:9561
T:9565

P:9565
T:9566

P:9566
  Handler-stack helpers emitted (push/pop)
T:9562

P:9562
T:9563

P:9563
  Handler-stack helpers emitted (push/pop)
T:9564

P:9564
  Handler-stack helpers emitted (push/pop)
T:9570

P:9570
T:9571

P:9571
  Handler-stack helpers emitted (push/pop)
T:9572

P:9572
T:9574

P:9574
T:9575

P:9575
  Handler-stack helpers emitted (push/pop)
  Handler-stack helpers emitted (push/pop)
T:9573

FAIL 9573 GOT:(NIL A NIL) EXP:(0 A A)
T:9120

P:9120
T:9121

P:9121
T:9122

P:9122
T:9123

P:9123
T:9124

P:9124
T:9040

P:9040
T:9041

P:9041
T:9042

P:9042
T:9043

P:9043
T:9044

P:9044
T:9045

P:9045
T:9046

P:9046
T:9047

P:9047
T:9048

P:9048
T:9049

P:9049
T:9050

P:9050
T:9051

P:9051
T:9052

P:9052
T:9053

FAIL 9053 GOT:"X" EXP:T
T:9054

P:9054
T:9055

P:9055
T:9056

P:9056
T:9057

P:9057
  WARN: implicit global *READTABLE*
  Handler-stack helpers emitted (push/pop)
T:9520

P:9520
T:9521

P:9521
T:9522

P:9522
T:9524

P:9524
T:9526

FAIL 9526 GOT:NIL EXP:GOOD
T:9525

P:9525
T:9523

FAIL 9523 GOT:CRASHED EXP:GOOD
  Handler-stack helpers emitted (push/pop)
  WARN: implicit global *CATCH-ACTIVE*
  WARN: implicit global *CURRENT-CONDITION*
  Handler-stack helpers emitted (push/pop)
T:8440

P:8440
  Handler-stack helpers emitted (push/pop)
  WARN: implicit global *CATCH-ACTIVE*
  WARN: implicit global *CURRENT-CONDITION*
  Handler-stack helpers emitted (push/pop)
T:8441

P:8441
  Handler-stack helpers emitted (push/pop)
  WARN: implicit global *CATCH-ACTIVE*
  WARN: implicit global *CURRENT-CONDITION*
  Handler-stack helpers emitted (push/pop)
T:8442

P:8442
  WARN: implicit global *CURRENT-CONDITION*
  WARN: implicit global *CATCH-ACTIVE*
  WARN: implicit global *CATCH-TAG*
  WARN: implicit global *CATCH-VALUE*
  Handler-stack helpers emitted (push/pop)
  WARN: implicit global *CATCH-ACTIVE*
  WARN: implicit global *CURRENT-CONDITION*
  Handler-stack helpers emitted (push/pop)
T:8443

P:8443
  Handler-stack helpers emitted (push/pop)
T:8444

P:8444
  Handler-stack helpers emitted (push/pop)
T:8445

P:8445
  WARN: implicit global *CATCH-ACTIVE*
  WARN: implicit global *CURRENT-CONDITION*
  Handler-stack helpers emitted (push/pop)
  Handler-stack helpers emitted (push/pop)
T:8446

P:8446
  Handler-stack helpers emitted (push/pop)
T:8447

P:8447
  WARN: implicit global *CATCH-ACTIVE*
  WARN: implicit global *CURRENT-CONDITION*
  Handler-stack helpers emitted (push/pop)
T:8500

P:8500
  WARN: implicit global *CATCH-ACTIVE*
  WARN: implicit global *CURRENT-CONDITION*
  Handler-stack helpers emitted (push/pop)
T:8501

P:8501
  WARN: cannot compile #<?>, using nil
  WARN: cannot compile #<?>, using nil
  WARN: implicit global setq *CATCH-TAG*
  WARN: implicit global setq *CATCH-VALUE*
  WARN: implicit global setq *CATCH-ACTIVE*
  WARN: implicit global *CURRENT-CONDITION*
  Handler-stack helpers emitted (push/pop)
T:8502

P:8502
  WARN: implicit global *CATCH-ACTIVE*
  WARN: implicit global *CURRENT-CONDITION*
  Handler-stack helpers emitted (push/pop)
T:8503

P:8503
  WARN: implicit global *CATCH-ACTIVE*
  WARN: implicit global *CURRENT-CONDITION*
  Handler-stack helpers emitted (push/pop)
T:8504

P:8504
  Handler-stack helpers emitted (push/pop)
T:9539

P:9539
T:9160

P:9160
T:9161

P:9161
T:9162

P:9162
T:9163

P:9163
T:9164

P:9164
T:9165

P:9165
T:9166

P:9166
T:9167

P:9167
T:9168

P:9168
T:9169

P:9169
T:8880

P:8880
T:8881

P:8881
T:8882

P:8882
T:8883

P:8883
T:8884

P:8884
T:8887

P:8887
T:8820

P:8820
T:8821

P:8821
T:8822

P:8822
T:8823

P:8823
T:8824

P:8824
T:8260

P:8260
T:8261

P:8261
T:8262

P:8262
T:8263

P:8263
T:8264

P:8264
T:8265

P:8265
T:8266

P:8266
T:8267

P:8267
T:8270

P:8270
T:8271

P:8271
T:8272

P:8272
T:8273

P:8273
T:8275

P:8275
T:8200

P:8200
T:8201

P:8201
T:8202

P:8202
T:8203

P:8203
T:8204

P:8204
T:8205

P:8205
T:8206

P:8206
T:8207

P:8207
T:9180

P:9180
T:9181

P:9181
T:9182

P:9182
T:9183

P:9183
T:9184

P:9184
T:9185

P:9185
T:9186

P:9186
T:9187

P:9187
T:9188

P:9188
T:9189

P:9189
T:9190

P:9190
T:9191

P:9191
T:9192

P:9192
T:9193

P:9193
T:9194

P:9194
T:9195

P:9195
T:9196

P:9196
T:9197

P:9197
T:9198

P:9198
T:9199

P:9199
T:9200

P:9200
T:9201

P:9201
T:9202

P:9202
T:9203

P:9203
T:9204

P:9204
T:9205

P:9205
T:9206

P:9206
T:9207

P:9207
T:9208

P:9208
T:9209

P:9209
T:9210

FAIL 9210 GOT:(QUOTE X) EXP:(QUOTE X)
T:9211

FAIL 9211 GOT:BACKQUOTE EXP:QUASIQUOTE
T:9212

P:9212
T:9213

FAIL 9213 GOT:(A (B C) D) EXP:(A (B C) D)
T:9214

P:9214
T:9215

P:9215
T:9216

P:9216
T:9217

P:9217
  Handler-stack helpers emitted (push/pop)
T:9218

P:9218
T:9219

P:9219
T:9220

P:9220
T:9221

P:9221
T:9222

P:9222
T:9223

P:9223
T:9224

P:9224
T:9225

P:9225
T:9226

P:9226
T:9227

P:9227
T:9228

P:9228
T:9229

P:9229
T:9230

P:9230
T:9231

P:9231
T:9232

P:9232
T:9233

P:9233
T:9234

P:9234
T:9235

P:9235
T:9236

P:9236
T:9237

P:9237
T:9238

P:9238
T:9239

P:9239
T:9240

P:9240
T:9241

P:9241
T:9242

P:9242
T:9243

P:9243
T:9244

P:9244
T:9245

P:9245
T:9246

P:9246
T:9247

P:9247
T:9248

P:9248
T:9249

P:9249
T:9250

P:9250
T:9251

P:9251
T:9252

P:9252
T:9253

P:9253
T:9254

P:9254
T:9255

P:9255
T:9256

P:9256
T:9257

P:9257
T:9258

P:9258
T:9259

P:9259
T:9260

FAIL 9260 GOT:NIL EXP:GOOD
T:9261

FAIL 9261 GOT:NIL EXP:GOOD
T:9262

FAIL 9262 GOT:NIL EXP:1
T:9263

FAIL 9263 GOT:NIL EXP:2
T:9264

P:9264
  Handler-stack helpers emitted (push/pop)
T:9265

P:9265
T:9266

P:9266
T:9267

FAIL 9267 GOT:NIL EXP:(T aZ)
T:9268

FAIL 9268 GOT:NIL EXP:GOOD
T:9540

P:9540
T:9541

P:9541
T:9542

P:9542

T:9543

P:9543
T:9544

P:9544
T:9545

P:9545
T:9546

P:9546
T:9200

P:9200
T:9204

P:9204
T:9205

P:9205
T:9210

P:9210
T:9211

P:9211
T:9232

P:9232
T:9233

P:9233
T:9234

P:9234
T:9237

P:9237
T:9213

P:9213
T:9214

P:9214
T:9215

P:9215
T:9206

P:9206
T:9207

P:9207
T:9208

P:9208
T:9260

P:9260
T:9261

P:9261
T:9262

P:9262
T:9263

P:9263
T:9264

P:9264
T:9265

P:9265
T:9266

P:9266
T:9267

P:9267

P:5001

P:5002

P:5010

P:5011

P:5012

P:5013

P:5014

P:5020

P:5021

P:5022

P:5030

P:5031

P:5040

P:5041

P:5042

P:5050

P:5051

P:5060

P:5061

P:5062

P:5070

P:5071

P:5072

P:5080

P:5081

P:5090

P:5095

P:5100

P:5110

P:5120

P:5125

P:5130

P:5140

P:5141

P:5142

P:5143

P:5150

P:5151

P:5160

P:5170

P:5171

P:5180

P:5190

P:5200

P:5210

P:5220

P:5230

P:5231

P:5240

P:5241

P:5250

P:5260

P:5270

P:5271

P:5500

P:5501

P:5502

P:5510

P:5511

P:5512

P:5513

P:5514

P:5520

P:5521

P:5522

P:5523

P:5524

P:5525

P:5530

P:5531

P:5540

P:5541

P:5542

P:5550

P:5551

P:5560

P:5561

P:5570

P:5571

P:5572

P:5580

P:5581

P:5582

P:5583

P:5590

P:5591

P:5592

P:5593

P:5594

P:5595

P:5600

P:5601

P:5602

P:5603

P:5604

P:5605

P:5606

P:5607

P:5608

P:5609

P:56200

P:56201

P:56202

P:56203

P:56204

P:56250

P:56260

P:56261

P:56262

P:56263

P:56264

P:56265

P:56266
OPEN-OK;
P:56300
READ-OK;
P:56301
  Handler-stack helpers emitted (push/pop)
EVAL-LITERAL-OK;
P:56302
  Handler-stack helpers emitted (push/pop)
S4A-CALL;S4A-OK;
P:56303
READ-CAR=WRITE-STRING-SERIAL;  Handler-stack helpers emitted (push/pop)
PROBE-1-LOADED;S4B-OK;
P:56304
  Handler-stack helpers emitted (push/pop)
S5-EVAL-LIST=OK;
P:56305
  Handler-stack helpers emitted (push/pop)
S6-FORMAT=X=42;
P:56306
BEFORE-LOAD;  Handler-stack helpers emitted (push/pop)
AFTER-LOAD;BOUNDP=T;VAL=X=42;
P:56307
SUITE-WROTE;F1-OP=DEFVAR;  Handler-stack helpers emitted (push/pop)
F1-OK;F2-OP=DEFUN;  WARN: implicit global *PROBE-SUITE-ENTRIES*
  Handler-stack helpers emitted (push/pop)
F2-OK;F3-OP=DEFMACRO;  Handler-stack helpers emitted (push/pop)
  Handler-stack helpers emitted (push/pop)
F3-OK;F4-OP=PROBE-DEFTEST;  Handler-stack helpers emitted (push/pop)
F4-OK;F5-OP=PROBE-DEFTEST;  Handler-stack helpers emitted (push/pop)
F5-OK;ALL-FORMS-OK;ENTRIES-BOUND=T;
P:56308

P:56309

P:56310

P:56311

P:56312

P:56320

FAIL 56321

P:56322

P:56323

P:56324
CL-EXTERNAL-COUNT=978;
P:56330
FIND-CAR=EXTERNAL;
P:56331
DES-COUNT=978;
P:56332

P:56333

P:56334

P:56400

P:56401

P:56402

P:56403

P:56404

P:56405

P:56406

P:56407

P:56410

P:56411

P:56412
  Handler-stack helpers emitted (push/pop)

P:56413

P:56414

P:56415

P:56420

P:56421

P:56422

P:56423

P:56424

P:56430

FAIL 56431

P:56432

FAIL 56433

FAIL 56434

FAIL 56435

P:56440

P:56441

P:56442

P:56443

P:56444

P:56445

P:56446

P:56447

P:56450

P:56448

P:56449

P:56451

P:56460

P:56461

P:56462

P:56463

P:56464

P:56470

P:56471

P:56472

P:56473

P:56474

P:56475

P:56476

FAIL 56480

FAIL 56481

FAIL 56482

FAIL 56483

FAIL 56484

FILE-READ:(A B C)

FAIL 56485

FAIL 56486

FAIL 56487

FAIL 56488
  Handler-stack helpers emitted (push/pop)
  Handler-stack helpers emitted (push/pop)
  Handler-stack helpers emitted (push/pop)
  Handler-stack helpers emitted (push/pop)
  Handler-stack helpers emitted (push/pop)
  Handler-stack helpers emitted (push/pop)
  Handler-stack helpers emitted (push/pop)

P:56490

FAIL 56491

FAIL 56492

FAIL 56493

P:5610

P:5611

P:5615

P:5620

P:5621

P:5622

P:5623

P:5624

P:5630

P:5631

FAIL 5640

P:5690

P:5691

P:5692

P:5693

ANSI-TOTAL=17625
T:22626

P:22626
T:22627

P:22627
T:22628

P:22628
T:22629

P:22629
T:22630

P:22630
T:22631

P:22631
T:22632

P:22632
T:22633

P:22633
T:22634

P:22634
T:22635

P:22635
T:22636

P:22636
T:22637

P:22637
T:22638

P:22638
T:22639

P:22639
T:22640

P:22640
T:22641

P:22641
T:22642

P:22642
T:22643

P:22643
T:22644

P:22644
T:22645

P:22645
T:22646

P:22646
T:22647

P:22647
T:22648

P:22648
T:22649

P:22649
T:22650

P:22650
T:22651

P:22651
T:22652

P:22652
T:22653

P:22653
T:22654

P:22654
T:22655

P:22655
T:22656

P:22656
T:22657

P:22657
T:22658

P:22658
T:22659

P:22659
T:22660

P:22660
T:22661

P:22661
T:22662

P:22662
T:22663

P:22663
T:22664

P:22664
T:22665

P:22665
T:22666

P:22666
T:22667

P:22667
T:22668

P:22668
T:22669

P:22669
T:22670

P:22670
T:22671

P:22671
T:22672

P:22672
T:22673

P:22673
T:22674

P:22674
T:22675

P:22675
T:22676

P:22676
T:22677

P:22677
T:22678

P:22678
T:22679

P:22679
T:22680

P:22680
T:22681

P:22681
T:22682

P:22682
T:22683

P:22683
T:22684

P:22684
T:22685

P:22685
T:22686

P:22686
T:22687

P:22687
T:22688

P:22688
T:22689

P:22689
T:22690

P:22690
T:22691

P:22691
T:22692

P:22692
T:22693

P:22693
T:22694

P:22694
T:22695

P:22695
T:22696

P:22696
T:22697

P:22697
T:22698

P:22698
T:22699

P:22699
T:22700

P:22700
T:22701

P:22701
T:22702

P:22702
T:22703

P:22703
T:22704

P:22704
T:22705

P:22705
T:22706

P:22706
T:22707

P:22707
T:22708

P:22708
T:22709

P:22709
T:22710

P:22710
T:22711

P:22711
T:22712

P:22712
T:22713

P:22713
T:22714

P:22714
T:22715

P:22715
T:22716

P:22716
T:22717

P:22717
T:22718

P:22718
T:22719

P:22719
T:22720

P:22720
T:22721

P:22721
T:22722

P:22722
T:22723

P:22723
T:22724

P:22724
T:22725

P:22725
T:22726

P:22726
T:22727

P:22727
T:22728

P:22728
T:22729

P:22729
T:22730

P:22730
T:22731

P:22731
T:22732

P:22732
T:22733

P:22733
T:22734

P:22734
T:22735

P:22735
T:22736

P:22736
T:22737

P:22737
T:22738

P:22738
T:22739

P:22739
T:22740

P:22740
T:22741

P:22741
T:22742

P:22742
T:22743

P:22743
T:22744

P:22744
T:22745

P:22745
T:22746

P:22746
T:22747

P:22747
T:22748

P:22748
T:22749

P:22749
T:22750

P:22750
T:22751

P:22751
T:22752

P:22752
T:22753

P:22753
T:22754

P:22754
T:22755

P:22755
T:22756

P:22756
T:22757

P:22757
T:22758

P:22758
T:22759

P:22759
T:22760

P:22760
T:22761

P:22761
T:22762

P:22762
T:22763

P:22763
T:22764

P:22764
T:22765

P:22765
T:22766

P:22766
T:22767

P:22767
T:22768

P:22768
T:22769

P:22769
T:22770

P:22770
T:22771

P:22771
T:22772

P:22772
T:22773

P:22773
T:22774

P:22774
T:22775

P:22775
T:22776

P:22776
T:22777

P:22777
T:22778

P:22778
T:22779

P:22779
T:22780

P:22780
T:22781

P:22781
T:22782

P:22782
T:22783

P:22783
T:22784

P:22784
T:22785

P:22785
T:22786

P:22786
T:22787

P:22787
T:22788

P:22788
T:22789

P:22789
T:22790

P:22790
T:22791

P:22791
T:22792

P:22792
T:22793

P:22793
T:22794

P:22794
T:22795

P:22795
T:22796

P:22796
T:22797

P:22797
T:22798

P:22798
T:22799

P:22799
T:22800

P:22800
T:22801

P:22801
T:22802

P:22802
T:22803

P:22803
T:22804

P:22804
T:22805

P:22805
T:22806

P:22806
T:22807

P:22807
T:22808

P:22808
T:22809

P:22809
T:22810

P:22810
T:22811

P:22811
T:22812

P:22812
T:22813

P:22813
T:22814

P:22814
T:22815

P:22815
T:22816

P:22816
T:22817

P:22817
T:22818

P:22818
T:22819

P:22819
T:22820

P:22820
T:22821

P:22821
T:22822

P:22822
T:22823

P:22823
T:22824

P:22824
T:22825

P:22825
T:22826

P:22826
T:22827

P:22827
T:22828

P:22828
T:22829

P:22829
T:22830

P:22830
T:22831

P:22831
T:22832

P:22832
T:22833

P:22833
T:22834

P:22834
T:22835

P:22835
T:22836

P:22836
T:22837

P:22837
T:22838

P:22838
T:22839

P:22839
T:22840

P:22840
T:22841

P:22841
T:22842

P:22842
T:22843

P:22843
T:22844

P:22844
T:22845

P:22845
T:22846

P:22846
T:22847

P:22847
T:22848

P:22848
T:22849

P:22849
T:22850

P:22850
T:22851

P:22851
T:22852

P:22852
T:22853

P:22853
T:22854

P:22854
T:22855

P:22855
T:22856

P:22856
T:22857

P:22857
T:22858

P:22858
T:22859

P:22859
T:22860

P:22860
T:22861

P:22861
T:22862

P:22862
T:22863

P:22863
T:22864

P:22864
T:22865

P:22865
T:22866

P:22866
T:22867

P:22867
T:22868

P:22868
T:22869

P:22869
T:22870

P:22870
T:22871

P:22871
T:22872

P:22872
T:22873

P:22873
T:22874

P:22874
T:22875

P:22875
T:22876

P:22876
T:22877

P:22877
T:22878

P:22878
T:22879

P:22879
T:22880

P:22880
T:22881

P:22881
T:22882

P:22882
T:22883

P:22883
T:22884

P:22884
T:22885

P:22885
T:22886

P:22886
T:22887

P:22887
T:22888

P:22888
T:22889

P:22889
T:22890

P:22890
T:22891

P:22891
T:22892

P:22892
T:22893

P:22893
T:22894

P:22894
T:22895

P:22895
T:22896

P:22896
T:22897

P:22897
T:22898

P:22898
T:22899

P:22899
T:22900

P:22900
T:22901

P:22901
T:22902

P:22902
T:22903

P:22903
T:22904

P:22904
T:22905

P:22905
T:22906

P:22906
T:22907

P:22907
T:22908

P:22908
T:22909

P:22909
T:22910

P:22910
T:22911

P:22911
T:22912

P:22912
T:22913

P:22913
T:22914

P:22914
T:22915

P:22915
T:22916

P:22916
T:22917

P:22917
T:22918

P:22918
T:22919

P:22919
T:22920

P:22920
T:22921

P:22921
T:22922

P:22922
T:22923

P:22923
T:22924

P:22924
T:22925

P:22925
T:22926

P:22926
T:22927

P:22927
T:22928

P:22928
T:22929

P:22929
T:22930

P:22930
T:22931

P:22931
T:22932

P:22932
T:22933

P:22933
T:22934

P:22934
T:22935

P:22935
T:22936

P:22936
T:22937

P:22937
T:22938

P:22938
T:22939

P:22939
T:22940

P:22940
T:22941

P:22941
T:22942

P:22942
T:22943

P:22943
T:22944

P:22944
T:22945

P:22945
T:22946

P:22946
T:22947

P:22947
T:22948

P:22948
T:22949

P:22949
T:22950

P:22950
T:22951

P:22951
T:22952

P:22952
T:22953

P:22953
T:22954

P:22954
T:22955

P:22955
T:22956

P:22956
T:22957

P:22957
T:22958

P:22958
T:22959

P:22959
T:22960

P:22960
T:22961

P:22961
T:22962

P:22962
T:22963

P:22963
T:22964

P:22964
T:22965

P:22965
T:22966

P:22966
T:22967

P:22967
T:22968

P:22968
T:22969

P:22969
T:22970

P:22970
T:22971

P:22971
T:22972

P:22972
T:22973

P:22973
T:22974

P:22974
T:22975

P:22975
T:22976

P:22976
T:22977

P:22977
T:22978

P:22978
T:22979

P:22979
T:22980

P:22980
T:22981

P:22981
T:22982

P:22982
T:22983

P:22983
T:22984

P:22984
T:22985

P:22985
T:22986

P:22986
T:22987

P:22987
T:22988

P:22988
T:22989

P:22989
T:22990

P:22990
T:22991

P:22991
T:22992

P:22992
T:22993

P:22993
T:22994

P:22994
T:22995

P:22995
T:22996

P:22996
T:22997

P:22997
T:22998

P:22998
T:22999

P:22999
T:23000

P:23000
T:23001

P:23001
T:23002

P:23002
T:23003

P:23003
T:23004

P:23004
T:23005

P:23005
T:23006

P:23006
T:23007

P:23007
T:23008

P:23008
T:23009

P:23009
T:23010

P:23010
T:23011

P:23011
T:23012

P:23012
T:23013

P:23013
T:23014

P:23014
T:23015

P:23015
T:23016

P:23016
T:23017

P:23017
T:23018

P:23018
T:23019

P:23019
T:23020

P:23020
T:23021

P:23021
T:23022

P:23022
T:23023

P:23023
T:23024

P:23024
T:23025

P:23025
T:23026

P:23026
T:23027

P:23027
T:23028

P:23028
T:23029

P:23029
T:23030

P:23030
T:23031

P:23031
T:23032

P:23032
T:23033

P:23033
T:23034

P:23034
T:23035

P:23035
T:23036

P:23036
T:23037

P:23037
T:23038

P:23038
T:23039

P:23039
T:23040

P:23040
T:23041

P:23041
T:23042

P:23042
T:23043

P:23043
T:23044

P:23044
T:23045

P:23045
T:23046

P:23046
T:23047

P:23047
T:23048

P:23048
T:23049

P:23049
T:23050

P:23050
T:23051

P:23051
T:23052

P:23052
T:23053

P:23053
T:23054

P:23054
T:23055

P:23055
T:23056

P:23056
T:23057

P:23057
T:23058

P:23058
T:23059

P:23059
T:23060

P:23060
T:23061

P:23061
T:23062

P:23062
T:23063

P:23063
T:23064

P:23064
T:23065

P:23065
T:23066

P:23066
T:23067

P:23067
T:23068

P:23068
T:23069

P:23069
T:23070

P:23070
T:23071

P:23071
T:23072

P:23072
T:23073

P:23073
T:23074

P:23074
T:23075

P:23075
T:23076

P:23076
T:23077

P:23077
T:23078

P:23078
T:23079

P:23079
T:23080

P:23080
T:23081

P:23081
T:23082

P:23082
T:23083

P:23083
T:23084

P:23084
T:23085

P:23085
T:23086

P:23086
T:23087

P:23087
T:23088

P:23088
T:23089

P:23089
T:23090

P:23090
T:23091

P:23091
T:23092

P:23092
T:23093

P:23093
T:23094

P:23094
T:23095

P:23095
T:23096

P:23096
T:23097

P:23097
T:23098

P:23098
T:23099

P:23099
T:23100

P:23100
T:23101

P:23101
T:23102

P:23102
T:23103

P:23103
T:23104

P:23104
T:23105

P:23105
T:23106

P:23106
T:23107

P:23107
T:23108

P:23108
T:23109

P:23109
T:23110

P:23110
T:23111

P:23111
T:23112

P:23112
T:23113

P:23113
T:23114

P:23114
T:23115

P:23115
T:23116

P:23116
T:23117

P:23117
T:23118

P:23118
T:23119

P:23119
T:23120

P:23120
T:23121

P:23121
T:23122

P:23122
T:23123

P:23123
T:23124

P:23124
T:23125

P:23125
T:23126

P:23126
T:23127

P:23127
T:23128

P:23128
T:23129

P:23129
T:23130

P:23130
T:23131

P:23131
T:23132

P:23132
T:23133

P:23133
T:23134

P:23134
T:23135

P:23135
T:23136

P:23136
T:23137

P:23137
T:23138

P:23138
T:23139

P:23139
T:23140

P:23140
T:23141

P:23141
T:23142

P:23142
T:23143

P:23143
T:23144

P:23144
T:23145

P:23145
T:23146

P:23146
T:23147

P:23147
T:23148

P:23148
T:23149

P:23149
T:23150

P:23150
T:23151

P:23151
T:23152

P:23152
T:23153

P:23153
T:23154

P:23154
T:23155

P:23155
T:23156

P:23156
T:23157

P:23157
T:23158

P:23158
  Handler-stack helpers emitted (push/pop)
  Handler-stack helpers emitted (push/pop)
  Handler-stack helpers emitted (push/pop)
  Handler-stack helpers emitted (push/pop)
  Handler-stack helpers emitted (push/pop)
  Handler-stack helpers emitted (push/pop)
  Handler-stack helpers emitted (push/pop)
  Handler-stack helpers emitted (push/pop)
  Handler-stack helpers emitted (push/pop)
  Handler-stack helpers emitted (push/pop)
  Handler-stack helpers emitted (push/pop)
  Handler-stack helpers emitted (push/pop)
  Handler-stack helpers emitted (push/pop)
  Handler-stack helpers emitted (push/pop)
  Handler-stack helpers emitted (push/pop)
  Handler-stack helpers emitted (push/pop)
  Handler-stack helpers emitted (push/pop)
  Handler-stack helpers emitted (push/pop)
T:23159

P:23159
T:23160

P:23160
  Handler-stack helpers emitted (push/pop)
  Handler-stack helpers emitted (push/pop)
  Handler-stack helpers emitted (push/pop)
  Handler-stack helpers emitted (push/pop)
  Handler-stack helpers emitted (push/pop)
  Handler-stack helpers emitted (push/pop)
  Handler-stack helpers emitted (push/pop)
  Handler-stack helpers emitted (push/pop)
  Handler-stack helpers emitted (push/pop)
  Handler-stack helpers emitted (push/pop)
  Handler-stack helpers emitted (push/pop)
  Handler-stack helpers emitted (push/pop)
  Handler-stack helpers emitted (push/pop)
  Handler-stack helpers emitted (push/pop)
  Handler-stack helpers emitted (push/pop)
  Handler-stack helpers emitted (push/pop)
  Handler-stack helpers emitted (push/pop)
  Handler-stack helpers emitted (push/pop)
T:23161

P:23161
T:23162

P:23162
  Handler-stack helpers emitted (push/pop)
  Handler-stack helpers emitted (push/pop)
  Handler-stack helpers emitted (push/pop)
  Handler-stack helpers emitted (push/pop)
  Handler-stack helpers emitted (push/pop)
  Handler-stack helpers emitted (push/pop)
  Handler-stack helpers emitted (push/pop)
  Handler-stack helpers emitted (push/pop)
  Handler-stack helpers emitted (push/pop)
  Handler-stack helpers emitted (push/pop)
  Handler-stack helpers emitted (push/pop)
  Handler-stack helpers emitted (push/pop)
  Handler-stack helpers emitted (push/pop)
  Handler-stack helpers emitted (push/pop)
  Handler-stack helpers emitted (push/pop)
  Handler-stack helpers emitted (push/pop)
  Handler-stack helpers emitted (push/pop)
  Handler-stack helpers emitted (push/pop)
  Handler-stack helpers emitted (push/pop)
T:23163

P:23163
T:23164

P:23164
T:23165

P:23165
T:23166

P:23166
T:23167

P:23167
T:23168

P:23168
T:23169

P:23169
  Handler-stack helpers emitted (push/pop)
  Handler-stack helpers emitted (push/pop)
  Handler-stack helpers emitted (push/pop)
  Handler-stack helpers emitted (push/pop)
  Handler-stack helpers emitted (push/pop)
  Handler-stack helpers emitted (push/pop)
  Handler-stack helpers emitted (push/pop)
  Handler-stack helpers emitted (push/pop)
  Handler-stack helpers emitted (push/pop)
  Handler-stack helpers emitted (push/pop)
  Handler-stack helpers emitted (push/pop)
  Handler-stack helpers emitted (push/pop)
  Handler-stack helpers emitted (push/pop)
  Handler-stack helpers emitted (push/pop)
  Handler-stack helpers emitted (push/pop)
  Handler-stack helpers emitted (push/pop)
  Handler-stack helpers emitted (push/pop)
  Handler-stack helpers emitted (push/pop)
  Handler-stack helpers emitted (push/pop)
T:23170

P:23170
T:23171

P:23171
T:23172

P:23172
T:23173

P:23173
T:23174

P:23174
T:23175

P:23175
T:23176

P:23176
T:23177

P:23177
T:23178

P:23178
T:23179

P:23179
T:23180

P:23180
T:23181

P:23181
T:23182

P:23182
T:23183

P:23183
T:23184

P:23184
T:23185

P:23185
T:23186

P:23186
T:23187

P:23187
T:23188

P:23188
T:23189

P:23189
T:23190

P:23190
T:23191

P:23191
T:23192

P:23192
T:23193

P:23193
T:23194

P:23194
T:23195

P:23195
T:23196

P:23196
T:23197

P:23197
T:23198

P:23198
T:23199

P:23199
T:23200

P:23200
T:23201

FAIL 23201 GOT:((1.000000 "1.0" "1.0d0" "1.0") (1.000000 "1.0" "1.0d0" "1.0") (1.000000 "1.0" "1.0d0" "1.0") (1.000000 "1.0" "1.0d0" "1.0") (1.000000 "1.0" "1.0d0" "1.0") (1.000000 "1.0" "1.0d0" "1.0") (1.000000 "1.0" "1.0d0" "1.0") (1.000000 "1.0" "1.0d0" "1.0") (1.000000 "1.0" "1.0d0" "1.0") (1.000000 "1.0" "1.0d0" "1.0") (1.000000 "1.0" "1.0d0" "1.0") (1.000000 "1.0" "1.0d0" "1.0") (1.000000 "1.0" "1.0d0" "1.0") (1.000000 "1.0" "1.0d0" "1.0") (1.000000 "1.0" "1.0d0" "1.0") (1.000000 "1.0" "1.0d0" "1.0") (1.000000 "1.0" "1.0d0" "1.0") (1.000000 "1.0" "1.0d0" "1.0") (1.000000 "1.0" "1.0d0" "1.0") (1.000000 "1.0" "1.0d0" "1.0") (1.000000 "1.0" "1.0d0" "1.0") (1.000000 "1.0" "1.0d0" "1.0") (... ...) ...) EXP:NIL
T:23202

FAIL 23202 GOT:((-1.000000 "-1.0" "-1.0d0" "-1.0") (-1.000000 "-1.0" "-1.0d0" "-1.0") (-1.000000 "-1.0" "-1.0d0" "-1.0") (-1.000000 "-1.0" "-1.0d0" "-1.0") (-1.000000 "-1.0" "-1.0d0" "-1.0") (-1.000000 "-1.0" "-1.0d0" "-1.0") (-1.000000 "-1.0" "-1.0d0" "-1.0") (-1.000000 "-1.0" "-1.0d0" "-1.0") (-1.000000 "-1.0" "-1.0d0" "-1.0") (-1.000000 "-1.0" "-1.0d0" "-1.0") (-1.000000 "-1.0" "-1.0d0" "-1.0") (-1.000000 "-1.0" "-1.0d0" "-1.0") (-1.000000 "-1.0" "-1.0d0" "-1.0") (-1.000000 "-1.0" "-1.0d0" "-1.0") (-1.000000 "-1.0" "-1.0d0" "-1.0") (-1.000000 "-1.0" "-1.0d0" "-1.0") (-1.000000 "-1.0" "-1.0d0" "-1.0") (-1.000000 "-1.0" "-1.0d0" "-1.0") (-1.000000 "-1.0" "-1.0d0" "-1.0") (-1.000000 "-1.0" "-1.0d0" "-1.0") (-1.000000 "-1.0" "-1.0d0" "-1.0") (-1.000000 "-1.0" "-1.0d0" "-1.0") (... ...) ...) EXP:NIL
T:23203

P:23203
T:23204

P:23204
T:23205

P:23205
T:23206

P:23206
T:23207

P:23207
T:23208

P:23208
T:23209

P:23209
T:23210

P:23210
T:23211

P:23211
T:23212

P:23212
T:23213

P:23213
T:23214

P:23214
T:23215

P:23215
T:23216

P:23216
T:23217

P:23217
T:23218

P:23218
T:23219

P:23219
T:23220

P:23220
T:23221

P:23221
T:23222

P:23222
T:23223

P:23223
T:23224

P:23224
T:23225

P:23225
T:23226

P:23226
T:23227

P:23227
T:23228

P:23228
T:23229

P:23229
T:23230

P:23230
T:23231

P:23231
T:23232

P:23232
T:23233

P:23233
T:23234

P:23234
T:23235

P:23235
  WARN: implicit global *CATCH-ACTIVE*
  WARN: implicit global *CURRENT-CONDITION*

FAIL 23236 RIP/4=31725799825145 SITE/4=31726266265618 RAX/4=31725799825145 SI/4=31725799825145 UCTX/4=35181392344320
T:23237

P:23237
T:23238

P:23238
T:23239

P:23239
T:23240

P:23240
T:23241

P:23241
T:23242

P:23242
T:23243

P:23243
T:23244

P:23244
T:23245

P:23245
T:23246

P:23246
T:23247

P:23247
T:23248

P:23248
T:23249

FAIL 23249 GOT:"." EXP:"0."
T:23250

FAIL 23250 GOT:"." EXP:"0."
T:23251

P:23251
T:23252

P:23252
T:23253

P:23253
T:23254

P:23254
T:23255

P:23255
T:23256

P:23256
T:23257

P:23257
T:23258

P:23258
T:23259

P:23259
T:23260

P:23260
T:23261

P:23261
T:23262

P:23262
T:23263

P:23263
T:23264

P:23264
T:23265

P:23265
T:23266

P:23266
T:23267

P:23267
T:23268

P:23268
T:23269

P:23269
T:23270

P:23270
T:23271

P:23271
T:23272

P:23272
T:23273

P:23273
T:23274

P:23274
T:23275

P:23275
T:23276

P:23276
T:23277

P:23277
T:23278

P:23278
T:23279

P:23279
T:23280

P:23280
T:23281

P:23281
T:23282

P:23282
T:23283

P:23283
T:23284

P:23284
T:23285

P:23285
T:23286

P:23286
T:23287

P:23287
T:23288

P:23288
T:23289

P:23289
T:23290

P:23290
T:23291

P:23291
T:23292

P:23292
T:23293

P:23293
T:23294

P:23294
T:23295

P:23295
T:23296

P:23296

1056/1082 DONE
